Archive member included to satisfy reference by file (symbol)

C:\Users\aplaf\Desktop\ets\ELE795\PROJET~1\FIRMWA~1\FIRMWA~1\ARDUIN~1\Debug\libArduinoCore.a(HardwareSerial.o)
                              main.o (_ZN14HardwareSerial5beginEmh)
C:\Users\aplaf\Desktop\ets\ELE795\PROJET~1\FIRMWA~1\FIRMWA~1\ARDUIN~1\Debug\libArduinoCore.a(HardwareSerial0.o)
                              main.o (Serial)
C:\Users\aplaf\Desktop\ets\ELE795\PROJET~1\FIRMWA~1\FIRMWA~1\ARDUIN~1\Debug\libArduinoCore.a(Print.o)
                              C:\Users\aplaf\Desktop\ets\ELE795\PROJET~1\FIRMWA~1\FIRMWA~1\ARDUIN~1\Debug\libArduinoCore.a(HardwareSerial.o) (_ZN5Print5writeEPKhj)
C:\Users\aplaf\Desktop\ets\ELE795\PROJET~1\FIRMWA~1\FIRMWA~1\ARDUIN~1\Debug\libArduinoCore.a(wiring.o)
                              main.o (delay)
C:\Users\aplaf\Desktop\ets\ELE795\PROJET~1\FIRMWA~1\FIRMWA~1\ARDUIN~1\Debug\libArduinoCore.a(wiring_digital.o)
                              main.o (digitalWrite)
C:\Users\aplaf\Desktop\ets\ELE795\PROJET~1\FIRMWA~1\FIRMWA~1\ARDUIN~1\Debug\libArduinoCore.a(DS3231.o)
                              main.o (_Z19DS3231_get_datetimev)
C:\Users\aplaf\Desktop\ets\ELE795\PROJET~1\FIRMWA~1\FIRMWA~1\ARDUIN~1\Debug\libArduinoCore.a(Wire.o)
                              C:\Users\aplaf\Desktop\ets\ELE795\PROJET~1\FIRMWA~1\FIRMWA~1\ARDUIN~1\Debug\libArduinoCore.a(DS3231.o) (_ZN7TwoWire4readEv)
C:\Users\aplaf\Desktop\ets\ELE795\PROJET~1\FIRMWA~1\FIRMWA~1\ARDUIN~1\Debug\libArduinoCore.a(modules.o)
                              main.o (_Z12init_modulesv)
C:\Users\aplaf\Desktop\ets\ELE795\PROJET~1\FIRMWA~1\FIRMWA~1\ARDUIN~1\Debug\libArduinoCore.a(sleep.o)
                              main.o (wake_flag)
C:\Users\aplaf\Desktop\ets\ELE795\PROJET~1\FIRMWA~1\FIRMWA~1\ARDUIN~1\Debug\libArduinoCore.a(status.o)
                              main.o (_Z12signal_errori)
C:\Users\aplaf\Desktop\ets\ELE795\PROJET~1\FIRMWA~1\FIRMWA~1\ARDUIN~1\Debug\libArduinoCore.a(memory.o)
                              main.o (_Z10save_framePcPhh)
C:\Users\aplaf\Desktop\ets\ELE795\PROJET~1\FIRMWA~1\FIRMWA~1\ARDUIN~1\Debug\libArduinoCore.a(rtc.o)
                              main.o (_Z8rtc_initv)
C:\Users\aplaf\Desktop\ets\ELE795\PROJET~1\FIRMWA~1\FIRMWA~1\ARDUIN~1\Debug\libArduinoCore.a(Adafruit_AS726x.o)
                              C:\Users\aplaf\Desktop\ets\ELE795\PROJET~1\FIRMWA~1\FIRMWA~1\ARDUIN~1\Debug\libArduinoCore.a(modules.o) (_ZN15Adafruit_AS726xD1Ev)
C:\Users\aplaf\Desktop\ets\ELE795\PROJET~1\FIRMWA~1\FIRMWA~1\ARDUIN~1\Debug\libArduinoCore.a(ClosedCube_HDC1080.o)
                              C:\Users\aplaf\Desktop\ets\ELE795\PROJET~1\FIRMWA~1\FIRMWA~1\ARDUIN~1\Debug\libArduinoCore.a(modules.o) (_ZN18ClosedCube_HDC1080C1Ev)
C:\Users\aplaf\Desktop\ets\ELE795\PROJET~1\FIRMWA~1\FIRMWA~1\ARDUIN~1\Debug\libArduinoCore.a(abi.o)
                              C:\Users\aplaf\Desktop\ets\ELE795\PROJET~1\FIRMWA~1\FIRMWA~1\ARDUIN~1\Debug\libArduinoCore.a(Print.o) (__cxa_pure_virtual)
C:\Users\aplaf\Desktop\ets\ELE795\PROJET~1\FIRMWA~1\FIRMWA~1\ARDUIN~1\Debug\libArduinoCore.a(hooks.o)
                              C:\Users\aplaf\Desktop\ets\ELE795\PROJET~1\FIRMWA~1\FIRMWA~1\ARDUIN~1\Debug\libArduinoCore.a(wiring.o) (yield)
C:\Users\aplaf\Desktop\ets\ELE795\PROJET~1\FIRMWA~1\FIRMWA~1\ARDUIN~1\Debug\libArduinoCore.a(new.o)
                              C:\Users\aplaf\Desktop\ets\ELE795\PROJET~1\FIRMWA~1\FIRMWA~1\ARDUIN~1\Debug\libArduinoCore.a(Adafruit_AS726x.o) (_Znwj)
C:\Users\aplaf\Desktop\ets\ELE795\PROJET~1\FIRMWA~1\FIRMWA~1\ARDUIN~1\Debug\libArduinoCore.a(Stream.o)
                              C:\Users\aplaf\Desktop\ets\ELE795\PROJET~1\FIRMWA~1\FIRMWA~1\ARDUIN~1\Debug\libArduinoCore.a(ClosedCube_HDC1080.o) (_ZN6Stream9readBytesEPcj)
C:\Users\aplaf\Desktop\ets\ELE795\PROJET~1\FIRMWA~1\FIRMWA~1\ARDUIN~1\Debug\libArduinoCore.a(WInterrupts.o)
                              C:\Users\aplaf\Desktop\ets\ELE795\PROJET~1\FIRMWA~1\FIRMWA~1\ARDUIN~1\Debug\libArduinoCore.a(sleep.o) (attachInterrupt)
C:\Users\aplaf\Desktop\ets\ELE795\PROJET~1\FIRMWA~1\FIRMWA~1\ARDUIN~1\Debug\libArduinoCore.a(WString.o)
                              C:\Users\aplaf\Desktop\ets\ELE795\PROJET~1\FIRMWA~1\FIRMWA~1\ARDUIN~1\Debug\libArduinoCore.a(Stream.o) (_ZN6StringC1EPKc)
C:\Users\aplaf\Desktop\ets\ELE795\PROJET~1\FIRMWA~1\FIRMWA~1\ARDUIN~1\Debug\libArduinoCore.a(Adafruit_I2CDevice.o)
                              C:\Users\aplaf\Desktop\ets\ELE795\PROJET~1\FIRMWA~1\FIRMWA~1\ARDUIN~1\Debug\libArduinoCore.a(Adafruit_AS726x.o) (_ZN18Adafruit_I2CDeviceC1EhP7TwoWire)
C:\Users\aplaf\Desktop\ets\ELE795\PROJET~1\FIRMWA~1\FIRMWA~1\ARDUIN~1\Debug\libArduinoCore.a(twi.o)
                              C:\Users\aplaf\Desktop\ets\ELE795\PROJET~1\FIRMWA~1\FIRMWA~1\ARDUIN~1\Debug\libArduinoCore.a(Wire.o) (twi_init)
c:/program files (x86)/atmel/studio/7.0/toolchain/avr8/avr8-gnu-toolchain/bin/../lib/gcc/avr/5.4.0/../../../../avr/lib/avr5\libm.a(addsf3.o)
[...]
Memory Configuration

Name             Origin             Length             Attributes
text             0x00000000         0x00008000         xr
data             0x00800100         0x00000800         rw !x
eeprom           0x00810000         0x00000400         rw !x
fuse             0x00820000         0x00000003         rw !x
lock             0x00830000         0x00000400         rw !x
signature        0x00840000         0x00000400         rw !x
user_signatures  0x00850000         0x00000400         rw !x
*default*        0x00000000         0xffffffff

Linker script and memory map

Address of section .data set to 0x800100
LOAD C:/Program Files (x86)/Atmel/Studio/7.0/Packs/atmel/ATmega_DFP/1.6.364/gcc/dev/atmega328p/avr5/crtatmega328p.o
LOAD main.o
START GROUP
LOAD c:/program files (x86)/atmel/studio/7.0/toolchain/avr8/avr8-gnu-toolchain/bin/../lib/gcc/avr/5.4.0/../../../../avr/lib/avr5\libm.a
LOAD C:\Users\aplaf\Desktop\ets\ELE795\PROJET~1\FIRMWA~1\FIRMWA~1\ARDUIN~1\Debug\libArduinoCore.a
END GROUP
LOAD c:/program files (x86)/atmel/studio/7.0/toolchain/avr8/avr8-gnu-toolchain/bin/../lib/gcc/avr/5.4.0/avr5\libgcc.a
LOAD c:/program files (x86)/atmel/studio/7.0/toolchain/avr8/avr8-gnu-toolchain/bin/../lib/gcc/avr/5.4.0/../../../../avr/lib/avr5\libm.a
START GROUP
LOAD c:/program files (x86)/atmel/studio/7.0/toolchain/avr8/avr8-gnu-toolchain/bin/../lib/gcc/avr/5.4.0/avr5\libgcc.a
LOAD c:/program files (x86)/atmel/studio/7.0/toolchain/avr8/avr8-gnu-toolchain/bin/../lib/gcc/avr/5.4.0/../../../../avr/lib/avr5\libm.a
LOAD c:/program files (x86)/atmel/studio/7.0/toolchain/avr8/avr8-gnu-toolchain/bin/../lib/gcc/avr/5.4.0/../../../../avr/lib/avr5\libc.a
LOAD C:/Program Files (x86)/Atmel/Studio/7.0/Packs/atmel/ATmega_DFP/1.6.364/gcc/dev/atmega328p/avr5\libatmega328p.a
END GROUP
                0x00000000                __TEXT_REGION_ORIGIN__ = DEFINED (__TEXT_REGION_ORIGIN__)?__TEXT_REGION_ORIGIN__:0x0
                [0x00800100]                __DATA_REGION_ORIGIN__ = DEFINED (__DATA_REGION_ORIGIN__)?__DATA_REGION_ORIGIN__:0x800060
                [0x00008000]                __TEXT_REGION_LENGTH__ = DEFINED (__TEXT_REGION_LENGTH__)?__TEXT_REGION_LENGTH__:0x20000
                [0x00000800]                __DATA_REGION_LENGTH__ = DEFINED (__DATA_REGION_LENGTH__)?__DATA_REGION_LENGTH__:0xffa0
                [0x00000400]                __EEPROM_REGION_LENGTH__ = DEFINED (__EEPROM_REGION_LENGTH__)?__EEPROM_REGION_LENGTH__:0x10000
                [0x00000003]                __FUSE_REGION_LENGTH__ = DEFINED (__FUSE_REGION_LENGTH__)?__FUSE_REGION_LENGTH__:0x400
                0x00000400                __LOCK_REGION_LENGTH__ = DEFINED (__LOCK_REGION_LENGTH__)?__LOCK_REGION_LENGTH__:0x400
                0x00000400                __SIGNATURE_REGION_LENGTH__ = DEFINED (__SIGNATURE_REGION_LENGTH__)?__SIGNATURE_REGION_LENGTH__:0x400
                0x00000400                __USER_SIGNATURE_REGION_LENGTH__ = DEFINED (__USER_SIGNATURE_REGION_LENGTH__)?__USER_SIGNATURE_REGION_LENGTH__:0x400

.hash
 *(.hash)

.dynsym
 *(.dynsym)

.dynstr
 *(.dynstr)

.gnu.version
 *(.gnu.version)

.gnu.version_d
 *(.gnu.version_d)

.gnu.version_r
 *(.gnu.version_r)

.rel.init
 *(.rel.init)

.rela.init
 *(.rela.init)

.rel.text
 *(.rel.text)
 *(.rel.text.*)
 *(.rel.gnu.linkonce.t*)

.rela.text
 *(.rela.text)
 *(.rela.text.*)
 *(.rela.gnu.linkonce.t*)

.rel.fini
 *(.rel.fini)

.rela.fini
 *(.rela.fini)

.rel.rodata
 *(.rel.rodata)
 *(.rel.rodata.*)
 *(.rel.gnu.linkonce.r*)

.rela.rodata
 *(.rela.rodata)
 *(.rela.rodata.*)
 *(.rela.gnu.linkonce.r*)

.rel.data
 *(.rel.data)
 *(.rel.data.*)
 *(.rel.gnu.linkonce.d*)

.rela.data
 *(.rela.data)
 *(.rela.data.*)
 *(.rela.gnu.linkonce.d*)

.rel.ctors
 *(.rel.ctors)

.rela.ctors
 *(.rela.ctors)

.rel.dtors
 *(.rel.dtors)

.rela.dtors
 *(.rela.dtors)

.rel.got
 *(.rel.got)

.rela.got
 *(.rela.got)

.rel.bss
 *(.rel.bss)

.rela.bss
 *(.rela.bss)

.rel.plt
 *(.rel.plt)

.rela.plt
 *(.rela.plt)

.text           0x00000000     0x3736
 *(.vectors)
 .vectors       0x00000000       0x68 C:/Program Files (x86)/Atmel/Studio/7.0/Packs/atmel/ATmega_DFP/1.6.364/gcc/dev/atmega328p/avr5/crtatmega328p.o
                0x00000000                __vector_default
                0x00000000                __vectors
 *(.vectors)
 *(.progmem.gcc*)
                0x00000068                . = ALIGN (0x2)
                0x00000068                __trampolines_start = .
 *(.trampolines)
 .trampolines   0x00000068        0x0 linker stubs
 *(.trampolines*)
                0x00000068                __trampolines_end = .
 *libprintf_flt.a:*(.progmem.data)
 *libc.a:*(.progmem.data)
 *(.progmem*)
 .progmem.data.digital_pin_to_timer_PGM
                0x00000068       0x14 C:\Users\aplaf\Desktop\ets\ELE795\PROJET~1\FIRMWA~1\FIRMWA~1\ARDUIN~1\Debug\libArduinoCore.a(wiring_digital.o)
                0x00000068                digital_pin_to_timer_PGM
 .progmem.data.digital_pin_to_bit_mask_PGM
                0x0000007c       0x14 C:\Users\aplaf\Desktop\ets\ELE795\PROJET~1\FIRMWA~1\FIRMWA~1\ARDUIN~1\Debug\libArduinoCore.a(wiring_digital.o)
                0x0000007c                digital_pin_to_bit_mask_PGM
 .progmem.data.digital_pin_to_port_PGM
                0x00000090       0x14 C:\Users\aplaf\Desktop\ets\ELE795\PROJET~1\FIRMWA~1\FIRMWA~1\ARDUIN~1\Debug\libArduinoCore.a(wiring_digital.o)
                0x00000090                digital_pin_to_port_PGM
 .progmem.data.port_to_output_PGM
                0x000000a4        0xa C:\Users\aplaf\Desktop\ets\ELE795\PROJET~1\FIRMWA~1\FIRMWA~1\ARDUIN~1\Debug\libArduinoCore.a(wiring_digital.o)
                0x000000a4                port_to_output_PGM
 .progmem.data.port_to_mode_PGM
                0x000000ae        0xa C:\Users\aplaf\Desktop\ets\ELE795\PROJET~1\FIRMWA~1\FIRMWA~1\ARDUIN~1\Debug\libArduinoCore.a(wiring_digital.o)
                0x000000ae                port_to_mode_PGM
                0x000000b8                . = ALIGN (0x2)
 *(.jumptables)
 *(.jumptables*)
 *(.lowtext)
 *(.lowtext*)
                0x000000b8                __ctors_start = .
 *(.ctors)
 .ctors         0x000000b8        0x2 C:\Users\aplaf\Desktop\ets\ELE795\PROJET~1\FIRMWA~1\FIRMWA~1\ARDUIN~1\Debug\libArduinoCore.a(HardwareSerial0.o)
 .ctors         0x000000ba        0x2 C:\Users\aplaf\Desktop\ets\ELE795\PROJET~1\FIRMWA~1\FIRMWA~1\ARDUIN~1\Debug\libArduinoCore.a(Wire.o)
 .ctors         0x000000bc        0x2 C:\Users\aplaf\Desktop\ets\ELE795\PROJET~1\FIRMWA~1\FIRMWA~1\ARDUIN~1\Debug\libArduinoCore.a(modules.o)
                0x000000be                __ctors_end = .
                0x000000be                __dtors_start = .
 *(.dtors)
 .dtors         0x000000be        0x2 C:\Users\aplaf\Desktop\ets\ELE795\PROJET~1\FIRMWA~1\FIRMWA~1\ARDUIN~1\Debug\libArduinoCore.a(modules.o)
                0x000000c0                __dtors_end = .
 SORT(*)(.ctors)
 SORT(*)(.dtors)
 *(.init0)
 .init0         0x000000c0        0x0 C:/Program Files (x86)/Atmel/Studio/7.0/Packs/atmel/ATmega_DFP/1.6.364/gcc/dev/atmega328p/avr5/crtatmega328p.o
                0x000000c0                __init
 *(.init0)
 *(.init1)
 *(.init1)
 *(.init2)
 .init2         0x000000c0        0xc C:/Program Files (x86)/Atmel/Studio/7.0/Packs/atmel/ATmega_DFP/1.6.364/gcc/dev/atmega328p/avr5/crtatmega328p.o
 *(.init2)
 *(.init3)
 *(.init3)
 *(.init4)
 .init4         0x000000cc       0x16 c:/program files (x86)/atmel/studio/7.0/toolchain/avr8/avr8-gnu-toolchain/bin/../lib/gcc/avr/5.4.0/avr5\libgcc.a(_copy_data.o)
                0x000000cc                __do_copy_data
 .init4         0x000000e2       0x10 c:/program files (x86)/atmel/studio/7.0/toolchain/avr8/avr8-gnu-toolchain/bin/../lib/gcc/avr/5.4.0/avr5\libgcc.a(_clear_bss.o)
                0x000000e2                __do_clear_bss
 *(.init4)
 *(.init5)
 *(.init5)
 *(.init6)
 .init6         0x000000f2       0x16 c:/program files (x86)/atmel/studio/7.0/toolchain/avr8/avr8-gnu-toolchain/bin/../lib/gcc/avr/5.4.0/avr5\libgcc.a(_ctors.o)
                0x000000f2                __do_global_ctors
 *(.init6)
 *(.init7)
 *(.init7)
 *(.init8)
 *(.init8)
 *(.init9)
 .init9         0x00000108        0x8 C:/Program Files (x86)/Atmel/Studio/7.0/Packs/atmel/ATmega_DFP/1.6.364/gcc/dev/atmega328p/avr5/crtatmega328p.o
 *(.init9)
 *(.text)
 .text          0x00000110        0x4 C:/Program Files (x86)/Atmel/Studio/7.0/Packs/atmel/ATmega_DFP/1.6.364/gcc/dev/atmega328p/avr5/crtatmega328p.o
                0x00000110                __vector_22
                0x00000110                __vector_12
                0x00000110                __bad_interrupt
                0x00000110                __vector_6
                0x00000110                __vector_3
                0x00000110                __vector_23
                0x00000110                __vector_25
                0x00000110                __vector_13
                0x00000110                __vector_17
                0x00000110                __vector_7
                0x00000110                __vector_5
                0x00000110                __vector_4
                0x00000110                __vector_9
                0x00000110                __vector_21
                0x00000110                __vector_15
                0x00000110                __vector_8
                0x00000110                __vector_14
                0x00000110                __vector_10
                0x00000110                __vector_20
                0x00000114                . = ALIGN (0x2)
 *(.text.*)
 .text._Z10init_setupv
                0x00000114       0x5c main.o
                0x00000114                _Z10init_setupv
 .text._Z8checksumPKhj
                0x00000170       0x3a main.o
                0x00000170                _Z8checksumPKhj
 .text.startup.main
                0x000001aa       0xce main.o
                0x000001aa                main
 .text._ZN14HardwareSerial9availableEv
                0x00000278       0x18 C:\Users\aplaf\Desktop\ets\ELE795\PROJET~1\FIRMWA~1\FIRMWA~1\ARDUIN~1\Debug\libArduinoCore.a(HardwareSerial.o)
                0x00000278                _ZN14HardwareSerial9availableEv
 .text._ZN14HardwareSerial4peekEv
                0x00000290       0x1c C:\Users\aplaf\Desktop\ets\ELE795\PROJET~1\FIRMWA~1\FIRMWA~1\ARDUIN~1\Debug\libArduinoCore.a(HardwareSerial.o)
                0x00000290                _ZN14HardwareSerial4peekEv
 .text._ZN14HardwareSerial4readEv
                0x000002ac       0x28 C:\Users\aplaf\Desktop\ets\ELE795\PROJET~1\FIRMWA~1\FIRMWA~1\ARDUIN~1\Debug\libArduinoCore.a(HardwareSerial.o)
                0x000002ac                _ZN14HardwareSerial4readEv
 .text._ZN14HardwareSerial17availableForWriteEv
                0x000002d4       0x1e C:\Users\aplaf\Desktop\ets\ELE795\PROJET~1\FIRMWA~1\FIRMWA~1\ARDUIN~1\Debug\libArduinoCore.a(HardwareSerial.o)
                0x000002d4                _ZN14HardwareSerial17availableForWriteEv
 .text._ZN14HardwareSerial17_tx_udr_empty_irqEv
                0x000002f2       0x44 C:\Users\aplaf\Desktop\ets\ELE795\PROJET~1\FIRMWA~1\FIRMWA~1\ARDUIN~1\Debug\libArduinoCore.a(HardwareSerial.o)
                0x000002f2                _ZN14HardwareSerial17_tx_udr_empty_irqEv
 .text._ZN14HardwareSerial5writeEh
                0x00000336       0x9a C:\Users\aplaf\Desktop\ets\ELE795\PROJET~1\FIRMWA~1\FIRMWA~1\ARDUIN~1\Debug\libArduinoCore.a(HardwareSerial.o)
                0x00000336                _ZN14HardwareSerial5writeEh
 .text._ZN14HardwareSerial5flushEv
                0x000003d0       0x44 C:\Users\aplaf\Desktop\ets\ELE795\PROJET~1\FIRMWA~1\FIRMWA~1\ARDUIN~1\Debug\libArduinoCore.a(HardwareSerial.o)
                0x000003d0                _ZN14HardwareSerial5flushEv
 .text._ZN14HardwareSerial5beginEmh
                0x00000414       0xca C:\Users\aplaf\Desktop\ets\ELE795\PROJET~1\FIRMWA~1\FIRMWA~1\ARDUIN~1\Debug\libArduinoCore.a(HardwareSerial.o)
                0x00000414                _ZN14HardwareSerial5beginEmh
 .text._ZN5Print17availableForWriteEv
                0x000004de        0x6 C:\Users\aplaf\Desktop\ets\ELE795\PROJET~1\FIRMWA~1\FIRMWA~1\ARDUIN~1\Debug\libArduinoCore.a(HardwareSerial0.o)
                0x000004de                _ZN5Print17availableForWriteEv
 .text.__vector_18
                0x000004e4       0x64 C:\Users\aplaf\Desktop\ets\ELE795\PROJET~1\FIRMWA~1\FIRMWA~1\ARDUIN~1\Debug\libArduinoCore.a(HardwareSerial0.o)
                0x000004e4                __vector_18
 .text.__vector_19
                0x00000548       0x4c C:\Users\aplaf\Desktop\ets\ELE795\PROJET~1\FIRMWA~1\FIRMWA~1\ARDUIN~1\Debug\libArduinoCore.a(HardwareSerial0.o)
                0x00000548                __vector_19
 .text.startup._GLOBAL__sub_I___vector_18
                0x00000594       0x5a C:\Users\aplaf\Desktop\ets\ELE795\PROJET~1\FIRMWA~1\FIRMWA~1\ARDUIN~1\Debug\libArduinoCore.a(HardwareSerial0.o)
 .text._ZN5Print5writeEPKhj
                0x000005ee       0x54 C:\Users\aplaf\Desktop\ets\ELE795\PROJET~1\FIRMWA~1\FIRMWA~1\ARDUIN~1\Debug\libArduinoCore.a(Print.o)
                0x000005ee                _ZN5Print5writeEPKhj
 .text._ZN5Print5writeEPKc
                0x00000642       0x2a C:\Users\aplaf\Desktop\ets\ELE795\PROJET~1\FIRMWA~1\FIRMWA~1\ARDUIN~1\Debug\libArduinoCore.a(Print.o)
                0x00000642                _ZN5Print5writeEPKc
 .text._ZN5Print5printEPKc
                0x0000066c        0x4 C:\Users\aplaf\Desktop\ets\ELE795\PROJET~1\FIRMWA~1\FIRMWA~1\ARDUIN~1\Debug\libArduinoCore.a(Print.o)
                0x0000066c                _ZN5Print5printEPKc
 .text._ZN5Print5printEc
                0x00000670        0xe C:\Users\aplaf\Desktop\ets\ELE795\PROJET~1\FIRMWA~1\FIRMWA~1\ARDUIN~1\Debug\libArduinoCore.a(Print.o)
                0x00000670                _ZN5Print5printEc
 .text._ZN5Print7printlnEv
                0x0000067e        0x8 C:\Users\aplaf\Desktop\ets\ELE795\PROJET~1\FIRMWA~1\FIRMWA~1\ARDUIN~1\Debug\libArduinoCore.a(Print.o)
                0x0000067e                _ZN5Print7printlnEv
 .text._ZN5Print7printlnEPKc
                0x00000686       0x24 C:\Users\aplaf\Desktop\ets\ELE795\PROJET~1\FIRMWA~1\FIRMWA~1\ARDUIN~1\Debug\libArduinoCore.a(Print.o)
                0x00000686                _ZN5Print7printlnEPKc
 .text._ZN5Print11printNumberEmh
                0x000006aa       0x92 C:\Users\aplaf\Desktop\ets\ELE795\PROJET~1\FIRMWA~1\FIRMWA~1\ARDUIN~1\Debug\libArduinoCore.a(Print.o)
                0x000006aa                _ZN5Print11printNumberEmh
 .text._ZN5Print5printEmi
                0x0000073c       0x1a C:\Users\aplaf\Desktop\ets\ELE795\PROJET~1\FIRMWA~1\FIRMWA~1\ARDUIN~1\Debug\libArduinoCore.a(Print.o)
                0x0000073c                _ZN5Print5printEmi
 .text._ZN5Print5printEhi
                0x00000756        0xe C:\Users\aplaf\Desktop\ets\ELE795\PROJET~1\FIRMWA~1\FIRMWA~1\ARDUIN~1\Debug\libArduinoCore.a(Print.o)
                0x00000756                _ZN5Print5printEhi
 .text._ZN5Print7printlnEhi
                0x00000764       0x24 C:\Users\aplaf\Desktop\ets\ELE795\PROJET~1\FIRMWA~1\FIRMWA~1\ARDUIN~1\Debug\libArduinoCore.a(Print.o)
                0x00000764                _ZN5Print7printlnEhi
 .text._ZN5Print5printEji
                0x00000788        0xc C:\Users\aplaf\Desktop\ets\ELE795\PROJET~1\FIRMWA~1\FIRMWA~1\ARDUIN~1\Debug\libArduinoCore.a(Print.o)
                0x00000788                _ZN5Print5printEji
 .text._ZN5Print5printEli
                0x00000794       0x90 C:\Users\aplaf\Desktop\ets\ELE795\PROJET~1\FIRMWA~1\FIRMWA~1\ARDUIN~1\Debug\libArduinoCore.a(Print.o)
                0x00000794                _ZN5Print5printEli
 .text._ZN5Print5printEii
                0x00000824        0xe C:\Users\aplaf\Desktop\ets\ELE795\PROJET~1\FIRMWA~1\FIRMWA~1\ARDUIN~1\Debug\libArduinoCore.a(Print.o)
                0x00000824                _ZN5Print5printEii
 .text._ZN5Print10printFloatEdh
                0x00000832      0x1b6 C:\Users\aplaf\Desktop\ets\ELE795\PROJET~1\FIRMWA~1\FIRMWA~1\ARDUIN~1\Debug\libArduinoCore.a(Print.o)
                0x00000832                _ZN5Print10printFloatEdh
 .text._ZN5Print5printEdi
                0x000009e8        0x4 C:\Users\aplaf\Desktop\ets\ELE795\PROJET~1\FIRMWA~1\FIRMWA~1\ARDUIN~1\Debug\libArduinoCore.a(Print.o)
                0x000009e8                _ZN5Print5printEdi
 .text._ZN5Print7printlnEdi
                0x000009ec       0x24 C:\Users\aplaf\Desktop\ets\ELE795\PROJET~1\FIRMWA~1\FIRMWA~1\ARDUIN~1\Debug\libArduinoCore.a(Print.o)
                0x000009ec                _ZN5Print7printlnEdi
 .text.__vector_16
                0x00000a10       0x94 C:\Users\aplaf\Desktop\ets\ELE795\PROJET~1\FIRMWA~1\FIRMWA~1\ARDUIN~1\Debug\libArduinoCore.a(wiring.o)
                0x00000a10                __vector_16
 .text.millis   0x00000aa4       0x18 C:\Users\aplaf\Desktop\ets\ELE795\PROJET~1\FIRMWA~1\FIRMWA~1\ARDUIN~1\Debug\libArduinoCore.a(wiring.o)
                0x00000aa4                millis
 .text.micros   0x00000abc       0x4a C:\Users\aplaf\Desktop\ets\ELE795\PROJET~1\FIRMWA~1\FIRMWA~1\ARDUIN~1\Debug\libArduinoCore.a(wiring.o)
                0x00000abc                micros
 .text.delay    0x00000b06       0x78 C:\Users\aplaf\Desktop\ets\ELE795\PROJET~1\FIRMWA~1\FIRMWA~1\ARDUIN~1\Debug\libArduinoCore.a(wiring.o)
                0x00000b06                delay
 .text.init     0x00000b7e       0x76 C:\Users\aplaf\Desktop\ets\ELE795\PROJET~1\FIRMWA~1\FIRMWA~1\ARDUIN~1\Debug\libArduinoCore.a(wiring.o)
                0x00000b7e                init
 .text.turnOffPWM
                0x00000bf4       0x52 C:\Users\aplaf\Desktop\ets\ELE795\PROJET~1\FIRMWA~1\FIRMWA~1\ARDUIN~1\Debug\libArduinoCore.a(wiring_digital.o)
 .text.pinMode  0x00000c46       0x78 C:\Users\aplaf\Desktop\ets\ELE795\PROJET~1\FIRMWA~1\FIRMWA~1\ARDUIN~1\Debug\libArduinoCore.a(wiring_digital.o)
                0x00000c46                pinMode
 .text.digitalWrite
                0x00000cbe       0x5e C:\Users\aplaf\Desktop\ets\ELE795\PROJET~1\FIRMWA~1\FIRMWA~1\ARDUIN~1\Debug\libArduinoCore.a(wiring_digital.o)
                0x00000cbe                digitalWrite
 .text._Z17_unix_to_datetimev
                0x00000d1c      0x148 C:\Users\aplaf\Desktop\ets\ELE795\PROJET~1\FIRMWA~1\FIRMWA~1\ARDUIN~1\Debug\libArduinoCore.a(DS3231.o)
                0x00000d1c                _Z17_unix_to_datetimev
 .text._Z17_datetime_to_unixv
                0x00000e64      0x226 C:\Users\aplaf\Desktop\ets\ELE795\PROJET~1\FIRMWA~1\FIRMWA~1\ARDUIN~1\Debug\libArduinoCore.a(DS3231.o)
                0x00000e64                _Z17_datetime_to_unixv
 .text._Z8_dec2bcdh
                0x0000108a       0x1a C:\Users\aplaf\Desktop\ets\ELE795\PROJET~1\FIRMWA~1\FIRMWA~1\ARDUIN~1\Debug\libArduinoCore.a(DS3231.o)
                0x0000108a                _Z8_dec2bcdh
 .text._Z8_bcd2dech
                0x000010a4       0x12 C:\Users\aplaf\Desktop\ets\ELE795\PROJET~1\FIRMWA~1\FIRMWA~1\ARDUIN~1\Debug\libArduinoCore.a(DS3231.o)
                0x000010a4                _Z8_bcd2dech
 .text._Z8_set_reghh
                0x000010b6       0x34 C:\Users\aplaf\Desktop\ets\ELE795\PROJET~1\FIRMWA~1\FIRMWA~1\ARDUIN~1\Debug\libArduinoCore.a(DS3231.o)
                0x000010b6                _Z8_set_reghh
 .text._Z19DS3231_set_datetimem
                0x000010ea       0x6e C:\Users\aplaf\Desktop\ets\ELE795\PROJET~1\FIRMWA~1\FIRMWA~1\ARDUIN~1\Debug\libArduinoCore.a(DS3231.o)
                0x000010ea                _Z19DS3231_set_datetimem
 .text._Z8_get_regh
                0x00001158       0x74 C:\Users\aplaf\Desktop\ets\ELE795\PROJET~1\FIRMWA~1\FIRMWA~1\ARDUIN~1\Debug\libArduinoCore.a(DS3231.o)
                0x00001158                _Z8_get_regh
 .text._Z19DS3231_get_datetimev
                0x000011cc       0x98 C:\Users\aplaf\Desktop\ets\ELE795\PROJET~1\FIRMWA~1\FIRMWA~1\ARDUIN~1\Debug\libArduinoCore.a(DS3231.o)
                0x000011cc                _Z19DS3231_get_datetimev
 .text._Z15_set_alarm_maskhh
                0x00001264       0x6e C:\Users\aplaf\Desktop\ets\ELE795\PROJET~1\FIRMWA~1\FIRMWA~1\ARDUIN~1\Debug\libArduinoCore.a(DS3231.o)
                0x00001264                _Z15_set_alarm_maskhh
 .text._Z11DS3231_initP13DS3231_config
                0x000012d2       0xde C:\Users\aplaf\Desktop\ets\ELE795\PROJET~1\FIRMWA~1\FIRMWA~1\ARDUIN~1\Debug\libArduinoCore.a(DS3231.o)
                0x000012d2                _Z11DS3231_initP13DS3231_config
 .text._ZN7TwoWire9availableEv
                0x000013b0       0x10 C:\Users\aplaf\Desktop\ets\ELE795\PROJET~1\FIRMWA~1\FIRMWA~1\ARDUIN~1\Debug\libArduinoCore.a(Wire.o)
                0x000013b0                _ZN7TwoWire9availableEv
 .text._ZN7TwoWire4readEv
                0x000013c0       0x28 C:\Users\aplaf\Desktop\ets\ELE795\PROJET~1\FIRMWA~1\FIRMWA~1\ARDUIN~1\Debug\libArduinoCore.a(Wire.o)
                0x000013c0                _ZN7TwoWire4readEv
 .text._ZN7TwoWire4peekEv
                0x000013e8       0x1e C:\Users\aplaf\Desktop\ets\ELE795\PROJET~1\FIRMWA~1\FIRMWA~1\ARDUIN~1\Debug\libArduinoCore.a(Wire.o)
                0x000013e8                _ZN7TwoWire4peekEv
 .text._ZN7TwoWire5flushEv
                0x00001406        0x2 C:\Users\aplaf\Desktop\ets\ELE795\PROJET~1\FIRMWA~1\FIRMWA~1\ARDUIN~1\Debug\libArduinoCore.a(Wire.o)
                0x00001406                _ZN7TwoWire5flushEv
 .text._ZN7TwoWire16onReceiveServiceEPhi
                0x00001408       0x54 C:\Users\aplaf\Desktop\ets\ELE795\PROJET~1\FIRMWA~1\FIRMWA~1\ARDUIN~1\Debug\libArduinoCore.a(Wire.o)
                0x00001408                _ZN7TwoWire16onReceiveServiceEPhi
 .text._ZN7TwoWire16onRequestServiceEv
                0x0000145c       0x18 C:\Users\aplaf\Desktop\ets\ELE795\PROJET~1\FIRMWA~1\FIRMWA~1\ARDUIN~1\Debug\libArduinoCore.a(Wire.o)
                0x0000145c                _ZN7TwoWire16onRequestServiceEv
 .text._ZN7TwoWire5writeEPKhj
                0x00001474       0x5a C:\Users\aplaf\Desktop\ets\ELE795\PROJET~1\FIRMWA~1\FIRMWA~1\ARDUIN~1\Debug\libArduinoCore.a(Wire.o)
                0x00001474                _ZN7TwoWire5writeEPKhj
 .text._ZN7TwoWire5writeEh
                0x000014ce       0x5e C:\Users\aplaf\Desktop\ets\ELE795\PROJET~1\FIRMWA~1\FIRMWA~1\ARDUIN~1\Debug\libArduinoCore.a(Wire.o)
                0x000014ce                _ZN7TwoWire5writeEh
 .text._ZN7TwoWireC2Ev
                0x0000152c       0x20 C:\Users\aplaf\Desktop\ets\ELE795\PROJET~1\FIRMWA~1\FIRMWA~1\ARDUIN~1\Debug\libArduinoCore.a(Wire.o)
                0x0000152c                _ZN7TwoWireC1Ev
                0x0000152c                _ZN7TwoWireC2Ev
 .text._ZN7TwoWire5beginEv
                0x0000154c       0x24 C:\Users\aplaf\Desktop\ets\ELE795\PROJET~1\FIRMWA~1\FIRMWA~1\ARDUIN~1\Debug\libArduinoCore.a(Wire.o)
                0x0000154c                _ZN7TwoWire5beginEv
 .text._ZN7TwoWire17beginTransmissionEh
                0x00001570       0x14 C:\Users\aplaf\Desktop\ets\ELE795\PROJET~1\FIRMWA~1\FIRMWA~1\ARDUIN~1\Debug\libArduinoCore.a(Wire.o)
                0x00001570                _ZN7TwoWire17beginTransmissionEh
 .text._ZN7TwoWire17beginTransmissionEi
                0x00001584        0x4 C:\Users\aplaf\Desktop\ets\ELE795\PROJET~1\FIRMWA~1\FIRMWA~1\ARDUIN~1\Debug\libArduinoCore.a(Wire.o)
                0x00001584                _ZN7TwoWire17beginTransmissionEi
 .text._ZN7TwoWire15endTransmissionEh
                0x00001588       0x26 C:\Users\aplaf\Desktop\ets\ELE795\PROJET~1\FIRMWA~1\FIRMWA~1\ARDUIN~1\Debug\libArduinoCore.a(Wire.o)
                0x00001588                _ZN7TwoWire15endTransmissionEh
 .text._ZN7TwoWire11requestFromEhhmhh
                0x000015ae       0xa8 C:\Users\aplaf\Desktop\ets\ELE795\PROJET~1\FIRMWA~1\FIRMWA~1\ARDUIN~1\Debug\libArduinoCore.a(Wire.o)
                0x000015ae                _ZN7TwoWire11requestFromEhhmhh
 .text._ZN7TwoWire11requestFromEhhh
                0x00001656       0x20 C:\Users\aplaf\Desktop\ets\ELE795\PROJET~1\FIRMWA~1\FIRMWA~1\ARDUIN~1\Debug\libArduinoCore.a(Wire.o)
                0x00001656                _ZN7TwoWire11requestFromEhhh
 .text._ZN7TwoWire11requestFromEhh
                0x00001676        0x6 C:\Users\aplaf\Desktop\ets\ELE795\PROJET~1\FIRMWA~1\FIRMWA~1\ARDUIN~1\Debug\libArduinoCore.a(Wire.o)
                0x00001676                _ZN7TwoWire11requestFromEhh
 .text._ZN7TwoWire11requestFromEii
                0x0000167c        0x6 C:\Users\aplaf\Desktop\ets\ELE795\PROJET~1\FIRMWA~1\FIRMWA~1\ARDUIN~1\Debug\libArduinoCore.a(Wire.o)
                0x0000167c                _ZN7TwoWire11requestFromEii
 .text._ZN7TwoWire15endTransmissionEv
                0x00001682        0x6 C:\Users\aplaf\Desktop\ets\ELE795\PROJET~1\FIRMWA~1\FIRMWA~1\ARDUIN~1\Debug\libArduinoCore.a(Wire.o)
                0x00001682                _ZN7TwoWire15endTransmissionEv
 .text.startup._GLOBAL__sub_I__ZN7TwoWire8rxBufferE
                0x00001688        0x8 C:\Users\aplaf\Desktop\ets\ELE795\PROJET~1\FIRMWA~1\FIRMWA~1\ARDUIN~1\Debug\libArduinoCore.a(Wire.o)
 .text._Z12_as7262_readP8Sensor_tPh
                0x00001690      0x12e C:\Users\aplaf\Desktop\ets\ELE795\PROJET~1\FIRMWA~1\FIRMWA~1\ARDUIN~1\Debug\libArduinoCore.a(modules.o)
                0x00001690                _Z12_as7262_readP8Sensor_tPh
 .text._Z13_hdc1080_readP8Sensor_tPh
                0x000017be       0xec C:\Users\aplaf\Desktop\ets\ELE795\PROJET~1\FIRMWA~1\FIRMWA~1\ARDUIN~1\Debug\libArduinoCore.a(modules.o)
                0x000017be                _Z13_hdc1080_readP8Sensor_tPh
 .text._Z12_as7262_initP8Sensor_t
                0x000018aa       0x5e C:\Users\aplaf\Desktop\ets\ELE795\PROJET~1\FIRMWA~1\FIRMWA~1\ARDUIN~1\Debug\libArduinoCore.a(modules.o)
                0x000018aa                _Z12_as7262_initP8Sensor_t
 .text._Z13_hdc1080_initP8Sensor_t
                0x00001908       0x72 C:\Users\aplaf\Desktop\ets\ELE795\PROJET~1\FIRMWA~1\FIRMWA~1\ARDUIN~1\Debug\libArduinoCore.a(modules.o)
                0x00001908                _Z13_hdc1080_initP8Sensor_t
 .text._Z12init_modulesv
                0x0000197a       0x3e C:\Users\aplaf\Desktop\ets\ELE795\PROJET~1\FIRMWA~1\FIRMWA~1\ARDUIN~1\Debug\libArduinoCore.a(modules.o)
                0x0000197a                _Z12init_modulesv
 .text._Z12exec_modulesPh
                0x000019b8       0x58 C:\Users\aplaf\Desktop\ets\ELE795\PROJET~1\FIRMWA~1\FIRMWA~1\ARDUIN~1\Debug\libArduinoCore.a(modules.o)
                0x000019b8                _Z12exec_modulesPh
 .text.startup._GLOBAL__sub_I_as7262
                0x00001a10       0x14 C:\Users\aplaf\Desktop\ets\ELE795\PROJET~1\FIRMWA~1\FIRMWA~1\ARDUIN~1\Debug\libArduinoCore.a(modules.o)
 .text.exit._GLOBAL__sub_D_as7262
                0x00001a24        0x8 C:\Users\aplaf\Desktop\ets\ELE795\PROJET~1\FIRMWA~1\FIRMWA~1\ARDUIN~1\Debug\libArduinoCore.a(modules.o)
 .text._Z8sleepISRv
                0x00001a2c       0x12 C:\Users\aplaf\Desktop\ets\ELE795\PROJET~1\FIRMWA~1\FIRMWA~1\ARDUIN~1\Debug\libArduinoCore.a(sleep.o)
                0x00001a2c                _Z8sleepISRv
 .text._Z10goto_sleepv
                0x00001a3e       0x62 C:\Users\aplaf\Desktop\ets\ELE795\PROJET~1\FIRMWA~1\FIRMWA~1\ARDUIN~1\Debug\libArduinoCore.a(sleep.o)
                0x00001a3e                _Z10goto_sleepv
 .text._Z12signal_errori
                0x00001aa0       0xb8 C:\Users\aplaf\Desktop\ets\ELE795\PROJET~1\FIRMWA~1\FIRMWA~1\ARDUIN~1\Debug\libArduinoCore.a(status.o)
                0x00001aa0                _Z12signal_errori
 .text._Z19status_blinker_initv
                0x00001b58       0x5e C:\Users\aplaf\Desktop\ets\ELE795\PROJET~1\FIRMWA~1\FIRMWA~1\ARDUIN~1\Debug\libArduinoCore.a(status.o)
                0x00001b58                _Z19status_blinker_initv
 .text._Z22status_blinker_disablev
                0x00001bb6       0x2c C:\Users\aplaf\Desktop\ets\ELE795\PROJET~1\FIRMWA~1\FIRMWA~1\ARDUIN~1\Debug\libArduinoCore.a(status.o)
                0x00001bb6                _Z22status_blinker_disablev
 .text.__vector_11
                0x00001be2       0x80 C:\Users\aplaf\Desktop\ets\ELE795\PROJET~1\FIRMWA~1\FIRMWA~1\ARDUIN~1\Debug\libArduinoCore.a(status.o)
                0x00001be2                __vector_11
 .text._Z10save_framePcPhh
                0x00001c62       0x92 C:\Users\aplaf\Desktop\ets\ELE795\PROJET~1\FIRMWA~1\FIRMWA~1\ARDUIN~1\Debug\libArduinoCore.a(memory.o)
                0x00001c62                _Z10save_framePcPhh
 .text._Z7sd_initv
                0x00001cf4       0x12 C:\Users\aplaf\Desktop\ets\ELE795\PROJET~1\FIRMWA~1\FIRMWA~1\ARDUIN~1\Debug\libArduinoCore.a(memory.o)
                0x00001cf4                _Z7sd_initv
 .text._Z11init_memoryv
                0x00001d06        0x4 C:\Users\aplaf\Desktop\ets\ELE795\PROJET~1\FIRMWA~1\FIRMWA~1\ARDUIN~1\Debug\libArduinoCore.a(memory.o)
                0x00001d06                _Z11init_memoryv
 .text._Z11ds3231_inith
                0x00001d0a      0x168 C:\Users\aplaf\Desktop\ets\ELE795\PROJET~1\FIRMWA~1\FIRMWA~1\ARDUIN~1\Debug\libArduinoCore.a(rtc.o)
                0x00001d0a                _Z11ds3231_inith
 .text._Z8rtc_initv
                0x00001e72        0x6 C:\Users\aplaf\Desktop\ets\ELE795\PROJET~1\FIRMWA~1\FIRMWA~1\ARDUIN~1\Debug\libArduinoCore.a(rtc.o)
                0x00001e72                _Z8rtc_initv
 .text._ZN15Adafruit_AS726x13control_setup3getEv
                0x00001e78        0x8 C:\Users\aplaf\Desktop\ets\ELE795\PROJET~1\FIRMWA~1\FIRMWA~1\ARDUIN~1\Debug\libArduinoCore.a(Adafruit_AS726x.o)
                0x00001e78                _ZN15Adafruit_AS726x13control_setup3getEv
 .text._ZN15Adafruit_AS726x11led_control3getEv
                0x00001e80        0x8 C:\Users\aplaf\Desktop\ets\ELE795\PROJET~1\FIRMWA~1\FIRMWA~1\ARDUIN~1\Debug\libArduinoCore.a(Adafruit_AS726x.o)
                0x00001e80                _ZN15Adafruit_AS726x11led_control3getEv
 .text._ZN15Adafruit_AS726xD2Ev
                0x00001e88       0x10 C:\Users\aplaf\Desktop\ets\ELE795\PROJET~1\FIRMWA~1\FIRMWA~1\ARDUIN~1\Debug\libArduinoCore.a(Adafruit_AS726x.o)
                0x00001e88                _ZN15Adafruit_AS726xD2Ev
                0x00001e88                _ZN15Adafruit_AS726xD1Ev
 .text._ZN15Adafruit_AS726x4readEhPhh
                0x00001e98       0x3c C:\Users\aplaf\Desktop\ets\ELE795\PROJET~1\FIRMWA~1\FIRMWA~1\ARDUIN~1\Debug\libArduinoCore.a(Adafruit_AS726x.o)
                0x00001e98                _ZN15Adafruit_AS726x4readEhPhh
 .text._ZN15Adafruit_AS726x5read8Eh
                0x00001ed4       0x20 C:\Users\aplaf\Desktop\ets\ELE795\PROJET~1\FIRMWA~1\FIRMWA~1\ARDUIN~1\Debug\libArduinoCore.a(Adafruit_AS726x.o)
                0x00001ed4                _ZN15Adafruit_AS726x5read8Eh
 .text._ZN15Adafruit_AS726x5writeEhPhh
                0x00001ef4       0x44 C:\Users\aplaf\Desktop\ets\ELE795\PROJET~1\FIRMWA~1\FIRMWA~1\ARDUIN~1\Debug\libArduinoCore.a(Adafruit_AS726x.o)
                0x00001ef4                _ZN15Adafruit_AS726x5writeEhPhh
 .text._ZN15Adafruit_AS726x6write8Ehh
                0x00001f38       0x20 C:\Users\aplaf\Desktop\ets\ELE795\PROJET~1\FIRMWA~1\FIRMWA~1\ARDUIN~1\Debug\libArduinoCore.a(Adafruit_AS726x.o)
                0x00001f38                _ZN15Adafruit_AS726x6write8Ehh
 .text._ZN15Adafruit_AS726x11virtualReadEh
                0x00001f58       0x5a C:\Users\aplaf\Desktop\ets\ELE795\PROJET~1\FIRMWA~1\FIRMWA~1\ARDUIN~1\Debug\libArduinoCore.a(Adafruit_AS726x.o)
                0x00001f58                _ZN15Adafruit_AS726x11virtualReadEh
 .text._ZN15Adafruit_AS726x19readCalibratedValueEh
                0x00001fb2       0x6c C:\Users\aplaf\Desktop\ets\ELE795\PROJET~1\FIRMWA~1\FIRMWA~1\ARDUIN~1\Debug\libArduinoCore.a(Adafruit_AS726x.o)
                0x00001fb2                _ZN15Adafruit_AS726x19readCalibratedValueEh
 .text._ZN15Adafruit_AS726x20readCalibratedValuesEPfh
                0x0000201e       0xd2 C:\Users\aplaf\Desktop\ets\ELE795\PROJET~1\FIRMWA~1\FIRMWA~1\ARDUIN~1\Debug\libArduinoCore.a(Adafruit_AS726x.o)
                0x0000201e                _ZN15Adafruit_AS726x20readCalibratedValuesEPfh
 .text._ZN15Adafruit_AS726x12virtualWriteEhh
                0x000020f0       0x5e C:\Users\aplaf\Desktop\ets\ELE795\PROJET~1\FIRMWA~1\FIRMWA~1\ARDUIN~1\Debug\libArduinoCore.a(Adafruit_AS726x.o)
                0x000020f0                _ZN15Adafruit_AS726x12virtualWriteEhh
 .text._ZN15Adafruit_AS726x6drvOffEv
                0x0000214e       0x22 C:\Users\aplaf\Desktop\ets\ELE795\PROJET~1\FIRMWA~1\FIRMWA~1\ARDUIN~1\Debug\libArduinoCore.a(Adafruit_AS726x.o)
                0x0000214e                _ZN15Adafruit_AS726x6drvOffEv
 .text._ZN15Adafruit_AS726x13setDrvCurrentEh
                0x00002170       0x2c C:\Users\aplaf\Desktop\ets\ELE795\PROJET~1\FIRMWA~1\FIRMWA~1\ARDUIN~1\Debug\libArduinoCore.a(Adafruit_AS726x.o)
                0x00002170                _ZN15Adafruit_AS726x13setDrvCurrentEh
 .text._ZN15Adafruit_AS726x17setConversionTypeEh
                0x0000219c       0x2c C:\Users\aplaf\Desktop\ets\ELE795\PROJET~1\FIRMWA~1\FIRMWA~1\ARDUIN~1\Debug\libArduinoCore.a(Adafruit_AS726x.o)
                0x0000219c                _ZN15Adafruit_AS726x17setConversionTypeEh
 .text._ZN15Adafruit_AS726x7setGainEh
                0x000021c8       0x2c C:\Users\aplaf\Desktop\ets\ELE795\PROJET~1\FIRMWA~1\FIRMWA~1\ARDUIN~1\Debug\libArduinoCore.a(Adafruit_AS726x.o)
                0x000021c8                _ZN15Adafruit_AS726x7setGainEh
 .text._ZN15Adafruit_AS726x18setIntegrationTimeEh
                0x000021f4        0xc C:\Users\aplaf\Desktop\ets\ELE795\PROJET~1\FIRMWA~1\FIRMWA~1\ARDUIN~1\Debug\libArduinoCore.a(Adafruit_AS726x.o)
                0x000021f4                _ZN15Adafruit_AS726x18setIntegrationTimeEh
 .text._ZN15Adafruit_AS726x15enableInterruptEv
                0x00002200       0x22 C:\Users\aplaf\Desktop\ets\ELE795\PROJET~1\FIRMWA~1\FIRMWA~1\ARDUIN~1\Debug\libArduinoCore.a(Adafruit_AS726x.o)
                0x00002200                _ZN15Adafruit_AS726x15enableInterruptEv
 .text._ZN15Adafruit_AS726x5beginEP7TwoWire
                0x00002222       0xb6 C:\Users\aplaf\Desktop\ets\ELE795\PROJET~1\FIRMWA~1\FIRMWA~1\ARDUIN~1\Debug\libArduinoCore.a(Adafruit_AS726x.o)
                0x00002222                _ZN15Adafruit_AS726x5beginEP7TwoWire
 .text._ZN15Adafruit_AS726x16startMeasurementEv
                0x000022d8       0x2a C:\Users\aplaf\Desktop\ets\ELE795\PROJET~1\FIRMWA~1\FIRMWA~1\ARDUIN~1\Debug\libArduinoCore.a(Adafruit_AS726x.o)
                0x000022d8                _ZN15Adafruit_AS726x16startMeasurementEv
 .text._ZN18ClosedCube_HDC1080C2Ev
                0x00002302        0x2 C:\Users\aplaf\Desktop\ets\ELE795\PROJET~1\FIRMWA~1\FIRMWA~1\ARDUIN~1\Debug\libArduinoCore.a(ClosedCube_HDC1080.o)
                0x00002302                _ZN18ClosedCube_HDC1080C1Ev
                0x00002302                _ZN18ClosedCube_HDC1080C2Ev
 .text._ZN18ClosedCube_HDC108013writeRegisterE17HDC1080_Registers
                0x00002304       0x44 C:\Users\aplaf\Desktop\ets\ELE795\PROJET~1\FIRMWA~1\FIRMWA~1\ARDUIN~1\Debug\libArduinoCore.a(ClosedCube_HDC1080.o)
                0x00002304                _ZN18ClosedCube_HDC108013writeRegisterE17HDC1080_Registers
 .text._ZN18ClosedCube_HDC108013setResolutionE29HDC1080_MeasurementResolutionS0_
                0x00002348       0x26 C:\Users\aplaf\Desktop\ets\ELE795\PROJET~1\FIRMWA~1\FIRMWA~1\ARDUIN~1\Debug\libArduinoCore.a(ClosedCube_HDC1080.o)
                0x00002348                _ZN18ClosedCube_HDC108013setResolutionE29HDC1080_MeasurementResolutionS0_
 .text._ZN18ClosedCube_HDC10805beginEh
                0x0000236e       0x1e C:\Users\aplaf\Desktop\ets\ELE795\PROJET~1\FIRMWA~1\FIRMWA~1\ARDUIN~1\Debug\libArduinoCore.a(ClosedCube_HDC1080.o)
                0x0000236e                _ZN18ClosedCube_HDC10805beginEh
 .text._ZN18ClosedCube_HDC10808readDataEh
                0x0000238c       0x70 C:\Users\aplaf\Desktop\ets\ELE795\PROJET~1\FIRMWA~1\FIRMWA~1\ARDUIN~1\Debug\libArduinoCore.a(ClosedCube_HDC1080.o)
                0x0000238c                _ZN18ClosedCube_HDC10808readDataEh
 .text._ZN18ClosedCube_HDC108015readTemperatureEv
                0x000023fc       0x36 C:\Users\aplaf\Desktop\ets\ELE795\PROJET~1\FIRMWA~1\FIRMWA~1\ARDUIN~1\Debug\libArduinoCore.a(ClosedCube_HDC1080.o)
                0x000023fc                _ZN18ClosedCube_HDC108015readTemperatureEv
 .text._ZN18ClosedCube_HDC108012readHumidityEv
                0x00002432       0x2a C:\Users\aplaf\Desktop\ets\ELE795\PROJET~1\FIRMWA~1\FIRMWA~1\ARDUIN~1\Debug\libArduinoCore.a(ClosedCube_HDC1080.o)
                0x00002432                _ZN18ClosedCube_HDC108012readHumidityEv
 .text._ZN18ClosedCube_HDC108012readDeviceIdEv
                0x0000245c        0x6 C:\Users\aplaf\Desktop\ets\ELE795\PROJET~1\FIRMWA~1\FIRMWA~1\ARDUIN~1\Debug\libArduinoCore.a(ClosedCube_HDC1080.o)
                0x0000245c                _ZN18ClosedCube_HDC108012readDeviceIdEv
 .text.__empty  0x00002462        0x2 C:\Users\aplaf\Desktop\ets\ELE795\PROJET~1\FIRMWA~1\FIRMWA~1\ARDUIN~1\Debug\libArduinoCore.a(hooks.o)
                0x00002462                yield
 .text._Znwj    0x00002464        0x4 C:\Users\aplaf\Desktop\ets\ELE795\PROJET~1\FIRMWA~1\FIRMWA~1\ARDUIN~1\Debug\libArduinoCore.a(new.o)
                0x00002464                _Znwj
 .text._ZdlPv   0x00002468        0x4 C:\Users\aplaf\Desktop\ets\ELE795\PROJET~1\FIRMWA~1\FIRMWA~1\ARDUIN~1\Debug\libArduinoCore.a(new.o)
                0x00002468                _ZdlPv
 .text.nothing  0x0000246c        0x2 C:\Users\aplaf\Desktop\ets\ELE795\PROJET~1\FIRMWA~1\FIRMWA~1\ARDUIN~1\Debug\libArduinoCore.a(WInterrupts.o)
 .text.attachInterrupt
                0x0000246e       0x40 C:\Users\aplaf\Desktop\ets\ELE795\PROJET~1\FIRMWA~1\FIRMWA~1\ARDUIN~1\Debug\libArduinoCore.a(WInterrupts.o)
                0x0000246e                attachInterrupt
 .text.detachInterrupt
                0x000024ae       0x24 C:\Users\aplaf\Desktop\ets\ELE795\PROJET~1\FIRMWA~1\FIRMWA~1\ARDUIN~1\Debug\libArduinoCore.a(WInterrupts.o)
                0x000024ae                detachInterrupt
 .text.__vector_1
                0x000024d2       0x4e C:\Users\aplaf\Desktop\ets\ELE795\PROJET~1\FIRMWA~1\FIRMWA~1\ARDUIN~1\Debug\libArduinoCore.a(WInterrupts.o)
                0x000024d2                __vector_1
 .text.__vector_2
                0x00002520       0x4e C:\Users\aplaf\Desktop\ets\ELE795\PROJET~1\FIRMWA~1\FIRMWA~1\ARDUIN~1\Debug\libArduinoCore.a(WInterrupts.o)
                0x00002520                __vector_2
 .text._ZN18Adafruit_I2CDeviceC2EhP7TwoWire
                0x0000256e       0x14 C:\Users\aplaf\Desktop\ets\ELE795\PROJET~1\FIRMWA~1\FIRMWA~1\ARDUIN~1\Debug\libArduinoCore.a(Adafruit_I2CDevice.o)
                0x0000256e                _ZN18Adafruit_I2CDeviceC2EhP7TwoWire
                0x0000256e                _ZN18Adafruit_I2CDeviceC1EhP7TwoWire
 .text._ZN18Adafruit_I2CDevice8detectedEv
                0x00002582       0x3a C:\Users\aplaf\Desktop\ets\ELE795\PROJET~1\FIRMWA~1\FIRMWA~1\ARDUIN~1\Debug\libArduinoCore.a(Adafruit_I2CDevice.o)
                0x00002582                _ZN18Adafruit_I2CDevice8detectedEv
 .text._ZN18Adafruit_I2CDevice5beginEb
                0x000025bc       0x30 C:\Users\aplaf\Desktop\ets\ELE795\PROJET~1\FIRMWA~1\FIRMWA~1\ARDUIN~1\Debug\libArduinoCore.a(Adafruit_I2CDevice.o)
                0x000025bc                _ZN18Adafruit_I2CDevice5beginEb
 .text._ZN18Adafruit_I2CDevice5writeEPKhjbS1_j
                0x000025ec       0xac C:\Users\aplaf\Desktop\ets\ELE795\PROJET~1\FIRMWA~1\FIRMWA~1\ARDUIN~1\Debug\libArduinoCore.a(Adafruit_I2CDevice.o)
                0x000025ec                _ZN18Adafruit_I2CDevice5writeEPKhjbS1_j
 .text._ZN18Adafruit_I2CDevice5_readEPhjb
                0x00002698       0x6a C:\Users\aplaf\Desktop\ets\ELE795\PROJET~1\FIRMWA~1\FIRMWA~1\ARDUIN~1\Debug\libArduinoCore.a(Adafruit_I2CDevice.o)
                0x00002698                _ZN18Adafruit_I2CDevice5_readEPhjb
 .text._ZN18Adafruit_I2CDevice4readEPhjb
                0x00002702       0x80 C:\Users\aplaf\Desktop\ets\ELE795\PROJET~1\FIRMWA~1\FIRMWA~1\ARDUIN~1\Debug\libArduinoCore.a(Adafruit_I2CDevice.o)
                0x00002702                _ZN18Adafruit_I2CDevice4readEPhjb
 .text._ZN18Adafruit_I2CDevice15write_then_readEPKhjPhjb
                0x00002782       0x64 C:\Users\aplaf\Desktop\ets\ELE795\PROJET~1\FIRMWA~1\FIRMWA~1\ARDUIN~1\Debug\libArduinoCore.a(Adafruit_I2CDevice.o)
                0x00002782                _ZN18Adafruit_I2CDevice15write_then_readEPKhjPhjb
 .text.twi_init
                0x000027e6       0x3c C:\Users\aplaf\Desktop\ets\ELE795\PROJET~1\FIRMWA~1\FIRMWA~1\ARDUIN~1\Debug\libArduinoCore.a(twi.o)
                0x000027e6                twi_init
 .text.twi_disable
                0x00002822       0x1a C:\Users\aplaf\Desktop\ets\ELE795\PROJET~1\FIRMWA~1\FIRMWA~1\ARDUIN~1\Debug\libArduinoCore.a(twi.o)
                0x00002822                twi_disable
 .text.twi_transmit
                0x0000283c       0x50 C:\Users\aplaf\Desktop\ets\ELE795\PROJET~1\FIRMWA~1\FIRMWA~1\ARDUIN~1\Debug\libArduinoCore.a(twi.o)
                0x0000283c                twi_transmit
 .text.twi_attachSlaveRxEvent
                0x0000288c        0xa C:\Users\aplaf\Desktop\ets\ELE795\PROJET~1\FIRMWA~1\FIRMWA~1\ARDUIN~1\Debug\libArduinoCore.a(twi.o)
                0x0000288c                twi_attachSlaveRxEvent
 .text.twi_attachSlaveTxEvent
                0x00002896        0xa C:\Users\aplaf\Desktop\ets\ELE795\PROJET~1\FIRMWA~1\FIRMWA~1\ARDUIN~1\Debug\libArduinoCore.a(twi.o)
                0x00002896                twi_attachSlaveTxEvent
 .text.twi_releaseBus
                0x000028a0        0xc C:\Users\aplaf\Desktop\ets\ELE795\PROJET~1\FIRMWA~1\FIRMWA~1\ARDUIN~1\Debug\libArduinoCore.a(twi.o)
                0x000028a0                twi_releaseBus
 .text.twi_handleTimeout
                0x000028ac       0x2c C:\Users\aplaf\Desktop\ets\ELE795\PROJET~1\FIRMWA~1\FIRMWA~1\ARDUIN~1\Debug\libArduinoCore.a(twi.o)
                0x000028ac                twi_handleTimeout
 .text.twi_readFrom
                0x000028d8      0x1d2 C:\Users\aplaf\Desktop\ets\ELE795\PROJET~1\FIRMWA~1\FIRMWA~1\ARDUIN~1\Debug\libArduinoCore.a(twi.o)
                0x000028d8                twi_readFrom
 .text.twi_writeTo
                0x00002aaa      0x1e0 C:\Users\aplaf\Desktop\ets\ELE795\PROJET~1\FIRMWA~1\FIRMWA~1\ARDUIN~1\Debug\libArduinoCore.a(twi.o)
                0x00002aaa                twi_writeTo
 .text.twi_stop
                0x00002c8a       0x70 C:\Users\aplaf\Desktop\ets\ELE795\PROJET~1\FIRMWA~1\FIRMWA~1\ARDUIN~1\Debug\libArduinoCore.a(twi.o)
                0x00002c8a                twi_stop
 .text.__vector_24
                0x00002cfa      0x25a C:\Users\aplaf\Desktop\ets\ELE795\PROJET~1\FIRMWA~1\FIRMWA~1\ARDUIN~1\Debug\libArduinoCore.a(twi.o)
                0x00002cfa                __vector_24
 .text.avr-libc.fplib
                0x00002f54        0xe c:/program files (x86)/atmel/studio/7.0/toolchain/avr8/avr8-gnu-toolchain/bin/../lib/gcc/avr/5.4.0/../../../../avr/lib/avr5\libm.a(addsf3.o)
                0x00002f54                __subsf3
                0x00002f56                __addsf3
 .text.avr-libc.fplib
                0x00002f62       0xcc c:/program files (x86)/atmel/studio/7.0/toolchain/avr8/avr8-gnu-toolchain/bin/../lib/gcc/avr/5.4.0/../../../../avr/lib/avr5\libm.a(addsf3x.o)
                0x00002f84                __addsf3x
 .text.avr-libc.fplib
                0x0000302e        0xa c:/program files (x86)/atmel/studio/7.0/toolchain/avr8/avr8-gnu-toolchain/bin/../lib/gcc/avr/5.4.0/../../../../avr/lib/avr5\libm.a(cmpsf2.o)
                0x0000302e                __nesf2
                0x0000302e                __eqsf2
                0x0000302e                __cmpsf2
                0x0000302e                __ltsf2
                0x0000302e                __lesf2
 .text.avr-libc.fplib
                0x00003038        0x8 c:/program files (x86)/atmel/studio/7.0/toolchain/avr8/avr8-gnu-toolchain/bin/../lib/gcc/avr/5.4.0/../../../../avr/lib/avr5\libm.a(divsf3.o)
                0x00003038                __divsf3
 .text.avr-libc.fplib
                0x00003040       0xdc c:/program files (x86)/atmel/studio/7.0/toolchain/avr8/avr8-gnu-toolchain/bin/../lib/gcc/avr/5.4.0/../../../../avr/lib/avr5\libm.a(divsf3x.o)
                0x00003060                __divsf3x
                0x00003066                __divsf3_pse
 .text.avr-libc.fplib
                0x0000311c       0x5e c:/program files (x86)/atmel/studio/7.0/toolchain/avr8/avr8-gnu-toolchain/bin/../lib/gcc/avr/5.4.0/../../../../avr/lib/avr5\libm.a(fixunssfsi.o)
                0x0000311c                __fixunssfsi
 .text.avr-libc.fplib
                0x0000317a       0x7a c:/program files (x86)/atmel/studio/7.0/toolchain/avr8/avr8-gnu-toolchain/bin/../lib/gcc/avr/5.4.0/../../../../avr/lib/avr5\libm.a(floatsisf.o)
                0x0000317a                __floatunsisf
                0x0000317e                __floatsisf
 .text.avr-libc.fplib
                0x000031f4       0x48 c:/program files (x86)/atmel/studio/7.0/toolchain/avr8/avr8-gnu-toolchain/bin/../lib/gcc/avr/5.4.0/../../../../avr/lib/avr5\libm.a(fp_cmp.o)
                0x000031f4                __fp_cmp
 .text.avr-libc.fplib
                0x0000323c        0xc c:/program files (x86)/atmel/studio/7.0/toolchain/avr8/avr8-gnu-toolchain/bin/../lib/gcc/avr/5.4.0/../../../../avr/lib/avr5\libm.a(fp_inf.o)
                0x0000323c                __fp_inf
 .text.avr-libc.fplib
                0x00003248        0x6 c:/program files (x86)/atmel/studio/7.0/toolchain/avr8/avr8-gnu-toolchain/bin/../lib/gcc/avr/5.4.0/../../../../avr/lib/avr5\libm.a(fp_nan.o)
                0x00003248                __fp_nan
 .text.avr-libc.fplib
                0x0000324e        0xe c:/program files (x86)/atmel/studio/7.0/toolchain/avr8/avr8-gnu-toolchain/bin/../lib/gcc/avr/5.4.0/../../../../avr/lib/avr5\libm.a(fp_pscA.o)
                0x0000324e                __fp_pscA
 .text.avr-libc.fplib
                0x0000325c        0xe c:/program files (x86)/atmel/studio/7.0/toolchain/avr8/avr8-gnu-toolchain/bin/../lib/gcc/avr/5.4.0/../../../../avr/lib/avr5\libm.a(fp_pscB.o)
                0x0000325c                __fp_pscB
 .text.avr-libc.fplib
                0x0000326a       0x22 c:/program files (x86)/atmel/studio/7.0/toolchain/avr8/avr8-gnu-toolchain/bin/../lib/gcc/avr/5.4.0/../../../../avr/lib/avr5\libm.a(fp_round.o)
                0x0000326a                __fp_round
 .text.avr-libc.fplib
                0x0000328c       0x44 c:/program files (x86)/atmel/studio/7.0/toolchain/avr8/avr8-gnu-toolchain/bin/../lib/gcc/avr/5.4.0/../../../../avr/lib/avr5\libm.a(fp_split3.o)
                0x0000328c                __fp_split3
                0x0000329c                __fp_splitA
 .text.avr-libc.fplib
                0x000032d0        0xe c:/program files (x86)/atmel/studio/7.0/toolchain/avr8/avr8-gnu-toolchain/bin/../lib/gcc/avr/5.4.0/../../../../avr/lib/avr5\libm.a(fp_zero.o)
                0x000032d0                __fp_zero
                0x000032d2                __fp_szero
 .text.avr-libc.fplib
                0x000032de        0xa c:/program files (x86)/atmel/studio/7.0/toolchain/avr8/avr8-gnu-toolchain/bin/../lib/gcc/avr/5.4.0/../../../../avr/lib/avr5\libm.a(gesf2.o)
                0x000032de                __gesf2
                0x000032de                __gtsf2
 .text.avr-libc.fplib
                0x000032e8        0x8 c:/program files (x86)/atmel/studio/7.0/toolchain/avr8/avr8-gnu-toolchain/bin/../lib/gcc/avr/5.4.0/../../../../avr/lib/avr5\libm.a(mulsf3.o)
                0x000032e8                __mulsf3
 .text.avr-libc.fplib
                0x000032f0       0xd2 c:/program files (x86)/atmel/studio/7.0/toolchain/avr8/avr8-gnu-toolchain/bin/../lib/gcc/avr/5.4.0/../../../../avr/lib/avr5\libm.a(mulsf3x.o)
                0x0000330e                __mulsf3x
                0x00003314                __mulsf3_pse
 .text.avr-libc.fplib
                0x000033c2        0xa c:/program files (x86)/atmel/studio/7.0/toolchain/avr8/avr8-gnu-toolchain/bin/../lib/gcc/avr/5.4.0/../../../../avr/lib/avr5\libm.a(unordsf2.o)
                0x000033c2                __unordsf2
 .text.libgcc.div
                0x000033cc       0x18 c:/program files (x86)/atmel/studio/7.0/toolchain/avr8/avr8-gnu-toolchain/bin/../lib/gcc/avr/5.4.0/avr5\libgcc.a(_udivmodqi4.o)
                0x000033cc                __udivmodqi4
 .text.libgcc.div
                0x000033e4       0x28 c:/program files (x86)/atmel/studio/7.0/toolchain/avr8/avr8-gnu-toolchain/bin/../lib/gcc/avr/5.4.0/avr5\libgcc.a(_udivmodhi4.o)
                0x000033e4                __udivmodhi4
 .text.libgcc.div
                0x0000340c       0x28 c:/program files (x86)/atmel/studio/7.0/toolchain/avr8/avr8-gnu-toolchain/bin/../lib/gcc/avr/5.4.0/avr5\libgcc.a(_divmodhi4.o)
                0x0000340c                _div
                0x0000340c                __divmodhi4
 .text.libgcc.div
                0x00003434       0x44 c:/program files (x86)/atmel/studio/7.0/toolchain/avr8/avr8-gnu-toolchain/bin/../lib/gcc/avr/5.4.0/avr5\libgcc.a(_udivmodsi4.o)
                0x00003434                __udivmodsi4
 .text.libgcc.mul
                0x00003478       0x1e c:/program files (x86)/atmel/studio/7.0/toolchain/avr8/avr8-gnu-toolchain/bin/../lib/gcc/avr/5.4.0/avr5\libgcc.a(_umulhisi3.o)
                0x00003478                __umulhisi3
 .text.libgcc.mul
                0x00003496       0x16 c:/program files (x86)/atmel/studio/7.0/toolchain/avr8/avr8-gnu-toolchain/bin/../lib/gcc/avr/5.4.0/avr5\libgcc.a(_muluhisi3.o)
                0x00003496                __muluhisi3
 .text.libgcc.mul
                0x000034ac       0x10 c:/program files (x86)/atmel/studio/7.0/toolchain/avr8/avr8-gnu-toolchain/bin/../lib/gcc/avr/5.4.0/avr5\libgcc.a(_mulshisi3.o)
                0x000034ac                __mulshisi3
                0x000034b2                __mulohisi3
 .text.libgcc   0x000034bc       0x12 c:/program files (x86)/atmel/studio/7.0/toolchain/avr8/avr8-gnu-toolchain/bin/../lib/gcc/avr/5.4.0/avr5\libgcc.a(_adddi3.o)
                0x000034bc                __adddi3
 .text.libgcc   0x000034ce        0xc c:/program files (x86)/atmel/studio/7.0/toolchain/avr8/avr8-gnu-toolchain/bin/../lib/gcc/avr/5.4.0/avr5\libgcc.a(_tablejump2.o)
                0x000034ce                __tablejump2__
 .text.avr-libc
                0x000034da      0x242 c:/program files (x86)/atmel/studio/7.0/toolchain/avr8/avr8-gnu-toolchain/bin/../lib/gcc/avr/5.4.0/../../../../avr/lib/avr5\libc.a(malloc.o)
                0x000034da                malloc
                0x0000360a                free
                0x0000371c                . = ALIGN (0x2)
 *(.fini9)
 .fini9         0x0000371c        0x0 c:/program files (x86)/atmel/studio/7.0/toolchain/avr8/avr8-gnu-toolchain/bin/../lib/gcc/avr/5.4.0/avr5\libgcc.a(_exit.o)
                0x0000371c                _exit
                0x0000371c                exit
 *(.fini9)
 *(.fini8)
 *(.fini8)
 *(.fini7)
 *(.fini7)
 *(.fini6)
 .fini6         0x0000371c       0x16 c:/program files (x86)/atmel/studio/7.0/toolchain/avr8/avr8-gnu-toolchain/bin/../lib/gcc/avr/5.4.0/avr5\libgcc.a(_dtors.o)
                0x0000371c                __do_global_dtors
 *(.fini6)
 *(.fini5)
 *(.fini5)
 *(.fini4)
 *(.fini4)
 *(.fini3)
 *(.fini3)
 *(.fini2)
 *(.fini2)
 *(.fini1)
 *(.fini1)
 *(.fini0)
 .fini0         0x00003732        0x4 c:/program files (x86)/atmel/studio/7.0/toolchain/avr8/avr8-gnu-toolchain/bin/../lib/gcc/avr/5.4.0/avr5\libgcc.a(_exit.o)
 *(.fini0)
                0x00003736                _etext = .

.data           0x00800100      0x200 load address 0x00003736
                0x00800100                PROVIDE (__data_start, .)
 *(.data)
 .data          0x00800100        0x6 c:/program files (x86)/atmel/studio/7.0/toolchain/avr8/avr8-gnu-toolchain/bin/../lib/gcc/avr/5.4.0/../../../../avr/lib/avr5\libc.a(malloc.o)
                0x00800100                __malloc_heap_end
                0x00800102                __malloc_heap_start
                0x00800104                __malloc_margin
 *(.data*)
 .data.sensor_list
                0x00800106       0x12 C:\Users\aplaf\Desktop\ets\ELE795\PROJET~1\FIRMWA~1\FIRMWA~1\ARDUIN~1\Debug\libArduinoCore.a(modules.o)
                0x00800106                sensor_list
 .data.intFunc  0x00800118        0x4 C:\Users\aplaf\Desktop\ets\ELE795\PROJET~1\FIRMWA~1\FIRMWA~1\ARDUIN~1\Debug\libArduinoCore.a(WInterrupts.o)
 *(.gnu.linkonce.d*)
 *(.rodata)
 *(.rodata*)
 .rodata.str1.1
                0x0080011c        0xc main.o
 .rodata._ZZ8checksumPKhjE12__FUNCTION__
                0x00800128        0x9 main.o
 .rodata._ZZ10init_setupvE12__FUNCTION__
                0x00800131        0xb main.o
 .rodata._ZZ4mainE12__FUNCTION__
                0x0080013c        0x5 main.o
 .rodata._ZTV14HardwareSerial
                0x00800141       0x12 C:\Users\aplaf\Desktop\ets\ELE795\PROJET~1\FIRMWA~1\FIRMWA~1\ARDUIN~1\Debug\libArduinoCore.a(HardwareSerial.o)
                0x00800141                _ZTV14HardwareSerial
 .rodata.str1.1
                0x00800153        0xf C:\Users\aplaf\Desktop\ets\ELE795\PROJET~1\FIRMWA~1\FIRMWA~1\ARDUIN~1\Debug\libArduinoCore.a(Print.o)
 .rodata._ZL17DS3231_ALARM_ADDR
                0x00800162        0x2 C:\Users\aplaf\Desktop\ets\ELE795\PROJET~1\FIRMWA~1\FIRMWA~1\ARDUIN~1\Debug\libArduinoCore.a(DS3231.o)
 .rodata._ZL13DAYS_IN_MONTH
                0x00800164        0xc C:\Users\aplaf\Desktop\ets\ELE795\PROJET~1\FIRMWA~1\FIRMWA~1\ARDUIN~1\Debug\libArduinoCore.a(DS3231.o)
 .rodata._ZTV7TwoWire
                0x00800170       0x12 C:\Users\aplaf\Desktop\ets\ELE795\PROJET~1\FIRMWA~1\FIRMWA~1\ARDUIN~1\Debug\libArduinoCore.a(Wire.o)
                0x00800170                _ZTV7TwoWire
 .rodata.str1.1
                0x00800182       0x32 C:\Users\aplaf\Desktop\ets\ELE795\PROJET~1\FIRMWA~1\FIRMWA~1\ARDUIN~1\Debug\libArduinoCore.a(modules.o)
                                 0x34 (size before relaxing)
 .rodata._ZZ12exec_modulesPhE12__FUNCTION__
                0x008001b4        0xd C:\Users\aplaf\Desktop\ets\ELE795\PROJET~1\FIRMWA~1\FIRMWA~1\ARDUIN~1\Debug\libArduinoCore.a(modules.o)
 .rodata._ZZ12init_modulesvE12__FUNCTION__
                0x008001c1        0xd C:\Users\aplaf\Desktop\ets\ELE795\PROJET~1\FIRMWA~1\FIRMWA~1\ARDUIN~1\Debug\libArduinoCore.a(modules.o)
 .rodata._ZZ13_hdc1080_readP8Sensor_tPhE12__FUNCTION__
                0x008001ce        0xe C:\Users\aplaf\Desktop\ets\ELE795\PROJET~1\FIRMWA~1\FIRMWA~1\ARDUIN~1\Debug\libArduinoCore.a(modules.o)
 .rodata._ZZ13_hdc1080_initP8Sensor_tE12__FUNCTION__
                0x008001dc        0xe C:\Users\aplaf\Desktop\ets\ELE795\PROJET~1\FIRMWA~1\FIRMWA~1\ARDUIN~1\Debug\libArduinoCore.a(modules.o)
 .rodata._ZZ12_as7262_readP8Sensor_tPhE12__FUNCTION__
                0x008001ea        0xd C:\Users\aplaf\Desktop\ets\ELE795\PROJET~1\FIRMWA~1\FIRMWA~1\ARDUIN~1\Debug\libArduinoCore.a(modules.o)
 .rodata._ZZ12_as7262_initP8Sensor_tE12__FUNCTION__
                0x008001f7        0xd C:\Users\aplaf\Desktop\ets\ELE795\PROJET~1\FIRMWA~1\FIRMWA~1\ARDUIN~1\Debug\libArduinoCore.a(modules.o)
 .rodata._ZZ10goto_sleepvE12__FUNCTION__
                0x00800204        0xb C:\Users\aplaf\Desktop\ets\ELE795\PROJET~1\FIRMWA~1\FIRMWA~1\ARDUIN~1\Debug\libArduinoCore.a(sleep.o)
 .rodata.str1.1
                0x0080020f       0x1f C:\Users\aplaf\Desktop\ets\ELE795\PROJET~1\FIRMWA~1\FIRMWA~1\ARDUIN~1\Debug\libArduinoCore.a(status.o)
 .rodata._ZZ22status_blinker_disablevE12__FUNCTION__
                0x0080022e       0x17 C:\Users\aplaf\Desktop\ets\ELE795\PROJET~1\FIRMWA~1\FIRMWA~1\ARDUIN~1\Debug\libArduinoCore.a(status.o)
 .rodata._ZZ19status_blinker_initvE12__FUNCTION__
                0x00800245       0x14 C:\Users\aplaf\Desktop\ets\ELE795\PROJET~1\FIRMWA~1\FIRMWA~1\ARDUIN~1\Debug\libArduinoCore.a(status.o)
 .rodata._ZZ12signal_erroriE12__FUNCTION__
                0x00800259        0xd C:\Users\aplaf\Desktop\ets\ELE795\PROJET~1\FIRMWA~1\FIRMWA~1\ARDUIN~1\Debug\libArduinoCore.a(status.o)
 .rodata.str1.1
                0x00800266       0x20 C:\Users\aplaf\Desktop\ets\ELE795\PROJET~1\FIRMWA~1\FIRMWA~1\ARDUIN~1\Debug\libArduinoCore.a(memory.o)
 .rodata._ZZ7sd_initvE12__FUNCTION__
                0x00800286        0x8 C:\Users\aplaf\Desktop\ets\ELE795\PROJET~1\FIRMWA~1\FIRMWA~1\ARDUIN~1\Debug\libArduinoCore.a(memory.o)
 .rodata._ZZ10save_framePcPhhE12__FUNCTION__
                0x0080028e        0xb C:\Users\aplaf\Desktop\ets\ELE795\PROJET~1\FIRMWA~1\FIRMWA~1\ARDUIN~1\Debug\libArduinoCore.a(memory.o)
 .rodata.str1.1
                0x00800299       0x5a C:\Users\aplaf\Desktop\ets\ELE795\PROJET~1\FIRMWA~1\FIRMWA~1\ARDUIN~1\Debug\libArduinoCore.a(rtc.o)
 .rodata._ZZ11ds3231_inithE12__FUNCTION__
                0x008002f3        0xc C:\Users\aplaf\Desktop\ets\ELE795\PROJET~1\FIRMWA~1\FIRMWA~1\ARDUIN~1\Debug\libArduinoCore.a(rtc.o)
 *(.gnu.linkonce.r*)
                0x00800300                . = ALIGN (0x2)
 *fill*         0x008002ff        0x1 
                0x00800300                _edata = .
                0x00800300                PROVIDE (__data_end, .)

.bss            0x00800300      0x1a0
                0x00800300                PROVIDE (__bss_start, .)
 *(.bss)
 *(.bss*)
 .bss.Serial    0x00800300       0x9d C:\Users\aplaf\Desktop\ets\ELE795\PROJET~1\FIRMWA~1\FIRMWA~1\ARDUIN~1\Debug\libArduinoCore.a(HardwareSerial0.o)
                0x00800300                Serial
 .bss.timer0_fract
                0x0080039d        0x1 C:\Users\aplaf\Desktop\ets\ELE795\PROJET~1\FIRMWA~1\FIRMWA~1\ARDUIN~1\Debug\libArduinoCore.a(wiring.o)
 .bss.timer0_millis
                0x0080039e        0x4 C:\Users\aplaf\Desktop\ets\ELE795\PROJET~1\FIRMWA~1\FIRMWA~1\ARDUIN~1\Debug\libArduinoCore.a(wiring.o)
                0x0080039e                timer0_millis
 .bss.timer0_overflow_count
                0x008003a2        0x4 C:\Users\aplaf\Desktop\ets\ELE795\PROJET~1\FIRMWA~1\FIRMWA~1\ARDUIN~1\Debug\libArduinoCore.a(wiring.o)
                0x008003a2                timer0_overflow_count
 .bss.ts        0x008003a6        0xb C:\Users\aplaf\Desktop\ets\ELE795\PROJET~1\FIRMWA~1\FIRMWA~1\ARDUIN~1\Debug\libArduinoCore.a(DS3231.o)
                0x008003a6                ts
 .bss.Wire      0x008003b1        0xc C:\Users\aplaf\Desktop\ets\ELE795\PROJET~1\FIRMWA~1\FIRMWA~1\ARDUIN~1\Debug\libArduinoCore.a(Wire.o)
                0x008003b1                Wire
 .bss._ZN7TwoWire14user_onReceiveE
                0x008003bd        0x2 C:\Users\aplaf\Desktop\ets\ELE795\PROJET~1\FIRMWA~1\FIRMWA~1\ARDUIN~1\Debug\libArduinoCore.a(Wire.o)
                0x008003bd                _ZN7TwoWire14user_onReceiveE
 .bss._ZN7TwoWire14user_onRequestE
                0x008003bf        0x2 C:\Users\aplaf\Desktop\ets\ELE795\PROJET~1\FIRMWA~1\FIRMWA~1\ARDUIN~1\Debug\libArduinoCore.a(Wire.o)
                0x008003bf                _ZN7TwoWire14user_onRequestE
 .bss._ZN7TwoWire12transmittingE
                0x008003c1        0x1 C:\Users\aplaf\Desktop\ets\ELE795\PROJET~1\FIRMWA~1\FIRMWA~1\ARDUIN~1\Debug\libArduinoCore.a(Wire.o)
                0x008003c1                _ZN7TwoWire12transmittingE
 .bss._ZN7TwoWire14txBufferLengthE
                0x008003c2        0x1 C:\Users\aplaf\Desktop\ets\ELE795\PROJET~1\FIRMWA~1\FIRMWA~1\ARDUIN~1\Debug\libArduinoCore.a(Wire.o)
                0x008003c2                _ZN7TwoWire14txBufferLengthE
 .bss._ZN7TwoWire13txBufferIndexE
                0x008003c3        0x1 C:\Users\aplaf\Desktop\ets\ELE795\PROJET~1\FIRMWA~1\FIRMWA~1\ARDUIN~1\Debug\libArduinoCore.a(Wire.o)
                0x008003c3                _ZN7TwoWire13txBufferIndexE
 .bss._ZN7TwoWire8txBufferE
                0x008003c4       0x20 C:\Users\aplaf\Desktop\ets\ELE795\PROJET~1\FIRMWA~1\FIRMWA~1\ARDUIN~1\Debug\libArduinoCore.a(Wire.o)
                0x008003c4                _ZN7TwoWire8txBufferE
 .bss._ZN7TwoWire9txAddressE
                0x008003e4        0x1 C:\Users\aplaf\Desktop\ets\ELE795\PROJET~1\FIRMWA~1\FIRMWA~1\ARDUIN~1\Debug\libArduinoCore.a(Wire.o)
                0x008003e4                _ZN7TwoWire9txAddressE
 .bss._ZN7TwoWire14rxBufferLengthE
                0x008003e5        0x1 C:\Users\aplaf\Desktop\ets\ELE795\PROJET~1\FIRMWA~1\FIRMWA~1\ARDUIN~1\Debug\libArduinoCore.a(Wire.o)
                0x008003e5                _ZN7TwoWire14rxBufferLengthE
 .bss._ZN7TwoWire13rxBufferIndexE
                0x008003e6        0x1 C:\Users\aplaf\Desktop\ets\ELE795\PROJET~1\FIRMWA~1\FIRMWA~1\ARDUIN~1\Debug\libArduinoCore.a(Wire.o)
                0x008003e6                _ZN7TwoWire13rxBufferIndexE
 .bss._ZN7TwoWire8rxBufferE
                0x008003e7       0x20 C:\Users\aplaf\Desktop\ets\ELE795\PROJET~1\FIRMWA~1\FIRMWA~1\ARDUIN~1\Debug\libArduinoCore.a(Wire.o)
                0x008003e7                _ZN7TwoWire8rxBufferE
 .bss.hdc1080_sensor
                0x00800407        0x1 C:\Users\aplaf\Desktop\ets\ELE795\PROJET~1\FIRMWA~1\FIRMWA~1\ARDUIN~1\Debug\libArduinoCore.a(modules.o)
                0x00800407                hdc1080_sensor
 .bss.as7262_sensor
                0x00800408        0x6 C:\Users\aplaf\Desktop\ets\ELE795\PROJET~1\FIRMWA~1\FIRMWA~1\ARDUIN~1\Debug\libArduinoCore.a(modules.o)
                0x00800408                as7262_sensor
 .bss.hdc1080   0x0080040e        0x6 C:\Users\aplaf\Desktop\ets\ELE795\PROJET~1\FIRMWA~1\FIRMWA~1\ARDUIN~1\Debug\libArduinoCore.a(modules.o)
                0x0080040e                hdc1080
 .bss.as7262    0x00800414        0x6 C:\Users\aplaf\Desktop\ets\ELE795\PROJET~1\FIRMWA~1\FIRMWA~1\ARDUIN~1\Debug\libArduinoCore.a(modules.o)
                0x00800414                as7262
 .bss._ZZ10goto_sleepvE10prevADCSRA
                0x0080041a        0x1 C:\Users\aplaf\Desktop\ets\ELE795\PROJET~1\FIRMWA~1\FIRMWA~1\ARDUIN~1\Debug\libArduinoCore.a(sleep.o)
 .bss._ZGVZ10goto_sleepvE10prevADCSRA
                0x0080041b        0x8 C:\Users\aplaf\Desktop\ets\ELE795\PROJET~1\FIRMWA~1\FIRMWA~1\ARDUIN~1\Debug\libArduinoCore.a(sleep.o)
 .bss.wake_flag
                0x00800423        0x1 C:\Users\aplaf\Desktop\ets\ELE795\PROJET~1\FIRMWA~1\FIRMWA~1\ARDUIN~1\Debug\libArduinoCore.a(sleep.o)
                0x00800423                wake_flag
 .bss.initStatus
                0x00800424        0x2 C:\Users\aplaf\Desktop\ets\ELE795\PROJET~1\FIRMWA~1\FIRMWA~1\ARDUIN~1\Debug\libArduinoCore.a(status.o)
                0x00800424                initStatus
 .bss.ledState  0x00800426        0x2 C:\Users\aplaf\Desktop\ets\ELE795\PROJET~1\FIRMWA~1\FIRMWA~1\ARDUIN~1\Debug\libArduinoCore.a(status.o)
                0x00800426                ledState
 .bss.twi_error
                0x00800428        0x1 C:\Users\aplaf\Desktop\ets\ELE795\PROJET~1\FIRMWA~1\FIRMWA~1\ARDUIN~1\Debug\libArduinoCore.a(twi.o)
 .bss.twi_rxBufferIndex
                0x00800429        0x1 C:\Users\aplaf\Desktop\ets\ELE795\PROJET~1\FIRMWA~1\FIRMWA~1\ARDUIN~1\Debug\libArduinoCore.a(twi.o)
 .bss.twi_rxBuffer
                0x0080042a       0x20 C:\Users\aplaf\Desktop\ets\ELE795\PROJET~1\FIRMWA~1\FIRMWA~1\ARDUIN~1\Debug\libArduinoCore.a(twi.o)
 .bss.twi_txBufferLength
                0x0080044a        0x1 C:\Users\aplaf\Desktop\ets\ELE795\PROJET~1\FIRMWA~1\FIRMWA~1\ARDUIN~1\Debug\libArduinoCore.a(twi.o)
 .bss.twi_txBufferIndex
                0x0080044b        0x1 C:\Users\aplaf\Desktop\ets\ELE795\PROJET~1\FIRMWA~1\FIRMWA~1\ARDUIN~1\Debug\libArduinoCore.a(twi.o)
 .bss.twi_txBuffer
                0x0080044c       0x20 C:\Users\aplaf\Desktop\ets\ELE795\PROJET~1\FIRMWA~1\FIRMWA~1\ARDUIN~1\Debug\libArduinoCore.a(twi.o)
 .bss.twi_masterBufferLength
                0x0080046c        0x1 C:\Users\aplaf\Desktop\ets\ELE795\PROJET~1\FIRMWA~1\FIRMWA~1\ARDUIN~1\Debug\libArduinoCore.a(twi.o)
 .bss.twi_masterBufferIndex
                0x0080046d        0x1 C:\Users\aplaf\Desktop\ets\ELE795\PROJET~1\FIRMWA~1\FIRMWA~1\ARDUIN~1\Debug\libArduinoCore.a(twi.o)
 .bss.twi_masterBuffer
                0x0080046e       0x20 C:\Users\aplaf\Desktop\ets\ELE795\PROJET~1\FIRMWA~1\FIRMWA~1\ARDUIN~1\Debug\libArduinoCore.a(twi.o)
 .bss.twi_onSlaveReceive
                0x0080048e        0x2 C:\Users\aplaf\Desktop\ets\ELE795\PROJET~1\FIRMWA~1\FIRMWA~1\ARDUIN~1\Debug\libArduinoCore.a(twi.o)
 .bss.twi_onSlaveTransmit
                0x00800490        0x2 C:\Users\aplaf\Desktop\ets\ELE795\PROJET~1\FIRMWA~1\FIRMWA~1\ARDUIN~1\Debug\libArduinoCore.a(twi.o)
 .bss.twi_do_reset_on_timeout
                0x00800492        0x1 C:\Users\aplaf\Desktop\ets\ELE795\PROJET~1\FIRMWA~1\FIRMWA~1\ARDUIN~1\Debug\libArduinoCore.a(twi.o)
 .bss.twi_timed_out_flag
                0x00800493        0x1 C:\Users\aplaf\Desktop\ets\ELE795\PROJET~1\FIRMWA~1\FIRMWA~1\ARDUIN~1\Debug\libArduinoCore.a(twi.o)
 .bss.twi_timeout_us
                0x00800494        0x4 C:\Users\aplaf\Desktop\ets\ELE795\PROJET~1\FIRMWA~1\FIRMWA~1\ARDUIN~1\Debug\libArduinoCore.a(twi.o)
 .bss.twi_inRepStart
                0x00800498        0x1 C:\Users\aplaf\Desktop\ets\ELE795\PROJET~1\FIRMWA~1\FIRMWA~1\ARDUIN~1\Debug\libArduinoCore.a(twi.o)
 .bss.twi_sendStop
                0x00800499        0x1 C:\Users\aplaf\Desktop\ets\ELE795\PROJET~1\FIRMWA~1\FIRMWA~1\ARDUIN~1\Debug\libArduinoCore.a(twi.o)
 .bss.twi_slarw
                0x0080049a        0x1 C:\Users\aplaf\Desktop\ets\ELE795\PROJET~1\FIRMWA~1\FIRMWA~1\ARDUIN~1\Debug\libArduinoCore.a(twi.o)
 .bss.twi_state
                0x0080049b        0x1 C:\Users\aplaf\Desktop\ets\ELE795\PROJET~1\FIRMWA~1\FIRMWA~1\ARDUIN~1\Debug\libArduinoCore.a(twi.o)
 *(COMMON)
 COMMON         0x0080049c        0x4 c:/program files (x86)/atmel/studio/7.0/toolchain/avr8/avr8-gnu-toolchain/bin/../lib/gcc/avr/5.4.0/../../../../avr/lib/avr5\libc.a(malloc.o)
                0x0080049c                __brkval
                0x0080049e                __flp
                0x008004a0                PROVIDE (__bss_end, .)
                0x00003736                __data_load_start = LOADADDR (.data)
                0x00003936                __data_load_end = (__data_load_start + SIZEOF (.data))

.noinit         0x008004a0        0x0
                [!provide]                PROVIDE (__noinit_start, .)
 *(.noinit*)
                [!provide]                PROVIDE (__noinit_end, .)
                0x008004a0                _end = .
                0x008004a0                PROVIDE (__heap_start, .)

.eeprom         0x00810000        0x0
 *(.eeprom*)
                0x00810000                __eeprom_end = .

.fuse
 *(.fuse)
 *(.lfuse)
 *(.hfuse)
 *(.efuse)

.lock
 *(.lock*)

.signature
 *(.signature*)

.user_signatures
 *(.user_signatures*)

.stab
 *(.stab)

.stabstr
 *(.stabstr)

.stab.excl
 *(.stab.excl)

.stab.exclstr
 *(.stab.exclstr)

.stab.index
 *(.stab.index)

.stab.indexstr
 *(.stab.indexstr)

.comment        0x00000000       0x30
 *(.comment)
 .comment       0x00000000       0x30 main.o
                                 0x31 (size before relaxing)
 .comment       0x00000030       0x31 C:\Users\aplaf\Desktop\ets\ELE795\PROJET~1\FIRMWA~1\FIRMWA~1\ARDUIN~1\Debug\libArduinoCore.a(HardwareSerial.o)
 .comment       0x00000030       0x31 C:\Users\aplaf\Desktop\ets\ELE795\PROJET~1\FIRMWA~1\FIRMWA~1\ARDUIN~1\Debug\libArduinoCore.a(HardwareSerial0.o)
 .comment       0x00000030       0x31 C:\Users\aplaf\Desktop\ets\ELE795\PROJET~1\FIRMWA~1\FIRMWA~1\ARDUIN~1\Debug\libArduinoCore.a(Print.o)
 .comment       0x00000030       0x31 C:\Users\aplaf\Desktop\ets\ELE795\PROJET~1\FIRMWA~1\FIRMWA~1\ARDUIN~1\Debug\libArduinoCore.a(wiring.o)
 .comment       0x00000030       0x31 C:\Users\aplaf\Desktop\ets\ELE795\PROJET~1\FIRMWA~1\FIRMWA~1\ARDUIN~1\Debug\libArduinoCore.a(wiring_digital.o)
 .comment       0x00000030       0x31 C:\Users\aplaf\Desktop\ets\ELE795\PROJET~1\FIRMWA~1\FIRMWA~1\ARDUIN~1\Debug\libArduinoCore.a(DS3231.o)
 .comment       0x00000030       0x31 C:\Users\aplaf\Desktop\ets\ELE795\PROJET~1\FIRMWA~1\FIRMWA~1\ARDUIN~1\Debug\libArduinoCore.a(Wire.o)
 .comment       0x00000030       0x31 C:\Users\aplaf\Desktop\ets\ELE795\PROJET~1\FIRMWA~1\FIRMWA~1\ARDUIN~1\Debug\libArduinoCore.a(modules.o)
 .comment       0x00000030       0x31 C:\Users\aplaf\Desktop\ets\ELE795\PROJET~1\FIRMWA~1\FIRMWA~1\ARDUIN~1\Debug\libArduinoCore.a(sleep.o)
 .comment       0x00000030       0x31 C:\Users\aplaf\Desktop\ets\ELE795\PROJET~1\FIRMWA~1\FIRMWA~1\ARDUIN~1\Debug\libArduinoCore.a(status.o)
 .comment       0x00000030       0x31 C:\Users\aplaf\Desktop\ets\ELE795\PROJET~1\FIRMWA~1\FIRMWA~1\ARDUIN~1\Debug\libArduinoCore.a(memory.o)
 .comment       0x00000030       0x31 C:\Users\aplaf\Desktop\ets\ELE795\PROJET~1\FIRMWA~1\FIRMWA~1\ARDUIN~1\Debug\libArduinoCore.a(rtc.o)
 .comment       0x00000030       0x31 C:\Users\aplaf\Desktop\ets\ELE795\PROJET~1\FIRMWA~1\FIRMWA~1\ARDUIN~1\Debug\libArduinoCore.a(Adafruit_AS726x.o)
 .comment       0x00000030       0x31 C:\Users\aplaf\Desktop\ets\ELE795\PROJET~1\FIRMWA~1\FIRMWA~1\ARDUIN~1\Debug\libArduinoCore.a(ClosedCube_HDC1080.o)
 .comment       0x00000030       0x31 C:\Users\aplaf\Desktop\ets\ELE795\PROJET~1\FIRMWA~1\FIRMWA~1\ARDUIN~1\Debug\libArduinoCore.a(hooks.o)
 .comment       0x00000030       0x31 C:\Users\aplaf\Desktop\ets\ELE795\PROJET~1\FIRMWA~1\FIRMWA~1\ARDUIN~1\Debug\libArduinoCore.a(new.o)
 .comment       0x00000030       0x31 C:\Users\aplaf\Desktop\ets\ELE795\PROJET~1\FIRMWA~1\FIRMWA~1\ARDUIN~1\Debug\libArduinoCore.a(WInterrupts.o)
 .comment       0x00000030       0x31 C:\Users\aplaf\Desktop\ets\ELE795\PROJET~1\FIRMWA~1\FIRMWA~1\ARDUIN~1\Debug\libArduinoCore.a(Adafruit_I2CDevice.o)
 .comment       0x00000030       0x31 C:\Users\aplaf\Desktop\ets\ELE795\PROJET~1\FIRMWA~1\FIRMWA~1\ARDUIN~1\Debug\libArduinoCore.a(twi.o)
 .comment       0x00000030       0x31 c:/program files (x86)/atmel/studio/7.0/toolchain/avr8/avr8-gnu-toolchain/bin/../lib/gcc/avr/5.4.0/../../../../avr/lib/avr5\libc.a(malloc.o)

.note.gnu.avr.deviceinfo
                0x00000000       0x40
 .note.gnu.avr.deviceinfo
                0x00000000       0x40 C:/Program Files (x86)/Atmel/Studio/7.0/Packs/atmel/ATmega_DFP/1.6.364/gcc/dev/atmega328p/avr5/crtatmega328p.o

.note.gnu.build-id
 *(.note.gnu.build-id)

.debug
 *(.debug)

.line
 *(.line)

.debug_srcinfo
 *(.debug_srcinfo)

.debug_sfnames
 *(.debug_sfnames)

.debug_aranges  0x00000000      0x7e8
 *(.debug_aranges)
 .debug_aranges
                0x00000000       0x30 main.o
 .debug_aranges
                0x00000030       0x68 C:\Users\aplaf\Desktop\ets\ELE795\PROJET~1\FIRMWA~1\FIRMWA~1\ARDUIN~1\Debug\libArduinoCore.a(HardwareSerial.o)
 .debug_aranges
                0x00000098       0x48 C:\Users\aplaf\Desktop\ets\ELE795\PROJET~1\FIRMWA~1\FIRMWA~1\ARDUIN~1\Debug\libArduinoCore.a(HardwareSerial0.o)
 .debug_aranges
                0x000000e0      0x100 C:\Users\aplaf\Desktop\ets\ELE795\PROJET~1\FIRMWA~1\FIRMWA~1\ARDUIN~1\Debug\libArduinoCore.a(Print.o)
 .debug_aranges
                0x000001e0       0x48 C:\Users\aplaf\Desktop\ets\ELE795\PROJET~1\FIRMWA~1\FIRMWA~1\ARDUIN~1\Debug\libArduinoCore.a(wiring.o)
 .debug_aranges
                0x00000228       0x38 C:\Users\aplaf\Desktop\ets\ELE795\PROJET~1\FIRMWA~1\FIRMWA~1\ARDUIN~1\Debug\libArduinoCore.a(wiring_digital.o)
 .debug_aranges
                0x00000260       0x70 C:\Users\aplaf\Desktop\ets\ELE795\PROJET~1\FIRMWA~1\FIRMWA~1\ARDUIN~1\Debug\libArduinoCore.a(DS3231.o)
 .debug_aranges
                0x000002d0      0x110 C:\Users\aplaf\Desktop\ets\ELE795\PROJET~1\FIRMWA~1\FIRMWA~1\ARDUIN~1\Debug\libArduinoCore.a(Wire.o)
 .debug_aranges
                0x000003e0       0x58 C:\Users\aplaf\Desktop\ets\ELE795\PROJET~1\FIRMWA~1\FIRMWA~1\ARDUIN~1\Debug\libArduinoCore.a(modules.o)
 .debug_aranges
                0x00000438       0x28 C:\Users\aplaf\Desktop\ets\ELE795\PROJET~1\FIRMWA~1\FIRMWA~1\ARDUIN~1\Debug\libArduinoCore.a(sleep.o)
 .debug_aranges
                0x00000460       0x38 C:\Users\aplaf\Desktop\ets\ELE795\PROJET~1\FIRMWA~1\FIRMWA~1\ARDUIN~1\Debug\libArduinoCore.a(status.o)
 .debug_aranges
                0x00000498       0x30 C:\Users\aplaf\Desktop\ets\ELE795\PROJET~1\FIRMWA~1\FIRMWA~1\ARDUIN~1\Debug\libArduinoCore.a(memory.o)
 .debug_aranges
                0x000004c8       0x28 C:\Users\aplaf\Desktop\ets\ELE795\PROJET~1\FIRMWA~1\FIRMWA~1\ARDUIN~1\Debug\libArduinoCore.a(rtc.o)
 .debug_aranges
                0x000004f0       0xe0 C:\Users\aplaf\Desktop\ets\ELE795\PROJET~1\FIRMWA~1\FIRMWA~1\ARDUIN~1\Debug\libArduinoCore.a(Adafruit_AS726x.o)
 .debug_aranges
                0x000005d0       0x88 C:\Users\aplaf\Desktop\ets\ELE795\PROJET~1\FIRMWA~1\FIRMWA~1\ARDUIN~1\Debug\libArduinoCore.a(ClosedCube_HDC1080.o)
 .debug_aranges
                0x00000658       0x20 C:\Users\aplaf\Desktop\ets\ELE795\PROJET~1\FIRMWA~1\FIRMWA~1\ARDUIN~1\Debug\libArduinoCore.a(hooks.o)
 .debug_aranges
                0x00000678       0x30 C:\Users\aplaf\Desktop\ets\ELE795\PROJET~1\FIRMWA~1\FIRMWA~1\ARDUIN~1\Debug\libArduinoCore.a(new.o)
 .debug_aranges
                0x000006a8       0x40 C:\Users\aplaf\Desktop\ets\ELE795\PROJET~1\FIRMWA~1\FIRMWA~1\ARDUIN~1\Debug\libArduinoCore.a(WInterrupts.o)
 .debug_aranges
                0x000006e8       0x68 C:\Users\aplaf\Desktop\ets\ELE795\PROJET~1\FIRMWA~1\FIRMWA~1\ARDUIN~1\Debug\libArduinoCore.a(Adafruit_I2CDevice.o)
 .debug_aranges
                0x00000750       0x98 C:\Users\aplaf\Desktop\ets\ELE795\PROJET~1\FIRMWA~1\FIRMWA~1\ARDUIN~1\Debug\libArduinoCore.a(twi.o)

.debug_pubnames
 *(.debug_pubnames)

.debug_info     0x00000000    0x1356e
 *(.debug_info .gnu.linkonce.wi.*)
 .debug_info    0x00000000      0x5f4 C:/Program Files (x86)/Atmel/Studio/7.0/Packs/atmel/ATmega_DFP/1.6.364/gcc/dev/atmega328p/avr5/crtatmega328p.o
 .debug_info    0x000005f4      0x6df main.o
 .debug_info    0x00000cd3     0x1f64 C:\Users\aplaf\Desktop\ets\ELE795\PROJET~1\FIRMWA~1\FIRMWA~1\ARDUIN~1\Debug\libArduinoCore.a(HardwareSerial.o)
 .debug_info    0x00002c37     0x1b16 C:\Users\aplaf\Desktop\ets\ELE795\PROJET~1\FIRMWA~1\FIRMWA~1\ARDUIN~1\Debug\libArduinoCore.a(HardwareSerial0.o)
 .debug_info    0x0000474d     0x28ff C:\Users\aplaf\Desktop\ets\ELE795\PROJET~1\FIRMWA~1\FIRMWA~1\ARDUIN~1\Debug\libArduinoCore.a(Print.o)
 .debug_info    0x0000704c      0x2cb C:\Users\aplaf\Desktop\ets\ELE795\PROJET~1\FIRMWA~1\FIRMWA~1\ARDUIN~1\Debug\libArduinoCore.a(wiring.o)
 .debug_info    0x00007317      0x5fe C:\Users\aplaf\Desktop\ets\ELE795\PROJET~1\FIRMWA~1\FIRMWA~1\ARDUIN~1\Debug\libArduinoCore.a(wiring_digital.o)
 .debug_info    0x00007915      0xaf2 C:\Users\aplaf\Desktop\ets\ELE795\PROJET~1\FIRMWA~1\FIRMWA~1\ARDUIN~1\Debug\libArduinoCore.a(DS3231.o)
 .debug_info    0x00008407     0x2910 C:\Users\aplaf\Desktop\ets\ELE795\PROJET~1\FIRMWA~1\FIRMWA~1\ARDUIN~1\Debug\libArduinoCore.a(Wire.o)
 .debug_info    0x0000ad17     0x18d1 C:\Users\aplaf\Desktop\ets\ELE795\PROJET~1\FIRMWA~1\FIRMWA~1\ARDUIN~1\Debug\libArduinoCore.a(modules.o)
 .debug_info    0x0000c5e8      0x30a C:\Users\aplaf\Desktop\ets\ELE795\PROJET~1\FIRMWA~1\FIRMWA~1\ARDUIN~1\Debug\libArduinoCore.a(sleep.o)
 .debug_info    0x0000c8f2      0x50b C:\Users\aplaf\Desktop\ets\ELE795\PROJET~1\FIRMWA~1\FIRMWA~1\ARDUIN~1\Debug\libArduinoCore.a(status.o)
 .debug_info    0x0000cdfd      0xaa9 C:\Users\aplaf\Desktop\ets\ELE795\PROJET~1\FIRMWA~1\FIRMWA~1\ARDUIN~1\Debug\libArduinoCore.a(memory.o)
 .debug_info    0x0000d8a6      0x588 C:\Users\aplaf\Desktop\ets\ELE795\PROJET~1\FIRMWA~1\FIRMWA~1\ARDUIN~1\Debug\libArduinoCore.a(rtc.o)
 .debug_info    0x0000de2e     0x1de9 C:\Users\aplaf\Desktop\ets\ELE795\PROJET~1\FIRMWA~1\FIRMWA~1\ARDUIN~1\Debug\libArduinoCore.a(Adafruit_AS726x.o)
 .debug_info    0x0000fc17     0x2254 C:\Users\aplaf\Desktop\ets\ELE795\PROJET~1\FIRMWA~1\FIRMWA~1\ARDUIN~1\Debug\libArduinoCore.a(ClosedCube_HDC1080.o)
 .debug_info    0x00011e6b       0x3e C:\Users\aplaf\Desktop\ets\ELE795\PROJET~1\FIRMWA~1\FIRMWA~1\ARDUIN~1\Debug\libArduinoCore.a(hooks.o)
 .debug_info    0x00011ea9      0x15f C:\Users\aplaf\Desktop\ets\ELE795\PROJET~1\FIRMWA~1\FIRMWA~1\ARDUIN~1\Debug\libArduinoCore.a(new.o)
 .debug_info    0x00012008      0x21c C:\Users\aplaf\Desktop\ets\ELE795\PROJET~1\FIRMWA~1\FIRMWA~1\ARDUIN~1\Debug\libArduinoCore.a(WInterrupts.o)
 .debug_info    0x00012224      0xa6e C:\Users\aplaf\Desktop\ets\ELE795\PROJET~1\FIRMWA~1\FIRMWA~1\ARDUIN~1\Debug\libArduinoCore.a(Adafruit_I2CDevice.o)
 .debug_info    0x00012c92      0x8dc C:\Users\aplaf\Desktop\ets\ELE795\PROJET~1\FIRMWA~1\FIRMWA~1\ARDUIN~1\Debug\libArduinoCore.a(twi.o)

.debug_abbrev   0x00000000     0x3db0
 *(.debug_abbrev)
 .debug_abbrev  0x00000000      0x5a2 C:/Program Files (x86)/Atmel/Studio/7.0/Packs/atmel/ATmega_DFP/1.6.364/gcc/dev/atmega328p/avr5/crtatmega328p.o
 .debug_abbrev  0x000005a2      0x26a main.o
 .debug_abbrev  0x0000080c      0x4b7 C:\Users\aplaf\Desktop\ets\ELE795\PROJET~1\FIRMWA~1\FIRMWA~1\ARDUIN~1\Debug\libArduinoCore.a(HardwareSerial.o)
 .debug_abbrev  0x00000cc3      0x3ce C:\Users\aplaf\Desktop\ets\ELE795\PROJET~1\FIRMWA~1\FIRMWA~1\ARDUIN~1\Debug\libArduinoCore.a(HardwareSerial0.o)
 .debug_abbrev  0x00001091      0x47a C:\Users\aplaf\Desktop\ets\ELE795\PROJET~1\FIRMWA~1\FIRMWA~1\ARDUIN~1\Debug\libArduinoCore.a(Print.o)
 .debug_abbrev  0x0000150b      0x146 C:\Users\aplaf\Desktop\ets\ELE795\PROJET~1\FIRMWA~1\FIRMWA~1\ARDUIN~1\Debug\libArduinoCore.a(wiring.o)
 .debug_abbrev  0x00001651      0x15b C:\Users\aplaf\Desktop\ets\ELE795\PROJET~1\FIRMWA~1\FIRMWA~1\ARDUIN~1\Debug\libArduinoCore.a(wiring_digital.o)
 .debug_abbrev  0x000017ac      0x2d7 C:\Users\aplaf\Desktop\ets\ELE795\PROJET~1\FIRMWA~1\FIRMWA~1\ARDUIN~1\Debug\libArduinoCore.a(DS3231.o)
 .debug_abbrev  0x00001a83      0x563 C:\Users\aplaf\Desktop\ets\ELE795\PROJET~1\FIRMWA~1\FIRMWA~1\ARDUIN~1\Debug\libArduinoCore.a(Wire.o)
 .debug_abbrev  0x00001fe6      0x4af C:\Users\aplaf\Desktop\ets\ELE795\PROJET~1\FIRMWA~1\FIRMWA~1\ARDUIN~1\Debug\libArduinoCore.a(modules.o)
 .debug_abbrev  0x00002495      0x191 C:\Users\aplaf\Desktop\ets\ELE795\PROJET~1\FIRMWA~1\FIRMWA~1\ARDUIN~1\Debug\libArduinoCore.a(sleep.o)
 .debug_abbrev  0x00002626      0x1e2 C:\Users\aplaf\Desktop\ets\ELE795\PROJET~1\FIRMWA~1\FIRMWA~1\ARDUIN~1\Debug\libArduinoCore.a(status.o)
 .debug_abbrev  0x00002808      0x251 C:\Users\aplaf\Desktop\ets\ELE795\PROJET~1\FIRMWA~1\FIRMWA~1\ARDUIN~1\Debug\libArduinoCore.a(memory.o)
 .debug_abbrev  0x00002a59      0x1e3 C:\Users\aplaf\Desktop\ets\ELE795\PROJET~1\FIRMWA~1\FIRMWA~1\ARDUIN~1\Debug\libArduinoCore.a(rtc.o)
 .debug_abbrev  0x00002c3c      0x459 C:\Users\aplaf\Desktop\ets\ELE795\PROJET~1\FIRMWA~1\FIRMWA~1\ARDUIN~1\Debug\libArduinoCore.a(Adafruit_AS726x.o)
 .debug_abbrev  0x00003095      0x48b C:\Users\aplaf\Desktop\ets\ELE795\PROJET~1\FIRMWA~1\FIRMWA~1\ARDUIN~1\Debug\libArduinoCore.a(ClosedCube_HDC1080.o)
 .debug_abbrev  0x00003520       0x2a C:\Users\aplaf\Desktop\ets\ELE795\PROJET~1\FIRMWA~1\FIRMWA~1\ARDUIN~1\Debug\libArduinoCore.a(hooks.o)
 .debug_abbrev  0x0000354a      0x109 C:\Users\aplaf\Desktop\ets\ELE795\PROJET~1\FIRMWA~1\FIRMWA~1\ARDUIN~1\Debug\libArduinoCore.a(new.o)
 .debug_abbrev  0x00003653       0xfc C:\Users\aplaf\Desktop\ets\ELE795\PROJET~1\FIRMWA~1\FIRMWA~1\ARDUIN~1\Debug\libArduinoCore.a(WInterrupts.o)
 .debug_abbrev  0x0000374f      0x36f C:\Users\aplaf\Desktop\ets\ELE795\PROJET~1\FIRMWA~1\FIRMWA~1\ARDUIN~1\Debug\libArduinoCore.a(Adafruit_I2CDevice.o)
 .debug_abbrev  0x00003abe      0x2f2 C:\Users\aplaf\Desktop\ets\ELE795\PROJET~1\FIRMWA~1\FIRMWA~1\ARDUIN~1\Debug\libArduinoCore.a(twi.o)

.debug_line     0x00000000     0x4c08
 *(.debug_line .debug_line.* .debug_line_end)
 .debug_line    0x00000000      0x134 C:/Program Files (x86)/Atmel/Studio/7.0/Packs/atmel/ATmega_DFP/1.6.364/gcc/dev/atmega328p/avr5/crtatmega328p.o
 .debug_line    0x00000134      0x382 main.o
 .debug_line    0x000004b6      0x4d9 C:\Users\aplaf\Desktop\ets\ELE795\PROJET~1\FIRMWA~1\FIRMWA~1\ARDUIN~1\Debug\libArduinoCore.a(HardwareSerial.o)
 .debug_line    0x0000098f      0x2a1 C:\Users\aplaf\Desktop\ets\ELE795\PROJET~1\FIRMWA~1\FIRMWA~1\ARDUIN~1\Debug\libArduinoCore.a(HardwareSerial0.o)
 .debug_line    0x00000c30      0x69a C:\Users\aplaf\Desktop\ets\ELE795\PROJET~1\FIRMWA~1\FIRMWA~1\ARDUIN~1\Debug\libArduinoCore.a(Print.o)
 .debug_line    0x000012ca      0x2ae C:\Users\aplaf\Desktop\ets\ELE795\PROJET~1\FIRMWA~1\FIRMWA~1\ARDUIN~1\Debug\libArduinoCore.a(wiring.o)
 .debug_line    0x00001578      0x267 C:\Users\aplaf\Desktop\ets\ELE795\PROJET~1\FIRMWA~1\FIRMWA~1\ARDUIN~1\Debug\libArduinoCore.a(wiring_digital.o)
 .debug_line    0x000017df      0x59e C:\Users\aplaf\Desktop\ets\ELE795\PROJET~1\FIRMWA~1\FIRMWA~1\ARDUIN~1\Debug\libArduinoCore.a(DS3231.o)
 .debug_line    0x00001d7d      0x637 C:\Users\aplaf\Desktop\ets\ELE795\PROJET~1\FIRMWA~1\FIRMWA~1\ARDUIN~1\Debug\libArduinoCore.a(Wire.o)
 .debug_line    0x000023b4      0x44f C:\Users\aplaf\Desktop\ets\ELE795\PROJET~1\FIRMWA~1\FIRMWA~1\ARDUIN~1\Debug\libArduinoCore.a(modules.o)
 .debug_line    0x00002803      0x219 C:\Users\aplaf\Desktop\ets\ELE795\PROJET~1\FIRMWA~1\FIRMWA~1\ARDUIN~1\Debug\libArduinoCore.a(sleep.o)
 .debug_line    0x00002a1c      0x2fd C:\Users\aplaf\Desktop\ets\ELE795\PROJET~1\FIRMWA~1\FIRMWA~1\ARDUIN~1\Debug\libArduinoCore.a(status.o)
 .debug_line    0x00002d19      0x299 C:\Users\aplaf\Desktop\ets\ELE795\PROJET~1\FIRMWA~1\FIRMWA~1\ARDUIN~1\Debug\libArduinoCore.a(memory.o)
 .debug_line    0x00002fb2      0x259 C:\Users\aplaf\Desktop\ets\ELE795\PROJET~1\FIRMWA~1\FIRMWA~1\ARDUIN~1\Debug\libArduinoCore.a(rtc.o)
 .debug_line    0x0000320b      0x78e C:\Users\aplaf\Desktop\ets\ELE795\PROJET~1\FIRMWA~1\FIRMWA~1\ARDUIN~1\Debug\libArduinoCore.a(Adafruit_AS726x.o)
 .debug_line    0x00003999      0x491 C:\Users\aplaf\Desktop\ets\ELE795\PROJET~1\FIRMWA~1\FIRMWA~1\ARDUIN~1\Debug\libArduinoCore.a(ClosedCube_HDC1080.o)
 .debug_line    0x00003e2a       0x41 C:\Users\aplaf\Desktop\ets\ELE795\PROJET~1\FIRMWA~1\FIRMWA~1\ARDUIN~1\Debug\libArduinoCore.a(hooks.o)
 .debug_line    0x00003e6b      0x145 C:\Users\aplaf\Desktop\ets\ELE795\PROJET~1\FIRMWA~1\FIRMWA~1\ARDUIN~1\Debug\libArduinoCore.a(new.o)
 .debug_line    0x00003fb0      0x1b7 C:\Users\aplaf\Desktop\ets\ELE795\PROJET~1\FIRMWA~1\FIRMWA~1\ARDUIN~1\Debug\libArduinoCore.a(WInterrupts.o)
 .debug_line    0x00004167      0x3d1 C:\Users\aplaf\Desktop\ets\ELE795\PROJET~1\FIRMWA~1\FIRMWA~1\ARDUIN~1\Debug\libArduinoCore.a(Adafruit_I2CDevice.o)
 .debug_line    0x00004538      0x6d0 C:\Users\aplaf\Desktop\ets\ELE795\PROJET~1\FIRMWA~1\FIRMWA~1\ARDUIN~1\Debug\libArduinoCore.a(twi.o)

.debug_frame    0x00000000     0x18ec
 *(.debug_frame)
 .debug_frame   0x00000000       0x74 main.o
 .debug_frame   0x00000074      0x110 C:\Users\aplaf\Desktop\ets\ELE795\PROJET~1\FIRMWA~1\FIRMWA~1\ARDUIN~1\Debug\libArduinoCore.a(HardwareSerial.o)
 .debug_frame   0x00000184       0xe0 C:\Users\aplaf\Desktop\ets\ELE795\PROJET~1\FIRMWA~1\FIRMWA~1\ARDUIN~1\Debug\libArduinoCore.a(HardwareSerial0.o)
 .debug_frame   0x00000264      0x3ac C:\Users\aplaf\Desktop\ets\ELE795\PROJET~1\FIRMWA~1\FIRMWA~1\ARDUIN~1\Debug\libArduinoCore.a(Print.o)
 .debug_frame   0x00000610       0xc4 C:\Users\aplaf\Desktop\ets\ELE795\PROJET~1\FIRMWA~1\FIRMWA~1\ARDUIN~1\Debug\libArduinoCore.a(wiring.o)
 .debug_frame   0x000006d4       0x7c C:\Users\aplaf\Desktop\ets\ELE795\PROJET~1\FIRMWA~1\FIRMWA~1\ARDUIN~1\Debug\libArduinoCore.a(wiring_digital.o)
 .debug_frame   0x00000750      0x1d8 C:\Users\aplaf\Desktop\ets\ELE795\PROJET~1\FIRMWA~1\FIRMWA~1\ARDUIN~1\Debug\libArduinoCore.a(DS3231.o)
 .debug_frame   0x00000928      0x2b0 C:\Users\aplaf\Desktop\ets\ELE795\PROJET~1\FIRMWA~1\FIRMWA~1\ARDUIN~1\Debug\libArduinoCore.a(Wire.o)
 .debug_frame   0x00000bd8      0x168 C:\Users\aplaf\Desktop\ets\ELE795\PROJET~1\FIRMWA~1\FIRMWA~1\ARDUIN~1\Debug\libArduinoCore.a(modules.o)
 .debug_frame   0x00000d40       0x34 C:\Users\aplaf\Desktop\ets\ELE795\PROJET~1\FIRMWA~1\FIRMWA~1\ARDUIN~1\Debug\libArduinoCore.a(sleep.o)
 .debug_frame   0x00000d74       0x9c C:\Users\aplaf\Desktop\ets\ELE795\PROJET~1\FIRMWA~1\FIRMWA~1\ARDUIN~1\Debug\libArduinoCore.a(status.o)
 .debug_frame   0x00000e10       0x64 C:\Users\aplaf\Desktop\ets\ELE795\PROJET~1\FIRMWA~1\FIRMWA~1\ARDUIN~1\Debug\libArduinoCore.a(memory.o)
 .debug_frame   0x00000e74       0x54 C:\Users\aplaf\Desktop\ets\ELE795\PROJET~1\FIRMWA~1\FIRMWA~1\ARDUIN~1\Debug\libArduinoCore.a(rtc.o)
 .debug_frame   0x00000ec8      0x370 C:\Users\aplaf\Desktop\ets\ELE795\PROJET~1\FIRMWA~1\FIRMWA~1\ARDUIN~1\Debug\libArduinoCore.a(Adafruit_AS726x.o)
 .debug_frame   0x00001238      0x188 C:\Users\aplaf\Desktop\ets\ELE795\PROJET~1\FIRMWA~1\FIRMWA~1\ARDUIN~1\Debug\libArduinoCore.a(ClosedCube_HDC1080.o)
 .debug_frame   0x000013c0       0x24 C:\Users\aplaf\Desktop\ets\ELE795\PROJET~1\FIRMWA~1\FIRMWA~1\ARDUIN~1\Debug\libArduinoCore.a(hooks.o)
 .debug_frame   0x000013e4       0x64 C:\Users\aplaf\Desktop\ets\ELE795\PROJET~1\FIRMWA~1\FIRMWA~1\ARDUIN~1\Debug\libArduinoCore.a(new.o)
 .debug_frame   0x00001448       0xf4 C:\Users\aplaf\Desktop\ets\ELE795\PROJET~1\FIRMWA~1\FIRMWA~1\ARDUIN~1\Debug\libArduinoCore.a(WInterrupts.o)
 .debug_frame   0x0000153c      0x1a8 C:\Users\aplaf\Desktop\ets\ELE795\PROJET~1\FIRMWA~1\FIRMWA~1\ARDUIN~1\Debug\libArduinoCore.a(Adafruit_I2CDevice.o)
 .debug_frame   0x000016e4      0x208 C:\Users\aplaf\Desktop\ets\ELE795\PROJET~1\FIRMWA~1\FIRMWA~1\ARDUIN~1\Debug\libArduinoCore.a(twi.o)

.debug_str      0x00000000     0x4a14
 *(.debug_str)
 .debug_str     0x00000000      0x208 C:/Program Files (x86)/Atmel/Studio/7.0/Packs/atmel/ATmega_DFP/1.6.364/gcc/dev/atmega328p/avr5/crtatmega328p.o
 .debug_str     0x00000208      0x4c7 main.o
                                0x536 (size before relaxing)
 .debug_str     0x000006cf     0x1325 C:\Users\aplaf\Desktop\ets\ELE795\PROJET~1\FIRMWA~1\FIRMWA~1\ARDUIN~1\Debug\libArduinoCore.a(HardwareSerial.o)
                               0x162b (size before relaxing)
 .debug_str     0x000019f4       0xca C:\Users\aplaf\Desktop\ets\ELE795\PROJET~1\FIRMWA~1\FIRMWA~1\ARDUIN~1\Debug\libArduinoCore.a(HardwareSerial0.o)
                               0x141e (size before relaxing)
 .debug_str     0x00001abe      0x3ce C:\Users\aplaf\Desktop\ets\ELE795\PROJET~1\FIRMWA~1\FIRMWA~1\ARDUIN~1\Debug\libArduinoCore.a(Print.o)
                               0x1258 (size before relaxing)
 .debug_str     0x00001e8c      0x15c C:\Users\aplaf\Desktop\ets\ELE795\PROJET~1\FIRMWA~1\FIRMWA~1\ARDUIN~1\Debug\libArduinoCore.a(wiring.o)
                                0x260 (size before relaxing)
 .debug_str     0x00001fe8       0xcf C:\Users\aplaf\Desktop\ets\ELE795\PROJET~1\FIRMWA~1\FIRMWA~1\ARDUIN~1\Debug\libArduinoCore.a(wiring_digital.o)
                                0x2c5 (size before relaxing)
 .debug_str     0x000020b7      0x304 C:\Users\aplaf\Desktop\ets\ELE795\PROJET~1\FIRMWA~1\FIRMWA~1\ARDUIN~1\Debug\libArduinoCore.a(DS3231.o)
                                0x629 (size before relaxing)
 .debug_str     0x000023bb      0x5c8 C:\Users\aplaf\Desktop\ets\ELE795\PROJET~1\FIRMWA~1\FIRMWA~1\ARDUIN~1\Debug\libArduinoCore.a(Wire.o)
                               0x19bb (size before relaxing)
 .debug_str     0x00002983     0x1164 C:\Users\aplaf\Desktop\ets\ELE795\PROJET~1\FIRMWA~1\FIRMWA~1\ARDUIN~1\Debug\libArduinoCore.a(modules.o)
                               0x1637 (size before relaxing)
 .debug_str     0x00003ae7       0x52 C:\Users\aplaf\Desktop\ets\ELE795\PROJET~1\FIRMWA~1\FIRMWA~1\ARDUIN~1\Debug\libArduinoCore.a(sleep.o)
                                0x370 (size before relaxing)
 .debug_str     0x00003b39       0x3c C:\Users\aplaf\Desktop\ets\ELE795\PROJET~1\FIRMWA~1\FIRMWA~1\ARDUIN~1\Debug\libArduinoCore.a(status.o)
                                0x3ea (size before relaxing)
 .debug_str     0x00003b75      0x65d C:\Users\aplaf\Desktop\ets\ELE795\PROJET~1\FIRMWA~1\FIRMWA~1\ARDUIN~1\Debug\libArduinoCore.a(memory.o)
                                0xa27 (size before relaxing)
 .debug_str     0x000041d2       0x73 C:\Users\aplaf\Desktop\ets\ELE795\PROJET~1\FIRMWA~1\FIRMWA~1\ARDUIN~1\Debug\libArduinoCore.a(rtc.o)
                                0x452 (size before relaxing)
 .debug_str     0x00004245      0x2dc C:\Users\aplaf\Desktop\ets\ELE795\PROJET~1\FIRMWA~1\FIRMWA~1\ARDUIN~1\Debug\libArduinoCore.a(Adafruit_AS726x.o)
                               0x11e0 (size before relaxing)
 .debug_str     0x00004521      0x131 C:\Users\aplaf\Desktop\ets\ELE795\PROJET~1\FIRMWA~1\FIRMWA~1\ARDUIN~1\Debug\libArduinoCore.a(ClosedCube_HDC1080.o)
                               0x188c (size before relaxing)
 .debug_str     0x00004652       0x1c C:\Users\aplaf\Desktop\ets\ELE795\PROJET~1\FIRMWA~1\FIRMWA~1\ARDUIN~1\Debug\libArduinoCore.a(hooks.o)
                                0x155 (size before relaxing)
 .debug_str     0x0000466e       0x58 C:\Users\aplaf\Desktop\ets\ELE795\PROJET~1\FIRMWA~1\FIRMWA~1\ARDUIN~1\Debug\libArduinoCore.a(new.o)
                                0x1f5 (size before relaxing)
 .debug_str     0x000046c6       0x62 C:\Users\aplaf\Desktop\ets\ELE795\PROJET~1\FIRMWA~1\FIRMWA~1\ARDUIN~1\Debug\libArduinoCore.a(WInterrupts.o)
                                0x24d (size before relaxing)
 .debug_str     0x00004728       0xc7 C:\Users\aplaf\Desktop\ets\ELE795\PROJET~1\FIRMWA~1\FIRMWA~1\ARDUIN~1\Debug\libArduinoCore.a(Adafruit_I2CDevice.o)
                                0x68d (size before relaxing)
 .debug_str     0x000047ef      0x225 C:\Users\aplaf\Desktop\ets\ELE795\PROJET~1\FIRMWA~1\FIRMWA~1\ARDUIN~1\Debug\libArduinoCore.a(twi.o)
                                0x50f (size before relaxing)

.debug_loc      0x00000000     0x7bd5
 *(.debug_loc)
 .debug_loc     0x00000000      0x306 main.o
 .debug_loc     0x00000306      0x4dc C:\Users\aplaf\Desktop\ets\ELE795\PROJET~1\FIRMWA~1\FIRMWA~1\ARDUIN~1\Debug\libArduinoCore.a(HardwareSerial.o)
 .debug_loc     0x000007e2      0x1b0 C:\Users\aplaf\Desktop\ets\ELE795\PROJET~1\FIRMWA~1\FIRMWA~1\ARDUIN~1\Debug\libArduinoCore.a(HardwareSerial0.o)
 .debug_loc     0x00000992     0x1c87 C:\Users\aplaf\Desktop\ets\ELE795\PROJET~1\FIRMWA~1\FIRMWA~1\ARDUIN~1\Debug\libArduinoCore.a(Print.o)
 .debug_loc     0x00002619      0x28d C:\Users\aplaf\Desktop\ets\ELE795\PROJET~1\FIRMWA~1\FIRMWA~1\ARDUIN~1\Debug\libArduinoCore.a(wiring.o)
 .debug_loc     0x000028a6      0x5fc C:\Users\aplaf\Desktop\ets\ELE795\PROJET~1\FIRMWA~1\FIRMWA~1\ARDUIN~1\Debug\libArduinoCore.a(wiring_digital.o)
 .debug_loc     0x00002ea2      0x95b C:\Users\aplaf\Desktop\ets\ELE795\PROJET~1\FIRMWA~1\FIRMWA~1\ARDUIN~1\Debug\libArduinoCore.a(DS3231.o)
 .debug_loc     0x000037fd      0xcbb C:\Users\aplaf\Desktop\ets\ELE795\PROJET~1\FIRMWA~1\FIRMWA~1\ARDUIN~1\Debug\libArduinoCore.a(Wire.o)
 .debug_loc     0x000044b8      0x5af C:\Users\aplaf\Desktop\ets\ELE795\PROJET~1\FIRMWA~1\FIRMWA~1\ARDUIN~1\Debug\libArduinoCore.a(modules.o)
 .debug_loc     0x00004a67      0x134 C:\Users\aplaf\Desktop\ets\ELE795\PROJET~1\FIRMWA~1\FIRMWA~1\ARDUIN~1\Debug\libArduinoCore.a(status.o)
 .debug_loc     0x00004b9b      0x140 C:\Users\aplaf\Desktop\ets\ELE795\PROJET~1\FIRMWA~1\FIRMWA~1\ARDUIN~1\Debug\libArduinoCore.a(memory.o)
 .debug_loc     0x00004cdb       0xce C:\Users\aplaf\Desktop\ets\ELE795\PROJET~1\FIRMWA~1\FIRMWA~1\ARDUIN~1\Debug\libArduinoCore.a(rtc.o)
 .debug_loc     0x00004da9     0x11ca C:\Users\aplaf\Desktop\ets\ELE795\PROJET~1\FIRMWA~1\FIRMWA~1\ARDUIN~1\Debug\libArduinoCore.a(Adafruit_AS726x.o)
 .debug_loc     0x00005f73      0x675 C:\Users\aplaf\Desktop\ets\ELE795\PROJET~1\FIRMWA~1\FIRMWA~1\ARDUIN~1\Debug\libArduinoCore.a(ClosedCube_HDC1080.o)
 .debug_loc     0x000065e8       0x72 C:\Users\aplaf\Desktop\ets\ELE795\PROJET~1\FIRMWA~1\FIRMWA~1\ARDUIN~1\Debug\libArduinoCore.a(new.o)
 .debug_loc     0x0000665a      0x235 C:\Users\aplaf\Desktop\ets\ELE795\PROJET~1\FIRMWA~1\FIRMWA~1\ARDUIN~1\Debug\libArduinoCore.a(WInterrupts.o)
 .debug_loc     0x0000688f      0xac7 C:\Users\aplaf\Desktop\ets\ELE795\PROJET~1\FIRMWA~1\FIRMWA~1\ARDUIN~1\Debug\libArduinoCore.a(Adafruit_I2CDevice.o)
 .debug_loc     0x00007356      0x87f C:\Users\aplaf\Desktop\ets\ELE795\PROJET~1\FIRMWA~1\FIRMWA~1\ARDUIN~1\Debug\libArduinoCore.a(twi.o)

.debug_macinfo
 *(.debug_macinfo)

.debug_weaknames
 *(.debug_weaknames)

.debug_funcnames
 *(.debug_funcnames)

.debug_typenames
 *(.debug_typenames)

.debug_varnames
 *(.debug_varnames)

.debug_pubtypes
 *(.debug_pubtypes)

.debug_ranges   0x00000000      0x720
 *(.debug_ranges)
 .debug_ranges  0x00000000       0x20 main.o
 .debug_ranges  0x00000020       0x58 C:\Users\aplaf\Desktop\ets\ELE795\PROJET~1\FIRMWA~1\FIRMWA~1\ARDUIN~1\Debug\libArduinoCore.a(HardwareSerial.o)
 .debug_ranges  0x00000078       0x38 C:\Users\aplaf\Desktop\ets\ELE795\PROJET~1\FIRMWA~1\FIRMWA~1\ARDUIN~1\Debug\libArduinoCore.a(HardwareSerial0.o)
 .debug_ranges  0x000000b0      0x120 C:\Users\aplaf\Desktop\ets\ELE795\PROJET~1\FIRMWA~1\FIRMWA~1\ARDUIN~1\Debug\libArduinoCore.a(Print.o)
 .debug_ranges  0x000001d0       0x38 C:\Users\aplaf\Desktop\ets\ELE795\PROJET~1\FIRMWA~1\FIRMWA~1\ARDUIN~1\Debug\libArduinoCore.a(wiring.o)
 .debug_ranges  0x00000208       0x28 C:\Users\aplaf\Desktop\ets\ELE795\PROJET~1\FIRMWA~1\FIRMWA~1\ARDUIN~1\Debug\libArduinoCore.a(wiring_digital.o)
 .debug_ranges  0x00000230       0x78 C:\Users\aplaf\Desktop\ets\ELE795\PROJET~1\FIRMWA~1\FIRMWA~1\ARDUIN~1\Debug\libArduinoCore.a(DS3231.o)
 .debug_ranges  0x000002a8      0x100 C:\Users\aplaf\Desktop\ets\ELE795\PROJET~1\FIRMWA~1\FIRMWA~1\ARDUIN~1\Debug\libArduinoCore.a(Wire.o)
 .debug_ranges  0x000003a8       0x48 C:\Users\aplaf\Desktop\ets\ELE795\PROJET~1\FIRMWA~1\FIRMWA~1\ARDUIN~1\Debug\libArduinoCore.a(modules.o)
 .debug_ranges  0x000003f0       0x18 C:\Users\aplaf\Desktop\ets\ELE795\PROJET~1\FIRMWA~1\FIRMWA~1\ARDUIN~1\Debug\libArduinoCore.a(sleep.o)
 .debug_ranges  0x00000408       0x28 C:\Users\aplaf\Desktop\ets\ELE795\PROJET~1\FIRMWA~1\FIRMWA~1\ARDUIN~1\Debug\libArduinoCore.a(status.o)
 .debug_ranges  0x00000430       0x20 C:\Users\aplaf\Desktop\ets\ELE795\PROJET~1\FIRMWA~1\FIRMWA~1\ARDUIN~1\Debug\libArduinoCore.a(memory.o)
 .debug_ranges  0x00000450       0x18 C:\Users\aplaf\Desktop\ets\ELE795\PROJET~1\FIRMWA~1\FIRMWA~1\ARDUIN~1\Debug\libArduinoCore.a(rtc.o)
 .debug_ranges  0x00000468       0xd0 C:\Users\aplaf\Desktop\ets\ELE795\PROJET~1\FIRMWA~1\FIRMWA~1\ARDUIN~1\Debug\libArduinoCore.a(Adafruit_AS726x.o)
 .debug_ranges  0x00000538       0x78 C:\Users\aplaf\Desktop\ets\ELE795\PROJET~1\FIRMWA~1\FIRMWA~1\ARDUIN~1\Debug\libArduinoCore.a(ClosedCube_HDC1080.o)
 .debug_ranges  0x000005b0       0x10 C:\Users\aplaf\Desktop\ets\ELE795\PROJET~1\FIRMWA~1\FIRMWA~1\ARDUIN~1\Debug\libArduinoCore.a(hooks.o)
 .debug_ranges  0x000005c0       0x20 C:\Users\aplaf\Desktop\ets\ELE795\PROJET~1\FIRMWA~1\FIRMWA~1\ARDUIN~1\Debug\libArduinoCore.a(new.o)
 .debug_ranges  0x000005e0       0x30 C:\Users\aplaf\Desktop\ets\ELE795\PROJET~1\FIRMWA~1\FIRMWA~1\ARDUIN~1\Debug\libArduinoCore.a(WInterrupts.o)