Archive member included to satisfy reference by file (symbol)

C:\Users\aplaf\Desktop\ets\ELE795\PROJET~1\FIRMWA~1\FIRMWA~1\ARDUIN~1\Debug\libArduinoCore.a(DS3231.o)
                              main.o (_Z19DS3231_get_datetimev)
C:\Users\aplaf\Desktop\ets\ELE795\PROJET~1\FIRMWA~1\FIRMWA~1\ARDUIN~1\Debug\libArduinoCore.a(HardwareSerial.o)
                              main.o (_ZN14HardwareSerial5beginEmh)
C:\Users\aplaf\Desktop\ets\ELE795\PROJET~1\FIRMWA~1\FIRMWA~1\ARDUIN~1\Debug\libArduinoCore.a(HardwareSerial0.o)
                              main.o (Serial)
C:\Users\aplaf\Desktop\ets\ELE795\PROJET~1\FIRMWA~1\FIRMWA~1\ARDUIN~1\Debug\libArduinoCore.a(Print.o)
                              C:\Users\aplaf\Desktop\ets\ELE795\PROJET~1\FIRMWA~1\FIRMWA~1\ARDUIN~1\Debug\libArduinoCore.a(HardwareSerial.o) (_ZN5Print5writeEPKhj)
C:\Users\aplaf\Desktop\ets\ELE795\PROJET~1\FIRMWA~1\FIRMWA~1\ARDUIN~1\Debug\libArduinoCore.a(wiring.o)
                              C:\Users\aplaf\Desktop\ets\ELE795\PROJET~1\FIRMWA~1\FIRMWA~1\ARDUIN~1\Debug\libArduinoCore.a(DS3231.o) (millis)
C:\Users\aplaf\Desktop\ets\ELE795\PROJET~1\FIRMWA~1\FIRMWA~1\ARDUIN~1\Debug\libArduinoCore.a(wiring_digital.o)
                              main.o (pinMode)
C:\Users\aplaf\Desktop\ets\ELE795\PROJET~1\FIRMWA~1\FIRMWA~1\ARDUIN~1\Debug\libArduinoCore.a(Wire.o)
                              C:\Users\aplaf\Desktop\ets\ELE795\PROJET~1\FIRMWA~1\FIRMWA~1\ARDUIN~1\Debug\libArduinoCore.a(DS3231.o) (_ZN7TwoWire4readEv)
C:\Users\aplaf\Desktop\ets\ELE795\PROJET~1\FIRMWA~1\FIRMWA~1\ARDUIN~1\Debug\libArduinoCore.a(memory.o)
                              main.o (_Z10save_framePcPhh)
C:\Users\aplaf\Desktop\ets\ELE795\PROJET~1\FIRMWA~1\FIRMWA~1\ARDUIN~1\Debug\libArduinoCore.a(modules.o)
                              main.o (_Z12init_modulesv)
C:\Users\aplaf\Desktop\ets\ELE795\PROJET~1\FIRMWA~1\FIRMWA~1\ARDUIN~1\Debug\libArduinoCore.a(rtc.o)
                              main.o (_Z8rtc_initv)
C:\Users\aplaf\Desktop\ets\ELE795\PROJET~1\FIRMWA~1\FIRMWA~1\ARDUIN~1\Debug\libArduinoCore.a(sleep.o)
                              main.o (wake_flag)
C:\Users\aplaf\Desktop\ets\ELE795\PROJET~1\FIRMWA~1\FIRMWA~1\ARDUIN~1\Debug\libArduinoCore.a(status.o)
                              main.o (_Z12signal_errori)
C:\Users\aplaf\Desktop\ets\ELE795\PROJET~1\FIRMWA~1\FIRMWA~1\ARDUIN~1\Debug\libArduinoCore.a(Adafruit_AS726x.o)
                              C:\Users\aplaf\Desktop\ets\ELE795\PROJET~1\FIRMWA~1\FIRMWA~1\ARDUIN~1\Debug\libArduinoCore.a(modules.o) (_ZN15Adafruit_AS726xD1Ev)
C:\Users\aplaf\Desktop\ets\ELE795\PROJET~1\FIRMWA~1\FIRMWA~1\ARDUIN~1\Debug\libArduinoCore.a(anemometer.o)
                              C:\Users\aplaf\Desktop\ets\ELE795\PROJET~1\FIRMWA~1\FIRMWA~1\ARDUIN~1\Debug\libArduinoCore.a(modules.o) (_ZN10AnemometerC1Ei)
C:\Users\aplaf\Desktop\ets\ELE795\PROJET~1\FIRMWA~1\FIRMWA~1\ARDUIN~1\Debug\libArduinoCore.a(ClosedCube_HDC1080.o)
                              C:\Users\aplaf\Desktop\ets\ELE795\PROJET~1\FIRMWA~1\FIRMWA~1\ARDUIN~1\Debug\libArduinoCore.a(modules.o) (_ZN18ClosedCube_HDC1080C1Ev)
C:\Users\aplaf\Desktop\ets\ELE795\PROJET~1\FIRMWA~1\FIRMWA~1\ARDUIN~1\Debug\libArduinoCore.a(PT100.o)
                              C:\Users\aplaf\Desktop\ets\ELE795\PROJET~1\FIRMWA~1\FIRMWA~1\ARDUIN~1\Debug\libArduinoCore.a(modules.o) (_ZN5PT100C1Eif)
C:\Users\aplaf\Desktop\ets\ELE795\PROJET~1\FIRMWA~1\FIRMWA~1\ARDUIN~1\Debug\libArduinoCore.a(abi.o)
                              C:\Users\aplaf\Desktop\ets\ELE795\PROJET~1\FIRMWA~1\FIRMWA~1\ARDUIN~1\Debug\libArduinoCore.a(Print.o) (__cxa_pure_virtual)
C:\Users\aplaf\Desktop\ets\ELE795\PROJET~1\FIRMWA~1\FIRMWA~1\ARDUIN~1\Debug\libArduinoCore.a(hooks.o)
                              C:\Users\aplaf\Desktop\ets\ELE795\PROJET~1\FIRMWA~1\FIRMWA~1\ARDUIN~1\Debug\libArduinoCore.a(wiring.o) (yield)
C:\Users\aplaf\Desktop\ets\ELE795\PROJET~1\FIRMWA~1\FIRMWA~1\ARDUIN~1\Debug\libArduinoCore.a(new.o)
                              C:\Users\aplaf\Desktop\ets\ELE795\PROJET~1\FIRMWA~1\FIRMWA~1\ARDUIN~1\Debug\libArduinoCore.a(Adafruit_AS726x.o) (_Znwj)
C:\Users\aplaf\Desktop\ets\ELE795\PROJET~1\FIRMWA~1\FIRMWA~1\ARDUIN~1\Debug\libArduinoCore.a(Stream.o)
                              C:\Users\aplaf\Desktop\ets\ELE795\PROJET~1\FIRMWA~1\FIRMWA~1\ARDUIN~1\Debug\libArduinoCore.a(ClosedCube_HDC1080.o) (_ZN6Stream9readBytesEPcj)
C:\Users\aplaf\Desktop\ets\ELE795\PROJET~1\FIRMWA~1\FIRMWA~1\ARDUIN~1\Debug\libArduinoCore.a(WInterrupts.o)
                              C:\Users\aplaf\Desktop\ets\ELE795\PROJET~1\FIRMWA~1\FIRMWA~1\ARDUIN~1\Debug\libArduinoCore.a(sleep.o) (attachInterrupt)
C:\Users\aplaf\Desktop\ets\ELE795\PROJET~1\FIRMWA~1\FIRMWA~1\ARDUIN~1\Debug\libArduinoCore.a(wiring_analog.o)
                              C:\Users\aplaf\Desktop\ets\ELE795\PROJET~1\FIRMWA~1\FIRMWA~1\ARDUIN~1\Debug\libArduinoCore.a(anemometer.o) (analogRead)
C:\Users\aplaf\Desktop\ets\ELE795\PROJET~1\FIRMWA~1\FIRMWA~1\ARDUIN~1\Debug\libArduinoCore.a(WString.o)
[...]
Memory Configuration

Name             Origin             Length             Attributes
text             0x00000000         0x00008000         xr
data             0x00800100         0x00000800         rw !x
eeprom           0x00810000         0x00000400         rw !x
fuse             0x00820000         0x00000003         rw !x
lock             0x00830000         0x00000400         rw !x
signature        0x00840000         0x00000400         rw !x
user_signatures  0x00850000         0x00000400         rw !x
*default*        0x00000000         0xffffffff

Linker script and memory map

Address of section .data set to 0x800100
LOAD C:/Program Files (x86)/Atmel/Studio/7.0/Packs/atmel/ATmega_DFP/1.6.364/gcc/dev/atmega328p/avr5/crtatmega328p.o
LOAD main.o
START GROUP
LOAD c:/program files (x86)/atmel/studio/7.0/toolchain/avr8/avr8-gnu-toolchain/bin/../lib/gcc/avr/5.4.0/../../../../avr/lib/avr5\libm.a
LOAD C:\Users\aplaf\Desktop\ets\ELE795\PROJET~1\FIRMWA~1\FIRMWA~1\ARDUIN~1\Debug\libArduinoCore.a
END GROUP
LOAD c:/program files (x86)/atmel/studio/7.0/toolchain/avr8/avr8-gnu-toolchain/bin/../lib/gcc/avr/5.4.0/avr5\libgcc.a
LOAD c:/program files (x86)/atmel/studio/7.0/toolchain/avr8/avr8-gnu-toolchain/bin/../lib/gcc/avr/5.4.0/../../../../avr/lib/avr5\libm.a
START GROUP
LOAD c:/program files (x86)/atmel/studio/7.0/toolchain/avr8/avr8-gnu-toolchain/bin/../lib/gcc/avr/5.4.0/avr5\libgcc.a
LOAD c:/program files (x86)/atmel/studio/7.0/toolchain/avr8/avr8-gnu-toolchain/bin/../lib/gcc/avr/5.4.0/../../../../avr/lib/avr5\libm.a
LOAD c:/program files (x86)/atmel/studio/7.0/toolchain/avr8/avr8-gnu-toolchain/bin/../lib/gcc/avr/5.4.0/../../../../avr/lib/avr5\libc.a
LOAD C:/Program Files (x86)/Atmel/Studio/7.0/Packs/atmel/ATmega_DFP/1.6.364/gcc/dev/atmega328p/avr5\libatmega328p.a
END GROUP
                0x00000000                __TEXT_REGION_ORIGIN__ = DEFINED (__TEXT_REGION_ORIGIN__)?__TEXT_REGION_ORIGIN__:0x0
                [0x00800100]                __DATA_REGION_ORIGIN__ = DEFINED (__DATA_REGION_ORIGIN__)?__DATA_REGION_ORIGIN__:0x800060
                [0x00008000]                __TEXT_REGION_LENGTH__ = DEFINED (__TEXT_REGION_LENGTH__)?__TEXT_REGION_LENGTH__:0x20000
                [0x00000800]                __DATA_REGION_LENGTH__ = DEFINED (__DATA_REGION_LENGTH__)?__DATA_REGION_LENGTH__:0xffa0
                [0x00000400]                __EEPROM_REGION_LENGTH__ = DEFINED (__EEPROM_REGION_LENGTH__)?__EEPROM_REGION_LENGTH__:0x10000
                [0x00000003]                __FUSE_REGION_LENGTH__ = DEFINED (__FUSE_REGION_LENGTH__)?__FUSE_REGION_LENGTH__:0x400
                0x00000400                __LOCK_REGION_LENGTH__ = DEFINED (__LOCK_REGION_LENGTH__)?__LOCK_REGION_LENGTH__:0x400
                0x00000400                __SIGNATURE_REGION_LENGTH__ = DEFINED (__SIGNATURE_REGION_LENGTH__)?__SIGNATURE_REGION_LENGTH__:0x400
                0x00000400                __USER_SIGNATURE_REGION_LENGTH__ = DEFINED (__USER_SIGNATURE_REGION_LENGTH__)?__USER_SIGNATURE_REGION_LENGTH__:0x400

.hash
 *(.hash)

.dynsym
 *(.dynsym)

.dynstr
 *(.dynstr)

.gnu.version
 *(.gnu.version)

.gnu.version_d
 *(.gnu.version_d)

.gnu.version_r
 *(.gnu.version_r)

.rel.init
 *(.rel.init)

.rela.init
 *(.rela.init)

.rel.text
 *(.rel.text)
 *(.rel.text.*)
 *(.rel.gnu.linkonce.t*)

.rela.text
 *(.rela.text)
 *(.rela.text.*)
 *(.rela.gnu.linkonce.t*)

.rel.fini
 *(.rel.fini)

.rela.fini
 *(.rela.fini)

.rel.rodata
 *(.rel.rodata)
 *(.rel.rodata.*)
 *(.rel.gnu.linkonce.r*)

.rela.rodata
 *(.rela.rodata)
 *(.rela.rodata.*)
 *(.rela.gnu.linkonce.r*)

.rel.data
 *(.rel.data)
 *(.rel.data.*)
 *(.rel.gnu.linkonce.d*)

.rela.data
 *(.rela.data)
 *(.rela.data.*)
 *(.rela.gnu.linkonce.d*)

.rel.ctors
 *(.rel.ctors)

.rela.ctors
 *(.rela.ctors)

.rel.dtors
 *(.rel.dtors)

.rela.dtors
 *(.rela.dtors)

.rel.got
 *(.rel.got)

.rela.got
 *(.rela.got)

.rel.bss
 *(.rel.bss)

.rela.bss
 *(.rela.bss)

.rel.plt
 *(.rel.plt)

.rela.plt
 *(.rela.plt)

.text           0x00000000     0x3a78
 *(.vectors)
 .vectors       0x00000000       0x68 C:/Program Files (x86)/Atmel/Studio/7.0/Packs/atmel/ATmega_DFP/1.6.364/gcc/dev/atmega328p/avr5/crtatmega328p.o
                0x00000000                __vector_default
                0x00000000                __vectors
 *(.vectors)
 *(.progmem.gcc*)
                0x00000068                . = ALIGN (0x2)
                0x00000068                __trampolines_start = .
 *(.trampolines)
 .trampolines   0x00000068        0x0 linker stubs
 *(.trampolines*)
                0x00000068                __trampolines_end = .
 *libprintf_flt.a:*(.progmem.data)
 *libc.a:*(.progmem.data)
 *(.progmem*)
 .progmem.data.digital_pin_to_timer_PGM
                0x00000068       0x14 C:\Users\aplaf\Desktop\ets\ELE795\PROJET~1\FIRMWA~1\FIRMWA~1\ARDUIN~1\Debug\libArduinoCore.a(wiring_digital.o)
                0x00000068                digital_pin_to_timer_PGM
 .progmem.data.digital_pin_to_bit_mask_PGM
                0x0000007c       0x14 C:\Users\aplaf\Desktop\ets\ELE795\PROJET~1\FIRMWA~1\FIRMWA~1\ARDUIN~1\Debug\libArduinoCore.a(wiring_digital.o)
                0x0000007c                digital_pin_to_bit_mask_PGM
 .progmem.data.digital_pin_to_port_PGM
                0x00000090       0x14 C:\Users\aplaf\Desktop\ets\ELE795\PROJET~1\FIRMWA~1\FIRMWA~1\ARDUIN~1\Debug\libArduinoCore.a(wiring_digital.o)
                0x00000090                digital_pin_to_port_PGM
 .progmem.data.port_to_output_PGM
                0x000000a4        0xa C:\Users\aplaf\Desktop\ets\ELE795\PROJET~1\FIRMWA~1\FIRMWA~1\ARDUIN~1\Debug\libArduinoCore.a(wiring_digital.o)
                0x000000a4                port_to_output_PGM
 .progmem.data.port_to_mode_PGM
                0x000000ae        0xa C:\Users\aplaf\Desktop\ets\ELE795\PROJET~1\FIRMWA~1\FIRMWA~1\ARDUIN~1\Debug\libArduinoCore.a(wiring_digital.o)
                0x000000ae                port_to_mode_PGM
                0x000000b8                . = ALIGN (0x2)
 *(.jumptables)
 *(.jumptables*)
 *(.lowtext)
 *(.lowtext*)
                0x000000b8                __ctors_start = .
 *(.ctors)
 .ctors         0x000000b8        0x2 C:\Users\aplaf\Desktop\ets\ELE795\PROJET~1\FIRMWA~1\FIRMWA~1\ARDUIN~1\Debug\libArduinoCore.a(HardwareSerial0.o)
 .ctors         0x000000ba        0x2 C:\Users\aplaf\Desktop\ets\ELE795\PROJET~1\FIRMWA~1\FIRMWA~1\ARDUIN~1\Debug\libArduinoCore.a(Wire.o)
 .ctors         0x000000bc        0x2 C:\Users\aplaf\Desktop\ets\ELE795\PROJET~1\FIRMWA~1\FIRMWA~1\ARDUIN~1\Debug\libArduinoCore.a(modules.o)
                0x000000be                __ctors_end = .
                0x000000be                __dtors_start = .
 *(.dtors)
 .dtors         0x000000be        0x2 C:\Users\aplaf\Desktop\ets\ELE795\PROJET~1\FIRMWA~1\FIRMWA~1\ARDUIN~1\Debug\libArduinoCore.a(modules.o)
                0x000000c0                __dtors_end = .
 SORT(*)(.ctors)
 SORT(*)(.dtors)
 *(.init0)
 .init0         0x000000c0        0x0 C:/Program Files (x86)/Atmel/Studio/7.0/Packs/atmel/ATmega_DFP/1.6.364/gcc/dev/atmega328p/avr5/crtatmega328p.o
                0x000000c0                __init
 *(.init0)
 *(.init1)
 *(.init1)
 *(.init2)
 .init2         0x000000c0        0xc C:/Program Files (x86)/Atmel/Studio/7.0/Packs/atmel/ATmega_DFP/1.6.364/gcc/dev/atmega328p/avr5/crtatmega328p.o
 *(.init2)
 *(.init3)
 *(.init3)
 *(.init4)
 .init4         0x000000cc       0x16 c:/program files (x86)/atmel/studio/7.0/toolchain/avr8/avr8-gnu-toolchain/bin/../lib/gcc/avr/5.4.0/avr5\libgcc.a(_copy_data.o)
                0x000000cc                __do_copy_data
 .init4         0x000000e2       0x10 c:/program files (x86)/atmel/studio/7.0/toolchain/avr8/avr8-gnu-toolchain/bin/../lib/gcc/avr/5.4.0/avr5\libgcc.a(_clear_bss.o)
                0x000000e2                __do_clear_bss
 *(.init4)
 *(.init5)
 *(.init5)
 *(.init6)
 .init6         0x000000f2       0x16 c:/program files (x86)/atmel/studio/7.0/toolchain/avr8/avr8-gnu-toolchain/bin/../lib/gcc/avr/5.4.0/avr5\libgcc.a(_ctors.o)
                0x000000f2                __do_global_ctors
 *(.init6)
 *(.init7)
 *(.init7)
 *(.init8)
 *(.init8)
 *(.init9)
 .init9         0x00000108        0x8 C:/Program Files (x86)/Atmel/Studio/7.0/Packs/atmel/ATmega_DFP/1.6.364/gcc/dev/atmega328p/avr5/crtatmega328p.o
 *(.init9)
 *(.text)
 .text          0x00000110        0x4 C:/Program Files (x86)/Atmel/Studio/7.0/Packs/atmel/ATmega_DFP/1.6.364/gcc/dev/atmega328p/avr5/crtatmega328p.o
                0x00000110                __vector_22
                0x00000110                __vector_12
                0x00000110                __bad_interrupt
                0x00000110                __vector_6
                0x00000110                __vector_3
                0x00000110                __vector_23
                0x00000110                __vector_25
                0x00000110                __vector_13
                0x00000110                __vector_17
                0x00000110                __vector_7
                0x00000110                __vector_5
                0x00000110                __vector_4
                0x00000110                __vector_9
                0x00000110                __vector_21
                0x00000110                __vector_15
                0x00000110                __vector_8
                0x00000110                __vector_14
                0x00000110                __vector_10
                0x00000110                __vector_20
                0x00000114                . = ALIGN (0x2)
 *(.text.*)
 .text._Z10init_relayv
                0x00000114       0x14 main.o
                0x00000114                _Z10init_relayv
 .text._Z14activate_relayv
                0x00000128       0x14 main.o
                0x00000128                _Z14activate_relayv
 .text._Z16deactivate_relayv
                0x0000013c       0x14 main.o
                0x0000013c                _Z16deactivate_relayv
 .text._Z16init_instrumentsv
                0x00000150       0x24 main.o
                0x00000150                _Z16init_instrumentsv
 .text._Z20activate_instrumentsv
                0x00000174       0x30 main.o
                0x00000174                _Z20activate_instrumentsv
 .text._Z10init_setupv
                0x000001a4       0x68 main.o
                0x000001a4                _Z10init_setupv
 .text._Z22deactivate_instrumentsv
                0x0000020c       0x24 main.o
                0x0000020c                _Z22deactivate_instrumentsv
 .text._Z8checksumPKhj
                0x00000230       0x3a main.o
                0x00000230                _Z8checksumPKhj
 .text.startup.main
                0x0000026a       0xf4 main.o
                0x0000026a                main
 .text._Z17_unix_to_datetimev
                0x0000035e      0x148 C:\Users\aplaf\Desktop\ets\ELE795\PROJET~1\FIRMWA~1\FIRMWA~1\ARDUIN~1\Debug\libArduinoCore.a(DS3231.o)
                0x0000035e                _Z17_unix_to_datetimev
 .text._Z17_datetime_to_unixv
                0x000004a6      0x226 C:\Users\aplaf\Desktop\ets\ELE795\PROJET~1\FIRMWA~1\FIRMWA~1\ARDUIN~1\Debug\libArduinoCore.a(DS3231.o)
                0x000004a6                _Z17_datetime_to_unixv
 .text._Z8_dec2bcdh
                0x000006cc       0x1a C:\Users\aplaf\Desktop\ets\ELE795\PROJET~1\FIRMWA~1\FIRMWA~1\ARDUIN~1\Debug\libArduinoCore.a(DS3231.o)
                0x000006cc                _Z8_dec2bcdh
 .text._Z8_bcd2dech
                0x000006e6       0x12 C:\Users\aplaf\Desktop\ets\ELE795\PROJET~1\FIRMWA~1\FIRMWA~1\ARDUIN~1\Debug\libArduinoCore.a(DS3231.o)
                0x000006e6                _Z8_bcd2dech
 .text._Z8_set_reghh
                0x000006f8       0x34 C:\Users\aplaf\Desktop\ets\ELE795\PROJET~1\FIRMWA~1\FIRMWA~1\ARDUIN~1\Debug\libArduinoCore.a(DS3231.o)
                0x000006f8                _Z8_set_reghh
 .text._Z19DS3231_set_datetimem
                0x0000072c       0x6e C:\Users\aplaf\Desktop\ets\ELE795\PROJET~1\FIRMWA~1\FIRMWA~1\ARDUIN~1\Debug\libArduinoCore.a(DS3231.o)
                0x0000072c                _Z19DS3231_set_datetimem
 .text._Z8_get_regh
                0x0000079a       0x74 C:\Users\aplaf\Desktop\ets\ELE795\PROJET~1\FIRMWA~1\FIRMWA~1\ARDUIN~1\Debug\libArduinoCore.a(DS3231.o)
                0x0000079a                _Z8_get_regh
 .text._Z19DS3231_get_datetimev
                0x0000080e       0x98 C:\Users\aplaf\Desktop\ets\ELE795\PROJET~1\FIRMWA~1\FIRMWA~1\ARDUIN~1\Debug\libArduinoCore.a(DS3231.o)
                0x0000080e                _Z19DS3231_get_datetimev
 .text._Z15_set_alarm_maskhh
                0x000008a6       0x6e C:\Users\aplaf\Desktop\ets\ELE795\PROJET~1\FIRMWA~1\FIRMWA~1\ARDUIN~1\Debug\libArduinoCore.a(DS3231.o)
                0x000008a6                _Z15_set_alarm_maskhh
 .text._Z11DS3231_initP13DS3231_config
                0x00000914       0xde C:\Users\aplaf\Desktop\ets\ELE795\PROJET~1\FIRMWA~1\FIRMWA~1\ARDUIN~1\Debug\libArduinoCore.a(DS3231.o)
                0x00000914                _Z11DS3231_initP13DS3231_config
 .text._ZN14HardwareSerial9availableEv
                0x000009f2       0x18 C:\Users\aplaf\Desktop\ets\ELE795\PROJET~1\FIRMWA~1\FIRMWA~1\ARDUIN~1\Debug\libArduinoCore.a(HardwareSerial.o)
                0x000009f2                _ZN14HardwareSerial9availableEv
 .text._ZN14HardwareSerial4peekEv
                0x00000a0a       0x1c C:\Users\aplaf\Desktop\ets\ELE795\PROJET~1\FIRMWA~1\FIRMWA~1\ARDUIN~1\Debug\libArduinoCore.a(HardwareSerial.o)
                0x00000a0a                _ZN14HardwareSerial4peekEv
 .text._ZN14HardwareSerial4readEv
                0x00000a26       0x28 C:\Users\aplaf\Desktop\ets\ELE795\PROJET~1\FIRMWA~1\FIRMWA~1\ARDUIN~1\Debug\libArduinoCore.a(HardwareSerial.o)
                0x00000a26                _ZN14HardwareSerial4readEv
 .text._ZN14HardwareSerial17availableForWriteEv
                0x00000a4e       0x1e C:\Users\aplaf\Desktop\ets\ELE795\PROJET~1\FIRMWA~1\FIRMWA~1\ARDUIN~1\Debug\libArduinoCore.a(HardwareSerial.o)
                0x00000a4e                _ZN14HardwareSerial17availableForWriteEv
 .text._ZN14HardwareSerial17_tx_udr_empty_irqEv
                0x00000a6c       0x44 C:\Users\aplaf\Desktop\ets\ELE795\PROJET~1\FIRMWA~1\FIRMWA~1\ARDUIN~1\Debug\libArduinoCore.a(HardwareSerial.o)
                0x00000a6c                _ZN14HardwareSerial17_tx_udr_empty_irqEv
 .text._ZN14HardwareSerial5writeEh
                0x00000ab0       0x9a C:\Users\aplaf\Desktop\ets\ELE795\PROJET~1\FIRMWA~1\FIRMWA~1\ARDUIN~1\Debug\libArduinoCore.a(HardwareSerial.o)
                0x00000ab0                _ZN14HardwareSerial5writeEh
 .text._ZN14HardwareSerial5flushEv
                0x00000b4a       0x44 C:\Users\aplaf\Desktop\ets\ELE795\PROJET~1\FIRMWA~1\FIRMWA~1\ARDUIN~1\Debug\libArduinoCore.a(HardwareSerial.o)
                0x00000b4a                _ZN14HardwareSerial5flushEv
 .text._ZN14HardwareSerial5beginEmh
                0x00000b8e       0xca C:\Users\aplaf\Desktop\ets\ELE795\PROJET~1\FIRMWA~1\FIRMWA~1\ARDUIN~1\Debug\libArduinoCore.a(HardwareSerial.o)
                0x00000b8e                _ZN14HardwareSerial5beginEmh
 .text._ZN5Print17availableForWriteEv
                0x00000c58        0x6 C:\Users\aplaf\Desktop\ets\ELE795\PROJET~1\FIRMWA~1\FIRMWA~1\ARDUIN~1\Debug\libArduinoCore.a(HardwareSerial0.o)
                0x00000c58                _ZN5Print17availableForWriteEv
 .text.__vector_18
                0x00000c5e       0x64 C:\Users\aplaf\Desktop\ets\ELE795\PROJET~1\FIRMWA~1\FIRMWA~1\ARDUIN~1\Debug\libArduinoCore.a(HardwareSerial0.o)
                0x00000c5e                __vector_18
 .text.__vector_19
                0x00000cc2       0x4c C:\Users\aplaf\Desktop\ets\ELE795\PROJET~1\FIRMWA~1\FIRMWA~1\ARDUIN~1\Debug\libArduinoCore.a(HardwareSerial0.o)
                0x00000cc2                __vector_19
 .text.startup._GLOBAL__sub_I___vector_18
                0x00000d0e       0x5a C:\Users\aplaf\Desktop\ets\ELE795\PROJET~1\FIRMWA~1\FIRMWA~1\ARDUIN~1\Debug\libArduinoCore.a(HardwareSerial0.o)
 .text._ZN5Print5writeEPKhj
                0x00000d68       0x54 C:\Users\aplaf\Desktop\ets\ELE795\PROJET~1\FIRMWA~1\FIRMWA~1\ARDUIN~1\Debug\libArduinoCore.a(Print.o)
                0x00000d68                _ZN5Print5writeEPKhj
 .text._ZN5Print5writeEPKc
                0x00000dbc       0x2a C:\Users\aplaf\Desktop\ets\ELE795\PROJET~1\FIRMWA~1\FIRMWA~1\ARDUIN~1\Debug\libArduinoCore.a(Print.o)
                0x00000dbc                _ZN5Print5writeEPKc
 .text._ZN5Print5printEPKc
                0x00000de6        0x4 C:\Users\aplaf\Desktop\ets\ELE795\PROJET~1\FIRMWA~1\FIRMWA~1\ARDUIN~1\Debug\libArduinoCore.a(Print.o)
                0x00000de6                _ZN5Print5printEPKc
 .text._ZN5Print5printEc
                0x00000dea        0xe C:\Users\aplaf\Desktop\ets\ELE795\PROJET~1\FIRMWA~1\FIRMWA~1\ARDUIN~1\Debug\libArduinoCore.a(Print.o)
                0x00000dea                _ZN5Print5printEc
 .text._ZN5Print7printlnEv
                0x00000df8        0x8 C:\Users\aplaf\Desktop\ets\ELE795\PROJET~1\FIRMWA~1\FIRMWA~1\ARDUIN~1\Debug\libArduinoCore.a(Print.o)
                0x00000df8                _ZN5Print7printlnEv
 .text._ZN5Print7printlnEPKc
                0x00000e00       0x24 C:\Users\aplaf\Desktop\ets\ELE795\PROJET~1\FIRMWA~1\FIRMWA~1\ARDUIN~1\Debug\libArduinoCore.a(Print.o)
                0x00000e00                _ZN5Print7printlnEPKc
 .text._ZN5Print11printNumberEmh
                0x00000e24       0x92 C:\Users\aplaf\Desktop\ets\ELE795\PROJET~1\FIRMWA~1\FIRMWA~1\ARDUIN~1\Debug\libArduinoCore.a(Print.o)
                0x00000e24                _ZN5Print11printNumberEmh
 .text._ZN5Print5printEmi
                0x00000eb6       0x1a C:\Users\aplaf\Desktop\ets\ELE795\PROJET~1\FIRMWA~1\FIRMWA~1\ARDUIN~1\Debug\libArduinoCore.a(Print.o)
                0x00000eb6                _ZN5Print5printEmi
 .text._ZN5Print5printEhi
                0x00000ed0        0xe C:\Users\aplaf\Desktop\ets\ELE795\PROJET~1\FIRMWA~1\FIRMWA~1\ARDUIN~1\Debug\libArduinoCore.a(Print.o)
                0x00000ed0                _ZN5Print5printEhi
 .text._ZN5Print7printlnEhi
                0x00000ede       0x24 C:\Users\aplaf\Desktop\ets\ELE795\PROJET~1\FIRMWA~1\FIRMWA~1\ARDUIN~1\Debug\libArduinoCore.a(Print.o)
                0x00000ede                _ZN5Print7printlnEhi
 .text._ZN5Print5printEji
                0x00000f02        0xc C:\Users\aplaf\Desktop\ets\ELE795\PROJET~1\FIRMWA~1\FIRMWA~1\ARDUIN~1\Debug\libArduinoCore.a(Print.o)
                0x00000f02                _ZN5Print5printEji
 .text._ZN5Print5printEli
                0x00000f0e       0x90 C:\Users\aplaf\Desktop\ets\ELE795\PROJET~1\FIRMWA~1\FIRMWA~1\ARDUIN~1\Debug\libArduinoCore.a(Print.o)
                0x00000f0e                _ZN5Print5printEli
 .text._ZN5Print5printEii
                0x00000f9e        0xe C:\Users\aplaf\Desktop\ets\ELE795\PROJET~1\FIRMWA~1\FIRMWA~1\ARDUIN~1\Debug\libArduinoCore.a(Print.o)
                0x00000f9e                _ZN5Print5printEii
 .text._ZN5Print10printFloatEdh
                0x00000fac      0x1b6 C:\Users\aplaf\Desktop\ets\ELE795\PROJET~1\FIRMWA~1\FIRMWA~1\ARDUIN~1\Debug\libArduinoCore.a(Print.o)
                0x00000fac                _ZN5Print10printFloatEdh
 .text._ZN5Print5printEdi
                0x00001162        0x4 C:\Users\aplaf\Desktop\ets\ELE795\PROJET~1\FIRMWA~1\FIRMWA~1\ARDUIN~1\Debug\libArduinoCore.a(Print.o)
                0x00001162                _ZN5Print5printEdi
 .text._ZN5Print7printlnEdi
                0x00001166       0x24 C:\Users\aplaf\Desktop\ets\ELE795\PROJET~1\FIRMWA~1\FIRMWA~1\ARDUIN~1\Debug\libArduinoCore.a(Print.o)
                0x00001166                _ZN5Print7printlnEdi
 .text.__vector_16
                0x0000118a       0x94 C:\Users\aplaf\Desktop\ets\ELE795\PROJET~1\FIRMWA~1\FIRMWA~1\ARDUIN~1\Debug\libArduinoCore.a(wiring.o)
                0x0000118a                __vector_16
 .text.millis   0x0000121e       0x18 C:\Users\aplaf\Desktop\ets\ELE795\PROJET~1\FIRMWA~1\FIRMWA~1\ARDUIN~1\Debug\libArduinoCore.a(wiring.o)
                0x0000121e                millis
 .text.micros   0x00001236       0x4a C:\Users\aplaf\Desktop\ets\ELE795\PROJET~1\FIRMWA~1\FIRMWA~1\ARDUIN~1\Debug\libArduinoCore.a(wiring.o)
                0x00001236                micros
 .text.delay    0x00001280       0x78 C:\Users\aplaf\Desktop\ets\ELE795\PROJET~1\FIRMWA~1\FIRMWA~1\ARDUIN~1\Debug\libArduinoCore.a(wiring.o)
                0x00001280                delay
 .text.init     0x000012f8       0x76 C:\Users\aplaf\Desktop\ets\ELE795\PROJET~1\FIRMWA~1\FIRMWA~1\ARDUIN~1\Debug\libArduinoCore.a(wiring.o)
                0x000012f8                init
 .text.turnOffPWM
                0x0000136e       0x52 C:\Users\aplaf\Desktop\ets\ELE795\PROJET~1\FIRMWA~1\FIRMWA~1\ARDUIN~1\Debug\libArduinoCore.a(wiring_digital.o)
 .text.pinMode  0x000013c0       0x78 C:\Users\aplaf\Desktop\ets\ELE795\PROJET~1\FIRMWA~1\FIRMWA~1\ARDUIN~1\Debug\libArduinoCore.a(wiring_digital.o)
                0x000013c0                pinMode
 .text.digitalWrite
                0x00001438       0x5e C:\Users\aplaf\Desktop\ets\ELE795\PROJET~1\FIRMWA~1\FIRMWA~1\ARDUIN~1\Debug\libArduinoCore.a(wiring_digital.o)
                0x00001438                digitalWrite
 .text._ZN7TwoWire9availableEv
                0x00001496       0x10 C:\Users\aplaf\Desktop\ets\ELE795\PROJET~1\FIRMWA~1\FIRMWA~1\ARDUIN~1\Debug\libArduinoCore.a(Wire.o)
                0x00001496                _ZN7TwoWire9availableEv
 .text._ZN7TwoWire4readEv
                0x000014a6       0x28 C:\Users\aplaf\Desktop\ets\ELE795\PROJET~1\FIRMWA~1\FIRMWA~1\ARDUIN~1\Debug\libArduinoCore.a(Wire.o)
                0x000014a6                _ZN7TwoWire4readEv
 .text._ZN7TwoWire4peekEv
                0x000014ce       0x1e C:\Users\aplaf\Desktop\ets\ELE795\PROJET~1\FIRMWA~1\FIRMWA~1\ARDUIN~1\Debug\libArduinoCore.a(Wire.o)
                0x000014ce                _ZN7TwoWire4peekEv
 .text._ZN7TwoWire5flushEv
                0x000014ec        0x2 C:\Users\aplaf\Desktop\ets\ELE795\PROJET~1\FIRMWA~1\FIRMWA~1\ARDUIN~1\Debug\libArduinoCore.a(Wire.o)
                0x000014ec                _ZN7TwoWire5flushEv
 .text._ZN7TwoWire16onReceiveServiceEPhi
                0x000014ee       0x54 C:\Users\aplaf\Desktop\ets\ELE795\PROJET~1\FIRMWA~1\FIRMWA~1\ARDUIN~1\Debug\libArduinoCore.a(Wire.o)
                0x000014ee                _ZN7TwoWire16onReceiveServiceEPhi
 .text._ZN7TwoWire16onRequestServiceEv
                0x00001542       0x18 C:\Users\aplaf\Desktop\ets\ELE795\PROJET~1\FIRMWA~1\FIRMWA~1\ARDUIN~1\Debug\libArduinoCore.a(Wire.o)
                0x00001542                _ZN7TwoWire16onRequestServiceEv
 .text._ZN7TwoWire5writeEPKhj
                0x0000155a       0x5a C:\Users\aplaf\Desktop\ets\ELE795\PROJET~1\FIRMWA~1\FIRMWA~1\ARDUIN~1\Debug\libArduinoCore.a(Wire.o)
                0x0000155a                _ZN7TwoWire5writeEPKhj
 .text._ZN7TwoWire5writeEh
                0x000015b4       0x5e C:\Users\aplaf\Desktop\ets\ELE795\PROJET~1\FIRMWA~1\FIRMWA~1\ARDUIN~1\Debug\libArduinoCore.a(Wire.o)
                0x000015b4                _ZN7TwoWire5writeEh
 .text._ZN7TwoWireC2Ev
                0x00001612       0x20 C:\Users\aplaf\Desktop\ets\ELE795\PROJET~1\FIRMWA~1\FIRMWA~1\ARDUIN~1\Debug\libArduinoCore.a(Wire.o)
                0x00001612                _ZN7TwoWireC1Ev
                0x00001612                _ZN7TwoWireC2Ev
 .text._ZN7TwoWire5beginEv
                0x00001632       0x24 C:\Users\aplaf\Desktop\ets\ELE795\PROJET~1\FIRMWA~1\FIRMWA~1\ARDUIN~1\Debug\libArduinoCore.a(Wire.o)
                0x00001632                _ZN7TwoWire5beginEv
 .text._ZN7TwoWire17beginTransmissionEh
                0x00001656       0x14 C:\Users\aplaf\Desktop\ets\ELE795\PROJET~1\FIRMWA~1\FIRMWA~1\ARDUIN~1\Debug\libArduinoCore.a(Wire.o)
                0x00001656                _ZN7TwoWire17beginTransmissionEh
 .text._ZN7TwoWire17beginTransmissionEi
                0x0000166a        0x4 C:\Users\aplaf\Desktop\ets\ELE795\PROJET~1\FIRMWA~1\FIRMWA~1\ARDUIN~1\Debug\libArduinoCore.a(Wire.o)
                0x0000166a                _ZN7TwoWire17beginTransmissionEi
 .text._ZN7TwoWire15endTransmissionEh
                0x0000166e       0x26 C:\Users\aplaf\Desktop\ets\ELE795\PROJET~1\FIRMWA~1\FIRMWA~1\ARDUIN~1\Debug\libArduinoCore.a(Wire.o)
                0x0000166e                _ZN7TwoWire15endTransmissionEh
 .text._ZN7TwoWire11requestFromEhhmhh
                0x00001694       0xa8 C:\Users\aplaf\Desktop\ets\ELE795\PROJET~1\FIRMWA~1\FIRMWA~1\ARDUIN~1\Debug\libArduinoCore.a(Wire.o)
                0x00001694                _ZN7TwoWire11requestFromEhhmhh
 .text._ZN7TwoWire11requestFromEhhh
                0x0000173c       0x20 C:\Users\aplaf\Desktop\ets\ELE795\PROJET~1\FIRMWA~1\FIRMWA~1\ARDUIN~1\Debug\libArduinoCore.a(Wire.o)
                0x0000173c                _ZN7TwoWire11requestFromEhhh
 .text._ZN7TwoWire11requestFromEhh
                0x0000175c        0x6 C:\Users\aplaf\Desktop\ets\ELE795\PROJET~1\FIRMWA~1\FIRMWA~1\ARDUIN~1\Debug\libArduinoCore.a(Wire.o)
                0x0000175c                _ZN7TwoWire11requestFromEhh
 .text._ZN7TwoWire11requestFromEii
                0x00001762        0x6 C:\Users\aplaf\Desktop\ets\ELE795\PROJET~1\FIRMWA~1\FIRMWA~1\ARDUIN~1\Debug\libArduinoCore.a(Wire.o)
                0x00001762                _ZN7TwoWire11requestFromEii
 .text._ZN7TwoWire15endTransmissionEv
                0x00001768        0x6 C:\Users\aplaf\Desktop\ets\ELE795\PROJET~1\FIRMWA~1\FIRMWA~1\ARDUIN~1\Debug\libArduinoCore.a(Wire.o)
                0x00001768                _ZN7TwoWire15endTransmissionEv
 .text.startup._GLOBAL__sub_I__ZN7TwoWire8rxBufferE
                0x0000176e        0x8 C:\Users\aplaf\Desktop\ets\ELE795\PROJET~1\FIRMWA~1\FIRMWA~1\ARDUIN~1\Debug\libArduinoCore.a(Wire.o)
 .text._Z10save_framePcPhh
                0x00001776       0x92 C:\Users\aplaf\Desktop\ets\ELE795\PROJET~1\FIRMWA~1\FIRMWA~1\ARDUIN~1\Debug\libArduinoCore.a(memory.o)
                0x00001776                _Z10save_framePcPhh
 .text._Z7sd_initv
                0x00001808       0x12 C:\Users\aplaf\Desktop\ets\ELE795\PROJET~1\FIRMWA~1\FIRMWA~1\ARDUIN~1\Debug\libArduinoCore.a(memory.o)
                0x00001808                _Z7sd_initv
 .text._Z11init_memoryv
                0x0000181a       0x10 C:\Users\aplaf\Desktop\ets\ELE795\PROJET~1\FIRMWA~1\FIRMWA~1\ARDUIN~1\Debug\libArduinoCore.a(memory.o)
                0x0000181a                _Z11init_memoryv
 .text._Z11_pt100_initP8Sensor_t
                0x0000182a       0x1e C:\Users\aplaf\Desktop\ets\ELE795\PROJET~1\FIRMWA~1\FIRMWA~1\ARDUIN~1\Debug\libArduinoCore.a(modules.o)
                0x0000182a                _Z11_pt100_initP8Sensor_t
 .text._Z16_anemometer_initP8Sensor_t
                0x00001848       0x1e C:\Users\aplaf\Desktop\ets\ELE795\PROJET~1\FIRMWA~1\FIRMWA~1\ARDUIN~1\Debug\libArduinoCore.a(modules.o)
                0x00001848                _Z16_anemometer_initP8Sensor_t
 .text._Z12_as7262_readP8Sensor_tPh
                0x00001866      0x17e C:\Users\aplaf\Desktop\ets\ELE795\PROJET~1\FIRMWA~1\FIRMWA~1\ARDUIN~1\Debug\libArduinoCore.a(modules.o)
                0x00001866                _Z12_as7262_readP8Sensor_tPh
 .text._Z13_hdc1080_readP8Sensor_tPh
                0x000019e4       0xec C:\Users\aplaf\Desktop\ets\ELE795\PROJET~1\FIRMWA~1\FIRMWA~1\ARDUIN~1\Debug\libArduinoCore.a(modules.o)
                0x000019e4                _Z13_hdc1080_readP8Sensor_tPh
 .text._Z11_pt100_readP8Sensor_tPh
                0x00001ad0       0x9a C:\Users\aplaf\Desktop\ets\ELE795\PROJET~1\FIRMWA~1\FIRMWA~1\ARDUIN~1\Debug\libArduinoCore.a(modules.o)
                0x00001ad0                _Z11_pt100_readP8Sensor_tPh
 .text._Z16_anemometer_readP8Sensor_tPh
                0x00001b6a       0x9a C:\Users\aplaf\Desktop\ets\ELE795\PROJET~1\FIRMWA~1\FIRMWA~1\ARDUIN~1\Debug\libArduinoCore.a(modules.o)
                0x00001b6a                _Z16_anemometer_readP8Sensor_tPh
 .text._Z12_as7262_initP8Sensor_t
                0x00001c04       0x4c C:\Users\aplaf\Desktop\ets\ELE795\PROJET~1\FIRMWA~1\FIRMWA~1\ARDUIN~1\Debug\libArduinoCore.a(modules.o)
                0x00001c04                _Z12_as7262_initP8Sensor_t
 .text._Z13_hdc1080_initP8Sensor_t
                0x00001c50       0x60 C:\Users\aplaf\Desktop\ets\ELE795\PROJET~1\FIRMWA~1\FIRMWA~1\ARDUIN~1\Debug\libArduinoCore.a(modules.o)
                0x00001c50                _Z13_hdc1080_initP8Sensor_t
 .text._Z12init_modulesv
                0x00001cb0       0x40 C:\Users\aplaf\Desktop\ets\ELE795\PROJET~1\FIRMWA~1\FIRMWA~1\ARDUIN~1\Debug\libArduinoCore.a(modules.o)
                0x00001cb0                _Z12init_modulesv
 .text._Z12exec_modulesPh
                0x00001cf0       0x50 C:\Users\aplaf\Desktop\ets\ELE795\PROJET~1\FIRMWA~1\FIRMWA~1\ARDUIN~1\Debug\libArduinoCore.a(modules.o)
                0x00001cf0                _Z12exec_modulesPh
 .text.startup._GLOBAL__sub_I_as7262_sensor
                0x00001d40       0x7e C:\Users\aplaf\Desktop\ets\ELE795\PROJET~1\FIRMWA~1\FIRMWA~1\ARDUIN~1\Debug\libArduinoCore.a(modules.o)
 .text.exit._GLOBAL__sub_D_as7262_sensor
                0x00001dbe       0x18 C:\Users\aplaf\Desktop\ets\ELE795\PROJET~1\FIRMWA~1\FIRMWA~1\ARDUIN~1\Debug\libArduinoCore.a(modules.o)
 .text._Z11ds3231_inith
                0x00001dd6       0x94 C:\Users\aplaf\Desktop\ets\ELE795\PROJET~1\FIRMWA~1\FIRMWA~1\ARDUIN~1\Debug\libArduinoCore.a(rtc.o)
                0x00001dd6                _Z11ds3231_inith
 .text._Z8rtc_initv
                0x00001e6a        0x6 C:\Users\aplaf\Desktop\ets\ELE795\PROJET~1\FIRMWA~1\FIRMWA~1\ARDUIN~1\Debug\libArduinoCore.a(rtc.o)
                0x00001e6a                _Z8rtc_initv
 .text._Z8sleepISRv
                0x00001e70       0x12 C:\Users\aplaf\Desktop\ets\ELE795\PROJET~1\FIRMWA~1\FIRMWA~1\ARDUIN~1\Debug\libArduinoCore.a(sleep.o)
                0x00001e70                _Z8sleepISRv
 .text._Z10goto_sleepv
                0x00001e82       0x62 C:\Users\aplaf\Desktop\ets\ELE795\PROJET~1\FIRMWA~1\FIRMWA~1\ARDUIN~1\Debug\libArduinoCore.a(sleep.o)
                0x00001e82                _Z10goto_sleepv
 .text._Z12signal_errori
                0x00001ee4       0xb8 C:\Users\aplaf\Desktop\ets\ELE795\PROJET~1\FIRMWA~1\FIRMWA~1\ARDUIN~1\Debug\libArduinoCore.a(status.o)
                0x00001ee4                _Z12signal_errori
 .text._Z19status_blinker_initv
                0x00001f9c       0x5e C:\Users\aplaf\Desktop\ets\ELE795\PROJET~1\FIRMWA~1\FIRMWA~1\ARDUIN~1\Debug\libArduinoCore.a(status.o)
                0x00001f9c                _Z19status_blinker_initv
 .text._Z22status_blinker_disablev
                0x00001ffa       0x2c C:\Users\aplaf\Desktop\ets\ELE795\PROJET~1\FIRMWA~1\FIRMWA~1\ARDUIN~1\Debug\libArduinoCore.a(status.o)
                0x00001ffa                _Z22status_blinker_disablev
 .text.__vector_11
                0x00002026       0x80 C:\Users\aplaf\Desktop\ets\ELE795\PROJET~1\FIRMWA~1\FIRMWA~1\ARDUIN~1\Debug\libArduinoCore.a(status.o)
                0x00002026                __vector_11
 .text._ZN15Adafruit_AS726x13control_setup3getEv
                0x000020a6        0x8 C:\Users\aplaf\Desktop\ets\ELE795\PROJET~1\FIRMWA~1\FIRMWA~1\ARDUIN~1\Debug\libArduinoCore.a(Adafruit_AS726x.o)
                0x000020a6                _ZN15Adafruit_AS726x13control_setup3getEv
 .text._ZN15Adafruit_AS726x11led_control3getEv
                0x000020ae        0x8 C:\Users\aplaf\Desktop\ets\ELE795\PROJET~1\FIRMWA~1\FIRMWA~1\ARDUIN~1\Debug\libArduinoCore.a(Adafruit_AS726x.o)
                0x000020ae                _ZN15Adafruit_AS726x11led_control3getEv
 .text._ZN15Adafruit_AS726xD2Ev
                0x000020b6       0x10 C:\Users\aplaf\Desktop\ets\ELE795\PROJET~1\FIRMWA~1\FIRMWA~1\ARDUIN~1\Debug\libArduinoCore.a(Adafruit_AS726x.o)
                0x000020b6                _ZN15Adafruit_AS726xD2Ev
                0x000020b6                _ZN15Adafruit_AS726xD1Ev
 .text._ZN15Adafruit_AS726x4readEhPhh
                0x000020c6       0x3c C:\Users\aplaf\Desktop\ets\ELE795\PROJET~1\FIRMWA~1\FIRMWA~1\ARDUIN~1\Debug\libArduinoCore.a(Adafruit_AS726x.o)
                0x000020c6                _ZN15Adafruit_AS726x4readEhPhh
 .text._ZN15Adafruit_AS726x5read8Eh
                0x00002102       0x20 C:\Users\aplaf\Desktop\ets\ELE795\PROJET~1\FIRMWA~1\FIRMWA~1\ARDUIN~1\Debug\libArduinoCore.a(Adafruit_AS726x.o)
                0x00002102                _ZN15Adafruit_AS726x5read8Eh
 .text._ZN15Adafruit_AS726x5writeEhPhh
                0x00002122       0x44 C:\Users\aplaf\Desktop\ets\ELE795\PROJET~1\FIRMWA~1\FIRMWA~1\ARDUIN~1\Debug\libArduinoCore.a(Adafruit_AS726x.o)
                0x00002122                _ZN15Adafruit_AS726x5writeEhPhh
 .text._ZN15Adafruit_AS726x6write8Ehh
                0x00002166       0x20 C:\Users\aplaf\Desktop\ets\ELE795\PROJET~1\FIRMWA~1\FIRMWA~1\ARDUIN~1\Debug\libArduinoCore.a(Adafruit_AS726x.o)
                0x00002166                _ZN15Adafruit_AS726x6write8Ehh
 .text._ZN15Adafruit_AS726x11virtualReadEh
                0x00002186       0x5a C:\Users\aplaf\Desktop\ets\ELE795\PROJET~1\FIRMWA~1\FIRMWA~1\ARDUIN~1\Debug\libArduinoCore.a(Adafruit_AS726x.o)
                0x00002186                _ZN15Adafruit_AS726x11virtualReadEh
 .text._ZN15Adafruit_AS726x19readCalibratedValueEh
                0x000021e0       0x6c C:\Users\aplaf\Desktop\ets\ELE795\PROJET~1\FIRMWA~1\FIRMWA~1\ARDUIN~1\Debug\libArduinoCore.a(Adafruit_AS726x.o)
                0x000021e0                _ZN15Adafruit_AS726x19readCalibratedValueEh
 .text._ZN15Adafruit_AS726x20readCalibratedValuesEPfh
                0x0000224c       0xd2 C:\Users\aplaf\Desktop\ets\ELE795\PROJET~1\FIRMWA~1\FIRMWA~1\ARDUIN~1\Debug\libArduinoCore.a(Adafruit_AS726x.o)
                0x0000224c                _ZN15Adafruit_AS726x20readCalibratedValuesEPfh
 .text._ZN15Adafruit_AS726x12virtualWriteEhh
                0x0000231e       0x5e C:\Users\aplaf\Desktop\ets\ELE795\PROJET~1\FIRMWA~1\FIRMWA~1\ARDUIN~1\Debug\libArduinoCore.a(Adafruit_AS726x.o)
                0x0000231e                _ZN15Adafruit_AS726x12virtualWriteEhh
 .text._ZN15Adafruit_AS726x6drvOffEv
                0x0000237c       0x22 C:\Users\aplaf\Desktop\ets\ELE795\PROJET~1\FIRMWA~1\FIRMWA~1\ARDUIN~1\Debug\libArduinoCore.a(Adafruit_AS726x.o)
                0x0000237c                _ZN15Adafruit_AS726x6drvOffEv
 .text._ZN15Adafruit_AS726x13setDrvCurrentEh
                0x0000239e       0x2c C:\Users\aplaf\Desktop\ets\ELE795\PROJET~1\FIRMWA~1\FIRMWA~1\ARDUIN~1\Debug\libArduinoCore.a(Adafruit_AS726x.o)
                0x0000239e                _ZN15Adafruit_AS726x13setDrvCurrentEh
 .text._ZN15Adafruit_AS726x17setConversionTypeEh
                0x000023ca       0x2c C:\Users\aplaf\Desktop\ets\ELE795\PROJET~1\FIRMWA~1\FIRMWA~1\ARDUIN~1\Debug\libArduinoCore.a(Adafruit_AS726x.o)
                0x000023ca                _ZN15Adafruit_AS726x17setConversionTypeEh
 .text._ZN15Adafruit_AS726x7setGainEh
                0x000023f6       0x2c C:\Users\aplaf\Desktop\ets\ELE795\PROJET~1\FIRMWA~1\FIRMWA~1\ARDUIN~1\Debug\libArduinoCore.a(Adafruit_AS726x.o)
                0x000023f6                _ZN15Adafruit_AS726x7setGainEh
 .text._ZN15Adafruit_AS726x18setIntegrationTimeEh
                0x00002422        0xc C:\Users\aplaf\Desktop\ets\ELE795\PROJET~1\FIRMWA~1\FIRMWA~1\ARDUIN~1\Debug\libArduinoCore.a(Adafruit_AS726x.o)
                0x00002422                _ZN15Adafruit_AS726x18setIntegrationTimeEh
 .text._ZN15Adafruit_AS726x15enableInterruptEv
                0x0000242e       0x22 C:\Users\aplaf\Desktop\ets\ELE795\PROJET~1\FIRMWA~1\FIRMWA~1\ARDUIN~1\Debug\libArduinoCore.a(Adafruit_AS726x.o)
                0x0000242e                _ZN15Adafruit_AS726x15enableInterruptEv
 .text._ZN15Adafruit_AS726x5beginEP7TwoWire
                0x00002450       0xb6 C:\Users\aplaf\Desktop\ets\ELE795\PROJET~1\FIRMWA~1\FIRMWA~1\ARDUIN~1\Debug\libArduinoCore.a(Adafruit_AS726x.o)
                0x00002450                _ZN15Adafruit_AS726x5beginEP7TwoWire
 .text._ZN15Adafruit_AS726x16startMeasurementEv
                0x00002506       0x2a C:\Users\aplaf\Desktop\ets\ELE795\PROJET~1\FIRMWA~1\FIRMWA~1\ARDUIN~1\Debug\libArduinoCore.a(Adafruit_AS726x.o)
                0x00002506                _ZN15Adafruit_AS726x16startMeasurementEv
 .text._ZN10AnemometerC2Ei
                0x00002530        0xc C:\Users\aplaf\Desktop\ets\ELE795\PROJET~1\FIRMWA~1\FIRMWA~1\ARDUIN~1\Debug\libArduinoCore.a(anemometer.o)
                0x00002530                _ZN10AnemometerC1Ei
                0x00002530                _ZN10AnemometerC2Ei
 .text._ZN10AnemometerD2Ev
                0x0000253c        0x2 C:\Users\aplaf\Desktop\ets\ELE795\PROJET~1\FIRMWA~1\FIRMWA~1\ARDUIN~1\Debug\libArduinoCore.a(anemometer.o)
                0x0000253c                _ZN10AnemometerD1Ev
                0x0000253c                _ZN10AnemometerD2Ev
 .text._ZN10Anemometer6setPinEi
                0x0000253e        0x8 C:\Users\aplaf\Desktop\ets\ELE795\PROJET~1\FIRMWA~1\FIRMWA~1\ARDUIN~1\Debug\libArduinoCore.a(anemometer.o)
                0x0000253e                _ZN10Anemometer6setPinEi
 .text._ZN10Anemometer13readWindSpeedEv
                0x00002546       0x76 C:\Users\aplaf\Desktop\ets\ELE795\PROJET~1\FIRMWA~1\FIRMWA~1\ARDUIN~1\Debug\libArduinoCore.a(anemometer.o)
                0x00002546                _ZN10Anemometer13readWindSpeedEv
 .text._ZN18ClosedCube_HDC1080C2Ev
                0x000025bc        0x2 C:\Users\aplaf\Desktop\ets\ELE795\PROJET~1\FIRMWA~1\FIRMWA~1\ARDUIN~1\Debug\libArduinoCore.a(ClosedCube_HDC1080.o)
                0x000025bc                _ZN18ClosedCube_HDC1080C1Ev
                0x000025bc                _ZN18ClosedCube_HDC1080C2Ev
 .text._ZN18ClosedCube_HDC10805beginEh
                0x000025be        0xc C:\Users\aplaf\Desktop\ets\ELE795\PROJET~1\FIRMWA~1\FIRMWA~1\ARDUIN~1\Debug\libArduinoCore.a(ClosedCube_HDC1080.o)
                0x000025be                _ZN18ClosedCube_HDC10805beginEh
 .text._ZN18ClosedCube_HDC108013writeRegisterE17HDC1080_Registers
                0x000025ca       0x44 C:\Users\aplaf\Desktop\ets\ELE795\PROJET~1\FIRMWA~1\FIRMWA~1\ARDUIN~1\Debug\libArduinoCore.a(ClosedCube_HDC1080.o)
                0x000025ca                _ZN18ClosedCube_HDC108013writeRegisterE17HDC1080_Registers
 .text._ZN18ClosedCube_HDC108013setResolutionE29HDC1080_MeasurementResolutionS0_
                0x0000260e       0x26 C:\Users\aplaf\Desktop\ets\ELE795\PROJET~1\FIRMWA~1\FIRMWA~1\ARDUIN~1\Debug\libArduinoCore.a(ClosedCube_HDC1080.o)
                0x0000260e                _ZN18ClosedCube_HDC108013setResolutionE29HDC1080_MeasurementResolutionS0_
 .text._ZN18ClosedCube_HDC10808readDataEh
                0x00002634       0x70 C:\Users\aplaf\Desktop\ets\ELE795\PROJET~1\FIRMWA~1\FIRMWA~1\ARDUIN~1\Debug\libArduinoCore.a(ClosedCube_HDC1080.o)
                0x00002634                _ZN18ClosedCube_HDC10808readDataEh
 .text._ZN18ClosedCube_HDC108015readTemperatureEv
                0x000026a4       0x36 C:\Users\aplaf\Desktop\ets\ELE795\PROJET~1\FIRMWA~1\FIRMWA~1\ARDUIN~1\Debug\libArduinoCore.a(ClosedCube_HDC1080.o)
                0x000026a4                _ZN18ClosedCube_HDC108015readTemperatureEv
 .text._ZN18ClosedCube_HDC108012readHumidityEv
                0x000026da       0x2a C:\Users\aplaf\Desktop\ets\ELE795\PROJET~1\FIRMWA~1\FIRMWA~1\ARDUIN~1\Debug\libArduinoCore.a(ClosedCube_HDC1080.o)
                0x000026da                _ZN18ClosedCube_HDC108012readHumidityEv
 .text._ZN18ClosedCube_HDC108012readDeviceIdEv
                0x00002704        0x6 C:\Users\aplaf\Desktop\ets\ELE795\PROJET~1\FIRMWA~1\FIRMWA~1\ARDUIN~1\Debug\libArduinoCore.a(ClosedCube_HDC1080.o)
                0x00002704                _ZN18ClosedCube_HDC108012readDeviceIdEv
 .text._ZN5PT100C2Eif
                0x0000270a       0x14 C:\Users\aplaf\Desktop\ets\ELE795\PROJET~1\FIRMWA~1\FIRMWA~1\ARDUIN~1\Debug\libArduinoCore.a(PT100.o)
                0x0000270a                _ZN5PT100C2Eif
                0x0000270a                _ZN5PT100C1Eif
 .text._ZN5PT100D2Ev
                0x0000271e        0x2 C:\Users\aplaf\Desktop\ets\ELE795\PROJET~1\FIRMWA~1\FIRMWA~1\ARDUIN~1\Debug\libArduinoCore.a(PT100.o)
                0x0000271e                _ZN5PT100D1Ev
                0x0000271e                _ZN5PT100D2Ev
 .text._ZN5PT1006setPinEi
                0x00002720        0x8 C:\Users\aplaf\Desktop\ets\ELE795\PROJET~1\FIRMWA~1\FIRMWA~1\ARDUIN~1\Debug\libArduinoCore.a(PT100.o)
                0x00002720                _ZN5PT1006setPinEi
 .text._ZN5PT10015readTemperatureEv
                0x00002728       0x42 C:\Users\aplaf\Desktop\ets\ELE795\PROJET~1\FIRMWA~1\FIRMWA~1\ARDUIN~1\Debug\libArduinoCore.a(PT100.o)
                0x00002728                _ZN5PT10015readTemperatureEv
 .text.__empty  0x0000276a        0x2 C:\Users\aplaf\Desktop\ets\ELE795\PROJET~1\FIRMWA~1\FIRMWA~1\ARDUIN~1\Debug\libArduinoCore.a(hooks.o)
                0x0000276a                yield
 .text._Znwj    0x0000276c        0x4 C:\Users\aplaf\Desktop\ets\ELE795\PROJET~1\FIRMWA~1\FIRMWA~1\ARDUIN~1\Debug\libArduinoCore.a(new.o)
                0x0000276c                _Znwj
 .text._ZdlPv   0x00002770        0x4 C:\Users\aplaf\Desktop\ets\ELE795\PROJET~1\FIRMWA~1\FIRMWA~1\ARDUIN~1\Debug\libArduinoCore.a(new.o)
                0x00002770                _ZdlPv
 .text.nothing  0x00002774        0x2 C:\Users\aplaf\Desktop\ets\ELE795\PROJET~1\FIRMWA~1\FIRMWA~1\ARDUIN~1\Debug\libArduinoCore.a(WInterrupts.o)
 .text.attachInterrupt
                0x00002776       0x40 C:\Users\aplaf\Desktop\ets\ELE795\PROJET~1\FIRMWA~1\FIRMWA~1\ARDUIN~1\Debug\libArduinoCore.a(WInterrupts.o)
                0x00002776                attachInterrupt
 .text.detachInterrupt
                0x000027b6       0x24 C:\Users\aplaf\Desktop\ets\ELE795\PROJET~1\FIRMWA~1\FIRMWA~1\ARDUIN~1\Debug\libArduinoCore.a(WInterrupts.o)
                0x000027b6                detachInterrupt
 .text.__vector_1
                0x000027da       0x4e C:\Users\aplaf\Desktop\ets\ELE795\PROJET~1\FIRMWA~1\FIRMWA~1\ARDUIN~1\Debug\libArduinoCore.a(WInterrupts.o)
                0x000027da                __vector_1
 .text.__vector_2
                0x00002828       0x4e C:\Users\aplaf\Desktop\ets\ELE795\PROJET~1\FIRMWA~1\FIRMWA~1\ARDUIN~1\Debug\libArduinoCore.a(WInterrupts.o)
                0x00002828                __vector_2
 .text.analogRead
                0x00002876       0x3a C:\Users\aplaf\Desktop\ets\ELE795\PROJET~1\FIRMWA~1\FIRMWA~1\ARDUIN~1\Debug\libArduinoCore.a(wiring_analog.o)
                0x00002876                analogRead
 .text._ZN18Adafruit_I2CDeviceC2EhP7TwoWire
                0x000028b0       0x14 C:\Users\aplaf\Desktop\ets\ELE795\PROJET~1\FIRMWA~1\FIRMWA~1\ARDUIN~1\Debug\libArduinoCore.a(Adafruit_I2CDevice.o)
                0x000028b0                _ZN18Adafruit_I2CDeviceC2EhP7TwoWire
                0x000028b0                _ZN18Adafruit_I2CDeviceC1EhP7TwoWire
 .text._ZN18Adafruit_I2CDevice8detectedEv
                0x000028c4       0x3a C:\Users\aplaf\Desktop\ets\ELE795\PROJET~1\FIRMWA~1\FIRMWA~1\ARDUIN~1\Debug\libArduinoCore.a(Adafruit_I2CDevice.o)
                0x000028c4                _ZN18Adafruit_I2CDevice8detectedEv
 .text._ZN18Adafruit_I2CDevice5beginEb
                0x000028fe       0x30 C:\Users\aplaf\Desktop\ets\ELE795\PROJET~1\FIRMWA~1\FIRMWA~1\ARDUIN~1\Debug\libArduinoCore.a(Adafruit_I2CDevice.o)
                0x000028fe                _ZN18Adafruit_I2CDevice5beginEb
 .text._ZN18Adafruit_I2CDevice5writeEPKhjbS1_j
                0x0000292e       0xac C:\Users\aplaf\Desktop\ets\ELE795\PROJET~1\FIRMWA~1\FIRMWA~1\ARDUIN~1\Debug\libArduinoCore.a(Adafruit_I2CDevice.o)
                0x0000292e                _ZN18Adafruit_I2CDevice5writeEPKhjbS1_j
 .text._ZN18Adafruit_I2CDevice5_readEPhjb
                0x000029da       0x6a C:\Users\aplaf\Desktop\ets\ELE795\PROJET~1\FIRMWA~1\FIRMWA~1\ARDUIN~1\Debug\libArduinoCore.a(Adafruit_I2CDevice.o)
                0x000029da                _ZN18Adafruit_I2CDevice5_readEPhjb
 .text._ZN18Adafruit_I2CDevice4readEPhjb
                0x00002a44       0x80 C:\Users\aplaf\Desktop\ets\ELE795\PROJET~1\FIRMWA~1\FIRMWA~1\ARDUIN~1\Debug\libArduinoCore.a(Adafruit_I2CDevice.o)
                0x00002a44                _ZN18Adafruit_I2CDevice4readEPhjb
 .text._ZN18Adafruit_I2CDevice15write_then_readEPKhjPhjb
                0x00002ac4       0x64 C:\Users\aplaf\Desktop\ets\ELE795\PROJET~1\FIRMWA~1\FIRMWA~1\ARDUIN~1\Debug\libArduinoCore.a(Adafruit_I2CDevice.o)
                0x00002ac4                _ZN18Adafruit_I2CDevice15write_then_readEPKhjPhjb
 .text.twi_init
                0x00002b28       0x3c C:\Users\aplaf\Desktop\ets\ELE795\PROJET~1\FIRMWA~1\FIRMWA~1\ARDUIN~1\Debug\libArduinoCore.a(twi.o)
                0x00002b28                twi_init
 .text.twi_disable
                0x00002b64       0x1a C:\Users\aplaf\Desktop\ets\ELE795\PROJET~1\FIRMWA~1\FIRMWA~1\ARDUIN~1\Debug\libArduinoCore.a(twi.o)
                0x00002b64                twi_disable
 .text.twi_transmit
                0x00002b7e       0x50 C:\Users\aplaf\Desktop\ets\ELE795\PROJET~1\FIRMWA~1\FIRMWA~1\ARDUIN~1\Debug\libArduinoCore.a(twi.o)
                0x00002b7e                twi_transmit
 .text.twi_attachSlaveRxEvent
                0x00002bce        0xa C:\Users\aplaf\Desktop\ets\ELE795\PROJET~1\FIRMWA~1\FIRMWA~1\ARDUIN~1\Debug\libArduinoCore.a(twi.o)
                0x00002bce                twi_attachSlaveRxEvent
 .text.twi_attachSlaveTxEvent
                0x00002bd8        0xa C:\Users\aplaf\Desktop\ets\ELE795\PROJET~1\FIRMWA~1\FIRMWA~1\ARDUIN~1\Debug\libArduinoCore.a(twi.o)
                0x00002bd8                twi_attachSlaveTxEvent
 .text.twi_releaseBus
                0x00002be2        0xc C:\Users\aplaf\Desktop\ets\ELE795\PROJET~1\FIRMWA~1\FIRMWA~1\ARDUIN~1\Debug\libArduinoCore.a(twi.o)
                0x00002be2                twi_releaseBus
 .text.twi_handleTimeout
                0x00002bee       0x2c C:\Users\aplaf\Desktop\ets\ELE795\PROJET~1\FIRMWA~1\FIRMWA~1\ARDUIN~1\Debug\libArduinoCore.a(twi.o)
                0x00002bee                twi_handleTimeout
 .text.twi_readFrom
                0x00002c1a      0x1d2 C:\Users\aplaf\Desktop\ets\ELE795\PROJET~1\FIRMWA~1\FIRMWA~1\ARDUIN~1\Debug\libArduinoCore.a(twi.o)
                0x00002c1a                twi_readFrom
 .text.twi_writeTo
                0x00002dec      0x1e0 C:\Users\aplaf\Desktop\ets\ELE795\PROJET~1\FIRMWA~1\FIRMWA~1\ARDUIN~1\Debug\libArduinoCore.a(twi.o)
                0x00002dec                twi_writeTo
 .text.twi_stop
                0x00002fcc       0x70 C:\Users\aplaf\Desktop\ets\ELE795\PROJET~1\FIRMWA~1\FIRMWA~1\ARDUIN~1\Debug\libArduinoCore.a(twi.o)
                0x00002fcc                twi_stop
 .text.__vector_24
                0x0000303c      0x25a C:\Users\aplaf\Desktop\ets\ELE795\PROJET~1\FIRMWA~1\FIRMWA~1\ARDUIN~1\Debug\libArduinoCore.a(twi.o)
                0x0000303c                __vector_24
 .text.avr-libc.fplib
                0x00003296        0xe c:/program files (x86)/atmel/studio/7.0/toolchain/avr8/avr8-gnu-toolchain/bin/../lib/gcc/avr/5.4.0/../../../../avr/lib/avr5\libm.a(addsf3.o)
                0x00003296                __subsf3
                0x00003298                __addsf3
 .text.avr-libc.fplib
                0x000032a4       0xcc c:/program files (x86)/atmel/studio/7.0/toolchain/avr8/avr8-gnu-toolchain/bin/../lib/gcc/avr/5.4.0/../../../../avr/lib/avr5\libm.a(addsf3x.o)
                0x000032c6                __addsf3x
 .text.avr-libc.fplib
                0x00003370        0xa c:/program files (x86)/atmel/studio/7.0/toolchain/avr8/avr8-gnu-toolchain/bin/../lib/gcc/avr/5.4.0/../../../../avr/lib/avr5\libm.a(cmpsf2.o)
                0x00003370                __nesf2
                0x00003370                __eqsf2
                0x00003370                __cmpsf2
                0x00003370                __ltsf2
                0x00003370                __lesf2
 .text.avr-libc.fplib
                0x0000337a        0x8 c:/program files (x86)/atmel/studio/7.0/toolchain/avr8/avr8-gnu-toolchain/bin/../lib/gcc/avr/5.4.0/../../../../avr/lib/avr5\libm.a(divsf3.o)
                0x0000337a                __divsf3
 .text.avr-libc.fplib
                0x00003382       0xdc c:/program files (x86)/atmel/studio/7.0/toolchain/avr8/avr8-gnu-toolchain/bin/../lib/gcc/avr/5.4.0/../../../../avr/lib/avr5\libm.a(divsf3x.o)
                0x000033a2                __divsf3x
                0x000033a8                __divsf3_pse
 .text.avr-libc.fplib
                0x0000345e       0x5e c:/program files (x86)/atmel/studio/7.0/toolchain/avr8/avr8-gnu-toolchain/bin/../lib/gcc/avr/5.4.0/../../../../avr/lib/avr5\libm.a(fixunssfsi.o)
                0x0000345e                __fixunssfsi
 .text.avr-libc.fplib
                0x000034bc       0x7a c:/program files (x86)/atmel/studio/7.0/toolchain/avr8/avr8-gnu-toolchain/bin/../lib/gcc/avr/5.4.0/../../../../avr/lib/avr5\libm.a(floatsisf.o)
                0x000034bc                __floatunsisf
                0x000034c0                __floatsisf
 .text.avr-libc.fplib
                0x00003536       0x48 c:/program files (x86)/atmel/studio/7.0/toolchain/avr8/avr8-gnu-toolchain/bin/../lib/gcc/avr/5.4.0/../../../../avr/lib/avr5\libm.a(fp_cmp.o)
                0x00003536                __fp_cmp
 .text.avr-libc.fplib
                0x0000357e        0xc c:/program files (x86)/atmel/studio/7.0/toolchain/avr8/avr8-gnu-toolchain/bin/../lib/gcc/avr/5.4.0/../../../../avr/lib/avr5\libm.a(fp_inf.o)
                0x0000357e                __fp_inf
 .text.avr-libc.fplib
                0x0000358a        0x6 c:/program files (x86)/atmel/studio/7.0/toolchain/avr8/avr8-gnu-toolchain/bin/../lib/gcc/avr/5.4.0/../../../../avr/lib/avr5\libm.a(fp_nan.o)
                0x0000358a                __fp_nan
 .text.avr-libc.fplib
                0x00003590        0xe c:/program files (x86)/atmel/studio/7.0/toolchain/avr8/avr8-gnu-toolchain/bin/../lib/gcc/avr/5.4.0/../../../../avr/lib/avr5\libm.a(fp_pscA.o)
                0x00003590                __fp_pscA
 .text.avr-libc.fplib
                0x0000359e        0xe c:/program files (x86)/atmel/studio/7.0/toolchain/avr8/avr8-gnu-toolchain/bin/../lib/gcc/avr/5.4.0/../../../../avr/lib/avr5\libm.a(fp_pscB.o)
                0x0000359e                __fp_pscB
 .text.avr-libc.fplib
                0x000035ac       0x22 c:/program files (x86)/atmel/studio/7.0/toolchain/avr8/avr8-gnu-toolchain/bin/../lib/gcc/avr/5.4.0/../../../../avr/lib/avr5\libm.a(fp_round.o)
                0x000035ac                __fp_round
 .text.avr-libc.fplib
                0x000035ce       0x44 c:/program files (x86)/atmel/studio/7.0/toolchain/avr8/avr8-gnu-toolchain/bin/../lib/gcc/avr/5.4.0/../../../../avr/lib/avr5\libm.a(fp_split3.o)
                0x000035ce                __fp_split3
                0x000035de                __fp_splitA
 .text.avr-libc.fplib
                0x00003612        0xe c:/program files (x86)/atmel/studio/7.0/toolchain/avr8/avr8-gnu-toolchain/bin/../lib/gcc/avr/5.4.0/../../../../avr/lib/avr5\libm.a(fp_zero.o)
                0x00003612                __fp_zero
                0x00003614                __fp_szero
 .text.avr-libc.fplib
                0x00003620        0xa c:/program files (x86)/atmel/studio/7.0/toolchain/avr8/avr8-gnu-toolchain/bin/../lib/gcc/avr/5.4.0/../../../../avr/lib/avr5\libm.a(gesf2.o)
                0x00003620                __gesf2
                0x00003620                __gtsf2
 .text.avr-libc.fplib
                0x0000362a        0x8 c:/program files (x86)/atmel/studio/7.0/toolchain/avr8/avr8-gnu-toolchain/bin/../lib/gcc/avr/5.4.0/../../../../avr/lib/avr5\libm.a(mulsf3.o)
                0x0000362a                __mulsf3
 .text.avr-libc.fplib
                0x00003632       0xd2 c:/program files (x86)/atmel/studio/7.0/toolchain/avr8/avr8-gnu-toolchain/bin/../lib/gcc/avr/5.4.0/../../../../avr/lib/avr5\libm.a(mulsf3x.o)
                0x00003650                __mulsf3x
                0x00003656                __mulsf3_pse
 .text.avr-libc.fplib
                0x00003704        0xa c:/program files (x86)/atmel/studio/7.0/toolchain/avr8/avr8-gnu-toolchain/bin/../lib/gcc/avr/5.4.0/../../../../avr/lib/avr5\libm.a(unordsf2.o)
                0x00003704                __unordsf2
 .text.libgcc.div
                0x0000370e       0x18 c:/program files (x86)/atmel/studio/7.0/toolchain/avr8/avr8-gnu-toolchain/bin/../lib/gcc/avr/5.4.0/avr5\libgcc.a(_udivmodqi4.o)
                0x0000370e                __udivmodqi4
 .text.libgcc.div
                0x00003726       0x28 c:/program files (x86)/atmel/studio/7.0/toolchain/avr8/avr8-gnu-toolchain/bin/../lib/gcc/avr/5.4.0/avr5\libgcc.a(_udivmodhi4.o)
                0x00003726                __udivmodhi4
 .text.libgcc.div
                0x0000374e       0x28 c:/program files (x86)/atmel/studio/7.0/toolchain/avr8/avr8-gnu-toolchain/bin/../lib/gcc/avr/5.4.0/avr5\libgcc.a(_divmodhi4.o)
                0x0000374e                _div
                0x0000374e                __divmodhi4
 .text.libgcc.div
                0x00003776       0x44 c:/program files (x86)/atmel/studio/7.0/toolchain/avr8/avr8-gnu-toolchain/bin/../lib/gcc/avr/5.4.0/avr5\libgcc.a(_udivmodsi4.o)
                0x00003776                __udivmodsi4
 .text.libgcc.mul
                0x000037ba       0x1e c:/program files (x86)/atmel/studio/7.0/toolchain/avr8/avr8-gnu-toolchain/bin/../lib/gcc/avr/5.4.0/avr5\libgcc.a(_umulhisi3.o)
                0x000037ba                __umulhisi3
 .text.libgcc.mul
                0x000037d8       0x16 c:/program files (x86)/atmel/studio/7.0/toolchain/avr8/avr8-gnu-toolchain/bin/../lib/gcc/avr/5.4.0/avr5\libgcc.a(_muluhisi3.o)
                0x000037d8                __muluhisi3
 .text.libgcc.mul
                0x000037ee       0x10 c:/program files (x86)/atmel/studio/7.0/toolchain/avr8/avr8-gnu-toolchain/bin/../lib/gcc/avr/5.4.0/avr5\libgcc.a(_mulshisi3.o)
                0x000037ee                __mulshisi3
                0x000037f4                __mulohisi3
 .text.libgcc   0x000037fe       0x12 c:/program files (x86)/atmel/studio/7.0/toolchain/avr8/avr8-gnu-toolchain/bin/../lib/gcc/avr/5.4.0/avr5\libgcc.a(_adddi3.o)
                0x000037fe                __adddi3
 .text.libgcc   0x00003810        0xc c:/program files (x86)/atmel/studio/7.0/toolchain/avr8/avr8-gnu-toolchain/bin/../lib/gcc/avr/5.4.0/avr5\libgcc.a(_tablejump2.o)
                0x00003810                __tablejump2__
 .text.avr-libc
                0x0000381c      0x242 c:/program files (x86)/atmel/studio/7.0/toolchain/avr8/avr8-gnu-toolchain/bin/../lib/gcc/avr/5.4.0/../../../../avr/lib/avr5\libc.a(malloc.o)
                0x0000381c                malloc
                0x0000394c                free
                0x00003a5e                . = ALIGN (0x2)
 *(.fini9)
 .fini9         0x00003a5e        0x0 c:/program files (x86)/atmel/studio/7.0/toolchain/avr8/avr8-gnu-toolchain/bin/../lib/gcc/avr/5.4.0/avr5\libgcc.a(_exit.o)
                0x00003a5e                _exit
                0x00003a5e                exit
 *(.fini9)
 *(.fini8)
 *(.fini8)
 *(.fini7)
 *(.fini7)
 *(.fini6)
 .fini6         0x00003a5e       0x16 c:/program files (x86)/atmel/studio/7.0/toolchain/avr8/avr8-gnu-toolchain/bin/../lib/gcc/avr/5.4.0/avr5\libgcc.a(_dtors.o)
                0x00003a5e                __do_global_dtors
 *(.fini6)
 *(.fini5)
 *(.fini5)
 *(.fini4)
 *(.fini4)
 *(.fini3)
 *(.fini3)
 *(.fini2)
 *(.fini2)
 *(.fini1)
 *(.fini1)
 *(.fini0)
 .fini0         0x00003a74        0x4 c:/program files (x86)/atmel/studio/7.0/toolchain/avr8/avr8-gnu-toolchain/bin/../lib/gcc/avr/5.4.0/avr5\libgcc.a(_exit.o)
 *(.fini0)
                0x00003a78                _etext = .

.data           0x00800100      0x2a4 load address 0x00003a78
                0x00800100                PROVIDE (__data_start, .)
 *(.data)
 .data          0x00800100        0x6 c:/program files (x86)/atmel/studio/7.0/toolchain/avr8/avr8-gnu-toolchain/bin/../lib/gcc/avr/5.4.0/../../../../avr/lib/avr5\libc.a(malloc.o)
                0x00800100                __malloc_heap_end
                0x00800102                __malloc_heap_start
                0x00800104                __malloc_margin
 *(.data*)
 .data.anemometer
                0x00800106        0x6 C:\Users\aplaf\Desktop\ets\ELE795\PROJET~1\FIRMWA~1\FIRMWA~1\ARDUIN~1\Debug\libArduinoCore.a(modules.o)
                0x00800106                anemometer
 .data.pt100    0x0080010c        0x6 C:\Users\aplaf\Desktop\ets\ELE795\PROJET~1\FIRMWA~1\FIRMWA~1\ARDUIN~1\Debug\libArduinoCore.a(modules.o)
                0x0080010c                pt100
 .data.hdc1080  0x00800112        0x6 C:\Users\aplaf\Desktop\ets\ELE795\PROJET~1\FIRMWA~1\FIRMWA~1\ARDUIN~1\Debug\libArduinoCore.a(modules.o)
                0x00800112                hdc1080
 .data.as7262   0x00800118        0x6 C:\Users\aplaf\Desktop\ets\ELE795\PROJET~1\FIRMWA~1\FIRMWA~1\ARDUIN~1\Debug\libArduinoCore.a(modules.o)
                0x00800118                as7262
 .data.intFunc  0x0080011e        0x4 C:\Users\aplaf\Desktop\ets\ELE795\PROJET~1\FIRMWA~1\FIRMWA~1\ARDUIN~1\Debug\libArduinoCore.a(WInterrupts.o)
 .data.analog_reference
                0x00800122        0x1 C:\Users\aplaf\Desktop\ets\ELE795\PROJET~1\FIRMWA~1\FIRMWA~1\ARDUIN~1\Debug\libArduinoCore.a(wiring_analog.o)
                0x00800122                analog_reference
 *(.gnu.linkonce.d*)
 *(.rodata)
 *(.rodata*)
 .rodata.str1.1
                0x00800123        0xc main.o
 .rodata._ZZ8checksumPKhjE12__FUNCTION__
                0x0080012f        0x9 main.o
 .rodata._ZZ22deactivate_instrumentsvE12__FUNCTION__
                0x00800138       0x17 main.o
 .rodata._ZZ20activate_instrumentsvE12__FUNCTION__
                0x0080014f       0x15 main.o
 .rodata._ZZ16init_instrumentsvE12__FUNCTION__
                0x00800164       0x11 main.o
 .rodata._ZZ16deactivate_relayvE12__FUNCTION__
                0x00800175       0x11 main.o
 .rodata._ZZ14activate_relayvE12__FUNCTION__
                0x00800186        0xf main.o
 .rodata._ZZ10init_relayvE12__FUNCTION__
                0x00800195        0xb main.o
 .rodata._ZZ10init_setupvE12__FUNCTION__
                0x008001a0        0xb main.o
 .rodata._ZZ4mainE12__FUNCTION__
                0x008001ab        0x5 main.o
 .rodata._ZL17DS3231_ALARM_ADDR
                0x008001b0        0x2 C:\Users\aplaf\Desktop\ets\ELE795\PROJET~1\FIRMWA~1\FIRMWA~1\ARDUIN~1\Debug\libArduinoCore.a(DS3231.o)
 .rodata._ZL13DAYS_IN_MONTH
                0x008001b2        0xc C:\Users\aplaf\Desktop\ets\ELE795\PROJET~1\FIRMWA~1\FIRMWA~1\ARDUIN~1\Debug\libArduinoCore.a(DS3231.o)
 .rodata._ZTV14HardwareSerial
                0x008001be       0x12 C:\Users\aplaf\Desktop\ets\ELE795\PROJET~1\FIRMWA~1\FIRMWA~1\ARDUIN~1\Debug\libArduinoCore.a(HardwareSerial.o)
                0x008001be                _ZTV14HardwareSerial
 .rodata.str1.1
                0x008001d0        0xf C:\Users\aplaf\Desktop\ets\ELE795\PROJET~1\FIRMWA~1\FIRMWA~1\ARDUIN~1\Debug\libArduinoCore.a(Print.o)
 .rodata._ZTV7TwoWire
                0x008001df       0x12 C:\Users\aplaf\Desktop\ets\ELE795\PROJET~1\FIRMWA~1\FIRMWA~1\ARDUIN~1\Debug\libArduinoCore.a(Wire.o)
                0x008001df                _ZTV7TwoWire
 .rodata.str1.1
                0x008001f1       0x20 C:\Users\aplaf\Desktop\ets\ELE795\PROJET~1\FIRMWA~1\FIRMWA~1\ARDUIN~1\Debug\libArduinoCore.a(memory.o)
 .rodata._ZZ7sd_initvE12__FUNCTION__
                0x00800211        0x8 C:\Users\aplaf\Desktop\ets\ELE795\PROJET~1\FIRMWA~1\FIRMWA~1\ARDUIN~1\Debug\libArduinoCore.a(memory.o)
 .rodata._ZZ10save_framePcPhhE12__FUNCTION__
                0x00800219        0xb C:\Users\aplaf\Desktop\ets\ELE795\PROJET~1\FIRMWA~1\FIRMWA~1\ARDUIN~1\Debug\libArduinoCore.a(memory.o)
 .rodata._ZZ11init_memoryvE12__FUNCTION__
                0x00800224        0xc C:\Users\aplaf\Desktop\ets\ELE795\PROJET~1\FIRMWA~1\FIRMWA~1\ARDUIN~1\Debug\libArduinoCore.a(memory.o)
 .rodata.str1.1
                0x00800230       0x4c C:\Users\aplaf\Desktop\ets\ELE795\PROJET~1\FIRMWA~1\FIRMWA~1\ARDUIN~1\Debug\libArduinoCore.a(modules.o)
                                 0x50 (size before relaxing)
 .rodata._ZZ12exec_modulesPhE12__FUNCTION__
                0x0080027c        0xd C:\Users\aplaf\Desktop\ets\ELE795\PROJET~1\FIRMWA~1\FIRMWA~1\ARDUIN~1\Debug\libArduinoCore.a(modules.o)
 .rodata._ZZ12init_modulesvE12__FUNCTION__
                0x00800289        0xd C:\Users\aplaf\Desktop\ets\ELE795\PROJET~1\FIRMWA~1\FIRMWA~1\ARDUIN~1\Debug\libArduinoCore.a(modules.o)
 .rodata._ZZ16_anemometer_readP8Sensor_tPhE12__FUNCTION__
                0x00800296       0x11 C:\Users\aplaf\Desktop\ets\ELE795\PROJET~1\FIRMWA~1\FIRMWA~1\ARDUIN~1\Debug\libArduinoCore.a(modules.o)
 .rodata._ZZ11_pt100_readP8Sensor_tPhE12__FUNCTION__
                0x008002a7        0xc C:\Users\aplaf\Desktop\ets\ELE795\PROJET~1\FIRMWA~1\FIRMWA~1\ARDUIN~1\Debug\libArduinoCore.a(modules.o)
 .rodata._ZZ13_hdc1080_readP8Sensor_tPhE12__FUNCTION__
                0x008002b3        0xe C:\Users\aplaf\Desktop\ets\ELE795\PROJET~1\FIRMWA~1\FIRMWA~1\ARDUIN~1\Debug\libArduinoCore.a(modules.o)
 .rodata._ZZ12_as7262_readP8Sensor_tPhE12__FUNCTION__
                0x008002c1        0xd C:\Users\aplaf\Desktop\ets\ELE795\PROJET~1\FIRMWA~1\FIRMWA~1\ARDUIN~1\Debug\libArduinoCore.a(modules.o)
 .rodata._ZZ16_anemometer_initP8Sensor_tE12__FUNCTION__
                0x008002ce       0x11 C:\Users\aplaf\Desktop\ets\ELE795\PROJET~1\FIRMWA~1\FIRMWA~1\ARDUIN~1\Debug\libArduinoCore.a(modules.o)
 .rodata._ZZ11_pt100_initP8Sensor_tE12__FUNCTION__
                0x008002df        0xc C:\Users\aplaf\Desktop\ets\ELE795\PROJET~1\FIRMWA~1\FIRMWA~1\ARDUIN~1\Debug\libArduinoCore.a(modules.o)
 .rodata._ZZ13_hdc1080_initP8Sensor_tE12__FUNCTION__
                0x008002eb        0xe C:\Users\aplaf\Desktop\ets\ELE795\PROJET~1\FIRMWA~1\FIRMWA~1\ARDUIN~1\Debug\libArduinoCore.a(modules.o)
 .rodata._ZZ12_as7262_initP8Sensor_tE12__FUNCTION__
                0x008002f9        0xd C:\Users\aplaf\Desktop\ets\ELE795\PROJET~1\FIRMWA~1\FIRMWA~1\ARDUIN~1\Debug\libArduinoCore.a(modules.o)
 .rodata._ZL37AS7262_CALIBRATED_DIFFUSER_MULTIPLIER
                0x00800306       0x18 C:\Users\aplaf\Desktop\ets\ELE795\PROJET~1\FIRMWA~1\FIRMWA~1\ARDUIN~1\Debug\libArduinoCore.a(modules.o)
 .rodata._ZL29AS7262_CALIBRATED_DARK_OFFSET
                0x0080031e       0x18 C:\Users\aplaf\Desktop\ets\ELE795\PROJET~1\FIRMWA~1\FIRMWA~1\ARDUIN~1\Debug\libArduinoCore.a(modules.o)
 .rodata._ZZ11ds3231_inithE12__FUNCTION__
                0x00800336        0xc C:\Users\aplaf\Desktop\ets\ELE795\PROJET~1\FIRMWA~1\FIRMWA~1\ARDUIN~1\Debug\libArduinoCore.a(rtc.o)
 .rodata._ZZ10goto_sleepvE12__FUNCTION__
                0x00800342        0xb C:\Users\aplaf\Desktop\ets\ELE795\PROJET~1\FIRMWA~1\FIRMWA~1\ARDUIN~1\Debug\libArduinoCore.a(sleep.o)
 .rodata.str1.1
                0x0080034d       0x1f C:\Users\aplaf\Desktop\ets\ELE795\PROJET~1\FIRMWA~1\FIRMWA~1\ARDUIN~1\Debug\libArduinoCore.a(status.o)
 .rodata._ZZ22status_blinker_disablevE12__FUNCTION__
                0x0080036c       0x17 C:\Users\aplaf\Desktop\ets\ELE795\PROJET~1\FIRMWA~1\FIRMWA~1\ARDUIN~1\Debug\libArduinoCore.a(status.o)
 .rodata._ZZ19status_blinker_initvE12__FUNCTION__
                0x00800383       0x14 C:\Users\aplaf\Desktop\ets\ELE795\PROJET~1\FIRMWA~1\FIRMWA~1\ARDUIN~1\Debug\libArduinoCore.a(status.o)
 .rodata._ZZ12signal_erroriE12__FUNCTION__
                0x00800397        0xd C:\Users\aplaf\Desktop\ets\ELE795\PROJET~1\FIRMWA~1\FIRMWA~1\ARDUIN~1\Debug\libArduinoCore.a(status.o)
 *(.gnu.linkonce.r*)
                0x008003a4                . = ALIGN (0x2)
                0x008003a4                _edata = .
                0x008003a4                PROVIDE (__data_end, .)

.bss            0x008003a4      0x1ca
                0x008003a4                PROVIDE (__bss_start, .)
 *(.bss)
 *(.bss*)
 .bss.ts        0x008003a4        0xb C:\Users\aplaf\Desktop\ets\ELE795\PROJET~1\FIRMWA~1\FIRMWA~1\ARDUIN~1\Debug\libArduinoCore.a(DS3231.o)
                0x008003a4                ts
 .bss.Serial    0x008003af       0x9d C:\Users\aplaf\Desktop\ets\ELE795\PROJET~1\FIRMWA~1\FIRMWA~1\ARDUIN~1\Debug\libArduinoCore.a(HardwareSerial0.o)
                0x008003af                Serial
 .bss.timer0_fract
                0x0080044c        0x1 C:\Users\aplaf\Desktop\ets\ELE795\PROJET~1\FIRMWA~1\FIRMWA~1\ARDUIN~1\Debug\libArduinoCore.a(wiring.o)
 .bss.timer0_millis
                0x0080044d        0x4 C:\Users\aplaf\Desktop\ets\ELE795\PROJET~1\FIRMWA~1\FIRMWA~1\ARDUIN~1\Debug\libArduinoCore.a(wiring.o)
                0x0080044d                timer0_millis
 .bss.timer0_overflow_count
                0x00800451        0x4 C:\Users\aplaf\Desktop\ets\ELE795\PROJET~1\FIRMWA~1\FIRMWA~1\ARDUIN~1\Debug\libArduinoCore.a(wiring.o)
                0x00800451                timer0_overflow_count
 .bss.Wire      0x00800455        0xc C:\Users\aplaf\Desktop\ets\ELE795\PROJET~1\FIRMWA~1\FIRMWA~1\ARDUIN~1\Debug\libArduinoCore.a(Wire.o)
                0x00800455                Wire
 .bss._ZN7TwoWire14user_onReceiveE
                0x00800461        0x2 C:\Users\aplaf\Desktop\ets\ELE795\PROJET~1\FIRMWA~1\FIRMWA~1\ARDUIN~1\Debug\libArduinoCore.a(Wire.o)
                0x00800461                _ZN7TwoWire14user_onReceiveE
 .bss._ZN7TwoWire14user_onRequestE
                0x00800463        0x2 C:\Users\aplaf\Desktop\ets\ELE795\PROJET~1\FIRMWA~1\FIRMWA~1\ARDUIN~1\Debug\libArduinoCore.a(Wire.o)
                0x00800463                _ZN7TwoWire14user_onRequestE
 .bss._ZN7TwoWire12transmittingE
                0x00800465        0x1 C:\Users\aplaf\Desktop\ets\ELE795\PROJET~1\FIRMWA~1\FIRMWA~1\ARDUIN~1\Debug\libArduinoCore.a(Wire.o)
                0x00800465                _ZN7TwoWire12transmittingE
 .bss._ZN7TwoWire14txBufferLengthE
                0x00800466        0x1 C:\Users\aplaf\Desktop\ets\ELE795\PROJET~1\FIRMWA~1\FIRMWA~1\ARDUIN~1\Debug\libArduinoCore.a(Wire.o)
                0x00800466                _ZN7TwoWire14txBufferLengthE
 .bss._ZN7TwoWire13txBufferIndexE
                0x00800467        0x1 C:\Users\aplaf\Desktop\ets\ELE795\PROJET~1\FIRMWA~1\FIRMWA~1\ARDUIN~1\Debug\libArduinoCore.a(Wire.o)
                0x00800467                _ZN7TwoWire13txBufferIndexE
 .bss._ZN7TwoWire8txBufferE
                0x00800468       0x20 C:\Users\aplaf\Desktop\ets\ELE795\PROJET~1\FIRMWA~1\FIRMWA~1\ARDUIN~1\Debug\libArduinoCore.a(Wire.o)
                0x00800468                _ZN7TwoWire8txBufferE
 .bss._ZN7TwoWire9txAddressE
                0x00800488        0x1 C:\Users\aplaf\Desktop\ets\ELE795\PROJET~1\FIRMWA~1\FIRMWA~1\ARDUIN~1\Debug\libArduinoCore.a(Wire.o)
                0x00800488                _ZN7TwoWire9txAddressE
 .bss._ZN7TwoWire14rxBufferLengthE
                0x00800489        0x1 C:\Users\aplaf\Desktop\ets\ELE795\PROJET~1\FIRMWA~1\FIRMWA~1\ARDUIN~1\Debug\libArduinoCore.a(Wire.o)
                0x00800489                _ZN7TwoWire14rxBufferLengthE
 .bss._ZN7TwoWire13rxBufferIndexE
                0x0080048a        0x1 C:\Users\aplaf\Desktop\ets\ELE795\PROJET~1\FIRMWA~1\FIRMWA~1\ARDUIN~1\Debug\libArduinoCore.a(Wire.o)
                0x0080048a                _ZN7TwoWire13rxBufferIndexE
 .bss._ZN7TwoWire8rxBufferE
                0x0080048b       0x20 C:\Users\aplaf\Desktop\ets\ELE795\PROJET~1\FIRMWA~1\FIRMWA~1\ARDUIN~1\Debug\libArduinoCore.a(Wire.o)
                0x0080048b                _ZN7TwoWire8rxBufferE
 .bss.sensor_list
                0x008004ab       0x1e C:\Users\aplaf\Desktop\ets\ELE795\PROJET~1\FIRMWA~1\FIRMWA~1\ARDUIN~1\Debug\libArduinoCore.a(modules.o)
                0x008004ab                sensor_list
 .bss.anemometer_sensor
                0x008004c9        0xc C:\Users\aplaf\Desktop\ets\ELE795\PROJET~1\FIRMWA~1\FIRMWA~1\ARDUIN~1\Debug\libArduinoCore.a(modules.o)
                0x008004c9                anemometer_sensor
 .bss.pt100_sensor
                0x008004d5        0xc C:\Users\aplaf\Desktop\ets\ELE795\PROJET~1\FIRMWA~1\FIRMWA~1\ARDUIN~1\Debug\libArduinoCore.a(modules.o)
                0x008004d5                pt100_sensor
 .bss.hdc1080_sensor
                0x008004e1        0x1 C:\Users\aplaf\Desktop\ets\ELE795\PROJET~1\FIRMWA~1\FIRMWA~1\ARDUIN~1\Debug\libArduinoCore.a(modules.o)
                0x008004e1                hdc1080_sensor
 .bss.as7262_sensor
                0x008004e2        0x6 C:\Users\aplaf\Desktop\ets\ELE795\PROJET~1\FIRMWA~1\FIRMWA~1\ARDUIN~1\Debug\libArduinoCore.a(modules.o)
                0x008004e2                as7262_sensor
 .bss._ZZ10goto_sleepvE10prevADCSRA
                0x008004e8        0x1 C:\Users\aplaf\Desktop\ets\ELE795\PROJET~1\FIRMWA~1\FIRMWA~1\ARDUIN~1\Debug\libArduinoCore.a(sleep.o)
 .bss._ZGVZ10goto_sleepvE10prevADCSRA
                0x008004e9        0x8 C:\Users\aplaf\Desktop\ets\ELE795\PROJET~1\FIRMWA~1\FIRMWA~1\ARDUIN~1\Debug\libArduinoCore.a(sleep.o)
 .bss.wake_flag
                0x008004f1        0x1 C:\Users\aplaf\Desktop\ets\ELE795\PROJET~1\FIRMWA~1\FIRMWA~1\ARDUIN~1\Debug\libArduinoCore.a(sleep.o)
                0x008004f1                wake_flag
 .bss.initStatus
                0x008004f2        0x2 C:\Users\aplaf\Desktop\ets\ELE795\PROJET~1\FIRMWA~1\FIRMWA~1\ARDUIN~1\Debug\libArduinoCore.a(status.o)
                0x008004f2                initStatus
 .bss.ledState  0x008004f4        0x2 C:\Users\aplaf\Desktop\ets\ELE795\PROJET~1\FIRMWA~1\FIRMWA~1\ARDUIN~1\Debug\libArduinoCore.a(status.o)
                0x008004f4                ledState
 .bss.twi_error
                0x008004f6        0x1 C:\Users\aplaf\Desktop\ets\ELE795\PROJET~1\FIRMWA~1\FIRMWA~1\ARDUIN~1\Debug\libArduinoCore.a(twi.o)
 .bss.twi_rxBufferIndex
                0x008004f7        0x1 C:\Users\aplaf\Desktop\ets\ELE795\PROJET~1\FIRMWA~1\FIRMWA~1\ARDUIN~1\Debug\libArduinoCore.a(twi.o)
 .bss.twi_rxBuffer
                0x008004f8       0x20 C:\Users\aplaf\Desktop\ets\ELE795\PROJET~1\FIRMWA~1\FIRMWA~1\ARDUIN~1\Debug\libArduinoCore.a(twi.o)
 .bss.twi_txBufferLength
                0x00800518        0x1 C:\Users\aplaf\Desktop\ets\ELE795\PROJET~1\FIRMWA~1\FIRMWA~1\ARDUIN~1\Debug\libArduinoCore.a(twi.o)
 .bss.twi_txBufferIndex
                0x00800519        0x1 C:\Users\aplaf\Desktop\ets\ELE795\PROJET~1\FIRMWA~1\FIRMWA~1\ARDUIN~1\Debug\libArduinoCore.a(twi.o)
 .bss.twi_txBuffer
                0x0080051a       0x20 C:\Users\aplaf\Desktop\ets\ELE795\PROJET~1\FIRMWA~1\FIRMWA~1\ARDUIN~1\Debug\libArduinoCore.a(twi.o)
 .bss.twi_masterBufferLength
                0x0080053a        0x1 C:\Users\aplaf\Desktop\ets\ELE795\PROJET~1\FIRMWA~1\FIRMWA~1\ARDUIN~1\Debug\libArduinoCore.a(twi.o)
 .bss.twi_masterBufferIndex
                0x0080053b        0x1 C:\Users\aplaf\Desktop\ets\ELE795\PROJET~1\FIRMWA~1\FIRMWA~1\ARDUIN~1\Debug\libArduinoCore.a(twi.o)
 .bss.twi_masterBuffer
                0x0080053c       0x20 C:\Users\aplaf\Desktop\ets\ELE795\PROJET~1\FIRMWA~1\FIRMWA~1\ARDUIN~1\Debug\libArduinoCore.a(twi.o)
 .bss.twi_onSlaveReceive
                0x0080055c        0x2 C:\Users\aplaf\Desktop\ets\ELE795\PROJET~1\FIRMWA~1\FIRMWA~1\ARDUIN~1\Debug\libArduinoCore.a(twi.o)
 .bss.twi_onSlaveTransmit
                0x0080055e        0x2 C:\Users\aplaf\Desktop\ets\ELE795\PROJET~1\FIRMWA~1\FIRMWA~1\ARDUIN~1\Debug\libArduinoCore.a(twi.o)
 .bss.twi_do_reset_on_timeout
                0x00800560        0x1 C:\Users\aplaf\Desktop\ets\ELE795\PROJET~1\FIRMWA~1\FIRMWA~1\ARDUIN~1\Debug\libArduinoCore.a(twi.o)
 .bss.twi_timed_out_flag
                0x00800561        0x1 C:\Users\aplaf\Desktop\ets\ELE795\PROJET~1\FIRMWA~1\FIRMWA~1\ARDUIN~1\Debug\libArduinoCore.a(twi.o)
 .bss.twi_timeout_us
                0x00800562        0x4 C:\Users\aplaf\Desktop\ets\ELE795\PROJET~1\FIRMWA~1\FIRMWA~1\ARDUIN~1\Debug\libArduinoCore.a(twi.o)
 .bss.twi_inRepStart
                0x00800566        0x1 C:\Users\aplaf\Desktop\ets\ELE795\PROJET~1\FIRMWA~1\FIRMWA~1\ARDUIN~1\Debug\libArduinoCore.a(twi.o)
 .bss.twi_sendStop
                0x00800567        0x1 C:\Users\aplaf\Desktop\ets\ELE795\PROJET~1\FIRMWA~1\FIRMWA~1\ARDUIN~1\Debug\libArduinoCore.a(twi.o)
 .bss.twi_slarw
                0x00800568        0x1 C:\Users\aplaf\Desktop\ets\ELE795\PROJET~1\FIRMWA~1\FIRMWA~1\ARDUIN~1\Debug\libArduinoCore.a(twi.o)
 .bss.twi_state
                0x00800569        0x1 C:\Users\aplaf\Desktop\ets\ELE795\PROJET~1\FIRMWA~1\FIRMWA~1\ARDUIN~1\Debug\libArduinoCore.a(twi.o)
 *(COMMON)
 COMMON         0x0080056a        0x4 c:/program files (x86)/atmel/studio/7.0/toolchain/avr8/avr8-gnu-toolchain/bin/../lib/gcc/avr/5.4.0/../../../../avr/lib/avr5\libc.a(malloc.o)
                0x0080056a                __brkval
                0x0080056c                __flp
                0x0080056e                PROVIDE (__bss_end, .)
                0x00003a78                __data_load_start = LOADADDR (.data)
                0x00003d1c                __data_load_end = (__data_load_start + SIZEOF (.data))

.noinit         0x0080056e        0x0
                [!provide]                PROVIDE (__noinit_start, .)
 *(.noinit*)
                [!provide]                PROVIDE (__noinit_end, .)
                0x0080056e                _end = .
                0x0080056e                PROVIDE (__heap_start, .)

.eeprom         0x00810000        0x0
 *(.eeprom*)
                0x00810000                __eeprom_end = .

.fuse
 *(.fuse)
 *(.lfuse)
 *(.hfuse)
 *(.efuse)

.lock
 *(.lock*)

.signature
 *(.signature*)

.user_signatures
 *(.user_signatures*)

.stab
 *(.stab)

.stabstr
 *(.stabstr)

.stab.excl
 *(.stab.excl)

.stab.exclstr
 *(.stab.exclstr)

.stab.index
 *(.stab.index)

.stab.indexstr
 *(.stab.indexstr)

.comment        0x00000000       0x30
 *(.comment)
 .comment       0x00000000       0x30 main.o
                                 0x31 (size before relaxing)
 .comment       0x00000030       0x31 C:\Users\aplaf\Desktop\ets\ELE795\PROJET~1\FIRMWA~1\FIRMWA~1\ARDUIN~1\Debug\libArduinoCore.a(DS3231.o)
 .comment       0x00000030       0x31 C:\Users\aplaf\Desktop\ets\ELE795\PROJET~1\FIRMWA~1\FIRMWA~1\ARDUIN~1\Debug\libArduinoCore.a(HardwareSerial.o)
 .comment       0x00000030       0x31 C:\Users\aplaf\Desktop\ets\ELE795\PROJET~1\FIRMWA~1\FIRMWA~1\ARDUIN~1\Debug\libArduinoCore.a(HardwareSerial0.o)
 .comment       0x00000030       0x31 C:\Users\aplaf\Desktop\ets\ELE795\PROJET~1\FIRMWA~1\FIRMWA~1\ARDUIN~1\Debug\libArduinoCore.a(Print.o)
 .comment       0x00000030       0x31 C:\Users\aplaf\Desktop\ets\ELE795\PROJET~1\FIRMWA~1\FIRMWA~1\ARDUIN~1\Debug\libArduinoCore.a(wiring.o)
 .comment       0x00000030       0x31 C:\Users\aplaf\Desktop\ets\ELE795\PROJET~1\FIRMWA~1\FIRMWA~1\ARDUIN~1\Debug\libArduinoCore.a(wiring_digital.o)
 .comment       0x00000030       0x31 C:\Users\aplaf\Desktop\ets\ELE795\PROJET~1\FIRMWA~1\FIRMWA~1\ARDUIN~1\Debug\libArduinoCore.a(Wire.o)
 .comment       0x00000030       0x31 C:\Users\aplaf\Desktop\ets\ELE795\PROJET~1\FIRMWA~1\FIRMWA~1\ARDUIN~1\Debug\libArduinoCore.a(memory.o)
 .comment       0x00000030       0x31 C:\Users\aplaf\Desktop\ets\ELE795\PROJET~1\FIRMWA~1\FIRMWA~1\ARDUIN~1\Debug\libArduinoCore.a(modules.o)
 .comment       0x00000030       0x31 C:\Users\aplaf\Desktop\ets\ELE795\PROJET~1\FIRMWA~1\FIRMWA~1\ARDUIN~1\Debug\libArduinoCore.a(rtc.o)
 .comment       0x00000030       0x31 C:\Users\aplaf\Desktop\ets\ELE795\PROJET~1\FIRMWA~1\FIRMWA~1\ARDUIN~1\Debug\libArduinoCore.a(sleep.o)
 .comment       0x00000030       0x31 C:\Users\aplaf\Desktop\ets\ELE795\PROJET~1\FIRMWA~1\FIRMWA~1\ARDUIN~1\Debug\libArduinoCore.a(status.o)
 .comment       0x00000030       0x31 C:\Users\aplaf\Desktop\ets\ELE795\PROJET~1\FIRMWA~1\FIRMWA~1\ARDUIN~1\Debug\libArduinoCore.a(Adafruit_AS726x.o)
 .comment       0x00000030       0x31 C:\Users\aplaf\Desktop\ets\ELE795\PROJET~1\FIRMWA~1\FIRMWA~1\ARDUIN~1\Debug\libArduinoCore.a(anemometer.o)
 .comment       0x00000030       0x31 C:\Users\aplaf\Desktop\ets\ELE795\PROJET~1\FIRMWA~1\FIRMWA~1\ARDUIN~1\Debug\libArduinoCore.a(ClosedCube_HDC1080.o)
 .comment       0x00000030       0x31 C:\Users\aplaf\Desktop\ets\ELE795\PROJET~1\FIRMWA~1\FIRMWA~1\ARDUIN~1\Debug\libArduinoCore.a(PT100.o)
 .comment       0x00000030       0x31 C:\Users\aplaf\Desktop\ets\ELE795\PROJET~1\FIRMWA~1\FIRMWA~1\ARDUIN~1\Debug\libArduinoCore.a(hooks.o)
 .comment       0x00000030       0x31 C:\Users\aplaf\Desktop\ets\ELE795\PROJET~1\FIRMWA~1\FIRMWA~1\ARDUIN~1\Debug\libArduinoCore.a(new.o)
 .comment       0x00000030       0x31 C:\Users\aplaf\Desktop\ets\ELE795\PROJET~1\FIRMWA~1\FIRMWA~1\ARDUIN~1\Debug\libArduinoCore.a(WInterrupts.o)
 .comment       0x00000030       0x31 C:\Users\aplaf\Desktop\ets\ELE795\PROJET~1\FIRMWA~1\FIRMWA~1\ARDUIN~1\Debug\libArduinoCore.a(wiring_analog.o)
 .comment       0x00000030       0x31 C:\Users\aplaf\Desktop\ets\ELE795\PROJET~1\FIRMWA~1\FIRMWA~1\ARDUIN~1\Debug\libArduinoCore.a(Adafruit_I2CDevice.o)
 .comment       0x00000030       0x31 C:\Users\aplaf\Desktop\ets\ELE795\PROJET~1\FIRMWA~1\FIRMWA~1\ARDUIN~1\Debug\libArduinoCore.a(twi.o)
 .comment       0x00000030       0x31 c:/program files (x86)/atmel/studio/7.0/toolchain/avr8/avr8-gnu-toolchain/bin/../lib/gcc/avr/5.4.0/../../../../avr/lib/avr5\libc.a(malloc.o)

.note.gnu.avr.deviceinfo
                0x00000000       0x40
 .note.gnu.avr.deviceinfo
                0x00000000       0x40 C:/Program Files (x86)/Atmel/Studio/7.0/Packs/atmel/ATmega_DFP/1.6.364/gcc/dev/atmega328p/avr5/crtatmega328p.o

.note.gnu.build-id
 *(.note.gnu.build-id)

.debug
 *(.debug)

.line
 *(.line)

.debug_srcinfo
 *(.debug_srcinfo)

.debug_sfnames
 *(.debug_sfnames)

.debug_aranges  0x00000000      0x900
 *(.debug_aranges)
 .debug_aranges
                0x00000000       0x60 main.o
 .debug_aranges
                0x00000060       0x70 C:\Users\aplaf\Desktop\ets\ELE795\PROJET~1\FIRMWA~1\FIRMWA~1\ARDUIN~1\Debug\libArduinoCore.a(DS3231.o)
 .debug_aranges
                0x000000d0       0x68 C:\Users\aplaf\Desktop\ets\ELE795\PROJET~1\FIRMWA~1\FIRMWA~1\ARDUIN~1\Debug\libArduinoCore.a(HardwareSerial.o)
 .debug_aranges
                0x00000138       0x48 C:\Users\aplaf\Desktop\ets\ELE795\PROJET~1\FIRMWA~1\FIRMWA~1\ARDUIN~1\Debug\libArduinoCore.a(HardwareSerial0.o)
 .debug_aranges
                0x00000180      0x100 C:\Users\aplaf\Desktop\ets\ELE795\PROJET~1\FIRMWA~1\FIRMWA~1\ARDUIN~1\Debug\libArduinoCore.a(Print.o)
 .debug_aranges
                0x00000280       0x48 C:\Users\aplaf\Desktop\ets\ELE795\PROJET~1\FIRMWA~1\FIRMWA~1\ARDUIN~1\Debug\libArduinoCore.a(wiring.o)
 .debug_aranges
                0x000002c8       0x38 C:\Users\aplaf\Desktop\ets\ELE795\PROJET~1\FIRMWA~1\FIRMWA~1\ARDUIN~1\Debug\libArduinoCore.a(wiring_digital.o)
 .debug_aranges
                0x00000300      0x110 C:\Users\aplaf\Desktop\ets\ELE795\PROJET~1\FIRMWA~1\FIRMWA~1\ARDUIN~1\Debug\libArduinoCore.a(Wire.o)
 .debug_aranges
                0x00000410       0x30 C:\Users\aplaf\Desktop\ets\ELE795\PROJET~1\FIRMWA~1\FIRMWA~1\ARDUIN~1\Debug\libArduinoCore.a(memory.o)
 .debug_aranges
                0x00000440       0x78 C:\Users\aplaf\Desktop\ets\ELE795\PROJET~1\FIRMWA~1\FIRMWA~1\ARDUIN~1\Debug\libArduinoCore.a(modules.o)
 .debug_aranges
                0x000004b8       0x28 C:\Users\aplaf\Desktop\ets\ELE795\PROJET~1\FIRMWA~1\FIRMWA~1\ARDUIN~1\Debug\libArduinoCore.a(rtc.o)
 .debug_aranges
                0x000004e0       0x28 C:\Users\aplaf\Desktop\ets\ELE795\PROJET~1\FIRMWA~1\FIRMWA~1\ARDUIN~1\Debug\libArduinoCore.a(sleep.o)
 .debug_aranges
                0x00000508       0x38 C:\Users\aplaf\Desktop\ets\ELE795\PROJET~1\FIRMWA~1\FIRMWA~1\ARDUIN~1\Debug\libArduinoCore.a(status.o)
 .debug_aranges
                0x00000540       0xe0 C:\Users\aplaf\Desktop\ets\ELE795\PROJET~1\FIRMWA~1\FIRMWA~1\ARDUIN~1\Debug\libArduinoCore.a(Adafruit_AS726x.o)
 .debug_aranges
                0x00000620       0x40 C:\Users\aplaf\Desktop\ets\ELE795\PROJET~1\FIRMWA~1\FIRMWA~1\ARDUIN~1\Debug\libArduinoCore.a(anemometer.o)
 .debug_aranges
                0x00000660       0x88 C:\Users\aplaf\Desktop\ets\ELE795\PROJET~1\FIRMWA~1\FIRMWA~1\ARDUIN~1\Debug\libArduinoCore.a(ClosedCube_HDC1080.o)
 .debug_aranges
                0x000006e8       0x58 C:\Users\aplaf\Desktop\ets\ELE795\PROJET~1\FIRMWA~1\FIRMWA~1\ARDUIN~1\Debug\libArduinoCore.a(PT100.o)
 .debug_aranges
                0x00000740       0x20 C:\Users\aplaf\Desktop\ets\ELE795\PROJET~1\FIRMWA~1\FIRMWA~1\ARDUIN~1\Debug\libArduinoCore.a(hooks.o)
 .debug_aranges
                0x00000760       0x30 C:\Users\aplaf\Desktop\ets\ELE795\PROJET~1\FIRMWA~1\FIRMWA~1\ARDUIN~1\Debug\libArduinoCore.a(new.o)
 .debug_aranges
                0x00000790       0x40 C:\Users\aplaf\Desktop\ets\ELE795\PROJET~1\FIRMWA~1\FIRMWA~1\ARDUIN~1\Debug\libArduinoCore.a(WInterrupts.o)
 .debug_aranges
                0x000007d0       0x30 C:\Users\aplaf\Desktop\ets\ELE795\PROJET~1\FIRMWA~1\FIRMWA~1\ARDUIN~1\Debug\libArduinoCore.a(wiring_analog.o)
 .debug_aranges
                0x00000800       0x68 C:\Users\aplaf\Desktop\ets\ELE795\PROJET~1\FIRMWA~1\FIRMWA~1\ARDUIN~1\Debug\libArduinoCore.a(Adafruit_I2CDevice.o)
 .debug_aranges
                0x00000868       0x98 C:\Users\aplaf\Desktop\ets\ELE795\PROJET~1\FIRMWA~1\FIRMWA~1\ARDUIN~1\Debug\libArduinoCore.a(twi.o)

.debug_pubnames
 *(.debug_pubnames)

.debug_info     0x00000000    0x14b09
 *(.debug_info .gnu.linkonce.wi.*)
 .debug_info    0x00000000      0x5f4 C:/Program Files (x86)/Atmel/Studio/7.0/Packs/atmel/ATmega_DFP/1.6.364/gcc/dev/atmega328p/avr5/crtatmega328p.o
 .debug_info    0x000005f4      0xafb main.o
 .debug_info    0x000010ef      0xaf3 C:\Users\aplaf\Desktop\ets\ELE795\PROJET~1\FIRMWA~1\FIRMWA~1\ARDUIN~1\Debug\libArduinoCore.a(DS3231.o)
 .debug_info    0x00001be2     0x1f64 C:\Users\aplaf\Desktop\ets\ELE795\PROJET~1\FIRMWA~1\FIRMWA~1\ARDUIN~1\Debug\libArduinoCore.a(HardwareSerial.o)
 .debug_info    0x00003b46     0x1b16 C:\Users\aplaf\Desktop\ets\ELE795\PROJET~1\FIRMWA~1\FIRMWA~1\ARDUIN~1\Debug\libArduinoCore.a(HardwareSerial0.o)
 .debug_info    0x0000565c     0x28ff C:\Users\aplaf\Desktop\ets\ELE795\PROJET~1\FIRMWA~1\FIRMWA~1\ARDUIN~1\Debug\libArduinoCore.a(Print.o)
 .debug_info    0x00007f5b      0x2cb C:\Users\aplaf\Desktop\ets\ELE795\PROJET~1\FIRMWA~1\FIRMWA~1\ARDUIN~1\Debug\libArduinoCore.a(wiring.o)
 .debug_info    0x00008226      0x5fe C:\Users\aplaf\Desktop\ets\ELE795\PROJET~1\FIRMWA~1\FIRMWA~1\ARDUIN~1\Debug\libArduinoCore.a(wiring_digital.o)
 .debug_info    0x00008824     0x2910 C:\Users\aplaf\Desktop\ets\ELE795\PROJET~1\FIRMWA~1\FIRMWA~1\ARDUIN~1\Debug\libArduinoCore.a(Wire.o)
 .debug_info    0x0000b134      0xaea C:\Users\aplaf\Desktop\ets\ELE795\PROJET~1\FIRMWA~1\FIRMWA~1\ARDUIN~1\Debug\libArduinoCore.a(memory.o)
 .debug_info    0x0000bc1e     0x1fae C:\Users\aplaf\Desktop\ets\ELE795\PROJET~1\FIRMWA~1\FIRMWA~1\ARDUIN~1\Debug\libArduinoCore.a(modules.o)
 .debug_info    0x0000dbcc      0x467 C:\Users\aplaf\Desktop\ets\ELE795\PROJET~1\FIRMWA~1\FIRMWA~1\ARDUIN~1\Debug\libArduinoCore.a(rtc.o)
 .debug_info    0x0000e033      0x30a C:\Users\aplaf\Desktop\ets\ELE795\PROJET~1\FIRMWA~1\FIRMWA~1\ARDUIN~1\Debug\libArduinoCore.a(sleep.o)
 .debug_info    0x0000e33d      0x50b C:\Users\aplaf\Desktop\ets\ELE795\PROJET~1\FIRMWA~1\FIRMWA~1\ARDUIN~1\Debug\libArduinoCore.a(status.o)
 .debug_info    0x0000e848     0x1e57 C:\Users\aplaf\Desktop\ets\ELE795\PROJET~1\FIRMWA~1\FIRMWA~1\ARDUIN~1\Debug\libArduinoCore.a(Adafruit_AS726x.o)
 .debug_info    0x0001069f      0x3ce C:\Users\aplaf\Desktop\ets\ELE795\PROJET~1\FIRMWA~1\FIRMWA~1\ARDUIN~1\Debug\libArduinoCore.a(anemometer.o)
 .debug_info    0x00010a6d     0x2234 C:\Users\aplaf\Desktop\ets\ELE795\PROJET~1\FIRMWA~1\FIRMWA~1\ARDUIN~1\Debug\libArduinoCore.a(ClosedCube_HDC1080.o)
 .debug_info    0x00012ca1      0x4f8 C:\Users\aplaf\Desktop\ets\ELE795\PROJET~1\FIRMWA~1\FIRMWA~1\ARDUIN~1\Debug\libArduinoCore.a(PT100.o)
 .debug_info    0x00013199       0x3e C:\Users\aplaf\Desktop\ets\ELE795\PROJET~1\FIRMWA~1\FIRMWA~1\ARDUIN~1\Debug\libArduinoCore.a(hooks.o)
 .debug_info    0x000131d7      0x15f C:\Users\aplaf\Desktop\ets\ELE795\PROJET~1\FIRMWA~1\FIRMWA~1\ARDUIN~1\Debug\libArduinoCore.a(new.o)
 .debug_info    0x00013336      0x21c C:\Users\aplaf\Desktop\ets\ELE795\PROJET~1\FIRMWA~1\FIRMWA~1\ARDUIN~1\Debug\libArduinoCore.a(WInterrupts.o)
 .debug_info    0x00013552      0x26d C:\Users\aplaf\Desktop\ets\ELE795\PROJET~1\FIRMWA~1\FIRMWA~1\ARDUIN~1\Debug\libArduinoCore.a(wiring_analog.o)
 .debug_info    0x000137bf      0xa6e C:\Users\aplaf\Desktop\ets\ELE795\PROJET~1\FIRMWA~1\FIRMWA~1\ARDUIN~1\Debug\libArduinoCore.a(Adafruit_I2CDevice.o)
 .debug_info    0x0001422d      0x8dc C:\Users\aplaf\Desktop\ets\ELE795\PROJET~1\FIRMWA~1\FIRMWA~1\ARDUIN~1\Debug\libArduinoCore.a(twi.o)

.debug_abbrev   0x00000000     0x4467
 *(.debug_abbrev)
 .debug_abbrev  0x00000000      0x5a2 C:/Program Files (x86)/Atmel/Studio/7.0/Packs/atmel/ATmega_DFP/1.6.364/gcc/dev/atmega328p/avr5/crtatmega328p.o
 .debug_abbrev  0x000005a2      0x2a2 main.o
 .debug_abbrev  0x00000844      0x2d7 C:\Users\aplaf\Desktop\ets\ELE795\PROJET~1\FIRMWA~1\FIRMWA~1\ARDUIN~1\Debug\libArduinoCore.a(DS3231.o)
 .debug_abbrev  0x00000b1b      0x4b7 C:\Users\aplaf\Desktop\ets\ELE795\PROJET~1\FIRMWA~1\FIRMWA~1\ARDUIN~1\Debug\libArduinoCore.a(HardwareSerial.o)
 .debug_abbrev  0x00000fd2      0x3ce C:\Users\aplaf\Desktop\ets\ELE795\PROJET~1\FIRMWA~1\FIRMWA~1\ARDUIN~1\Debug\libArduinoCore.a(HardwareSerial0.o)
 .debug_abbrev  0x000013a0      0x47a C:\Users\aplaf\Desktop\ets\ELE795\PROJET~1\FIRMWA~1\FIRMWA~1\ARDUIN~1\Debug\libArduinoCore.a(Print.o)
 .debug_abbrev  0x0000181a      0x146 C:\Users\aplaf\Desktop\ets\ELE795\PROJET~1\FIRMWA~1\FIRMWA~1\ARDUIN~1\Debug\libArduinoCore.a(wiring.o)
 .debug_abbrev  0x00001960      0x15b C:\Users\aplaf\Desktop\ets\ELE795\PROJET~1\FIRMWA~1\FIRMWA~1\ARDUIN~1\Debug\libArduinoCore.a(wiring_digital.o)
 .debug_abbrev  0x00001abb      0x563 C:\Users\aplaf\Desktop\ets\ELE795\PROJET~1\FIRMWA~1\FIRMWA~1\ARDUIN~1\Debug\libArduinoCore.a(Wire.o)
 .debug_abbrev  0x0000201e      0x251 C:\Users\aplaf\Desktop\ets\ELE795\PROJET~1\FIRMWA~1\FIRMWA~1\ARDUIN~1\Debug\libArduinoCore.a(memory.o)
 .debug_abbrev  0x0000226f      0x566 C:\Users\aplaf\Desktop\ets\ELE795\PROJET~1\FIRMWA~1\FIRMWA~1\ARDUIN~1\Debug\libArduinoCore.a(modules.o)
 .debug_abbrev  0x000027d5      0x221 C:\Users\aplaf\Desktop\ets\ELE795\PROJET~1\FIRMWA~1\FIRMWA~1\ARDUIN~1\Debug\libArduinoCore.a(rtc.o)
 .debug_abbrev  0x000029f6      0x191 C:\Users\aplaf\Desktop\ets\ELE795\PROJET~1\FIRMWA~1\FIRMWA~1\ARDUIN~1\Debug\libArduinoCore.a(sleep.o)
 .debug_abbrev  0x00002b87      0x1e2 C:\Users\aplaf\Desktop\ets\ELE795\PROJET~1\FIRMWA~1\FIRMWA~1\ARDUIN~1\Debug\libArduinoCore.a(status.o)
 .debug_abbrev  0x00002d69      0x468 C:\Users\aplaf\Desktop\ets\ELE795\PROJET~1\FIRMWA~1\FIRMWA~1\ARDUIN~1\Debug\libArduinoCore.a(Adafruit_AS726x.o)
 .debug_abbrev  0x000031d1      0x1ea C:\Users\aplaf\Desktop\ets\ELE795\PROJET~1\FIRMWA~1\FIRMWA~1\ARDUIN~1\Debug\libArduinoCore.a(anemometer.o)
 .debug_abbrev  0x000033bb      0x499 C:\Users\aplaf\Desktop\ets\ELE795\PROJET~1\FIRMWA~1\FIRMWA~1\ARDUIN~1\Debug\libArduinoCore.a(ClosedCube_HDC1080.o)
 .debug_abbrev  0x00003854      0x218 C:\Users\aplaf\Desktop\ets\ELE795\PROJET~1\FIRMWA~1\FIRMWA~1\ARDUIN~1\Debug\libArduinoCore.a(PT100.o)
 .debug_abbrev  0x00003a6c       0x2a C:\Users\aplaf\Desktop\ets\ELE795\PROJET~1\FIRMWA~1\FIRMWA~1\ARDUIN~1\Debug\libArduinoCore.a(hooks.o)
 .debug_abbrev  0x00003a96      0x109 C:\Users\aplaf\Desktop\ets\ELE795\PROJET~1\FIRMWA~1\FIRMWA~1\ARDUIN~1\Debug\libArduinoCore.a(new.o)
 .debug_abbrev  0x00003b9f       0xfc C:\Users\aplaf\Desktop\ets\ELE795\PROJET~1\FIRMWA~1\FIRMWA~1\ARDUIN~1\Debug\libArduinoCore.a(WInterrupts.o)
 .debug_abbrev  0x00003c9b      0x16b C:\Users\aplaf\Desktop\ets\ELE795\PROJET~1\FIRMWA~1\FIRMWA~1\ARDUIN~1\Debug\libArduinoCore.a(wiring_analog.o)
 .debug_abbrev  0x00003e06      0x36f C:\Users\aplaf\Desktop\ets\ELE795\PROJET~1\FIRMWA~1\FIRMWA~1\ARDUIN~1\Debug\libArduinoCore.a(Adafruit_I2CDevice.o)
 .debug_abbrev  0x00004175      0x2f2 C:\Users\aplaf\Desktop\ets\ELE795\PROJET~1\FIRMWA~1\FIRMWA~1\ARDUIN~1\Debug\libArduinoCore.a(twi.o)

.debug_line     0x00000000     0x539d
 *(.debug_line .debug_line.* .debug_line_end)
 .debug_line    0x00000000      0x134 C:/Program Files (x86)/Atmel/Studio/7.0/Packs/atmel/ATmega_DFP/1.6.364/gcc/dev/atmega328p/avr5/crtatmega328p.o
 .debug_line    0x00000134      0x49f main.o
 .debug_line    0x000005d3      0x59e C:\Users\aplaf\Desktop\ets\ELE795\PROJET~1\FIRMWA~1\FIRMWA~1\ARDUIN~1\Debug\libArduinoCore.a(DS3231.o)
 .debug_line    0x00000b71      0x4d9 C:\Users\aplaf\Desktop\ets\ELE795\PROJET~1\FIRMWA~1\FIRMWA~1\ARDUIN~1\Debug\libArduinoCore.a(HardwareSerial.o)
 .debug_line    0x0000104a      0x2a1 C:\Users\aplaf\Desktop\ets\ELE795\PROJET~1\FIRMWA~1\FIRMWA~1\ARDUIN~1\Debug\libArduinoCore.a(HardwareSerial0.o)
 .debug_line    0x000012eb      0x69a C:\Users\aplaf\Desktop\ets\ELE795\PROJET~1\FIRMWA~1\FIRMWA~1\ARDUIN~1\Debug\libArduinoCore.a(Print.o)
 .debug_line    0x00001985      0x2ae C:\Users\aplaf\Desktop\ets\ELE795\PROJET~1\FIRMWA~1\FIRMWA~1\ARDUIN~1\Debug\libArduinoCore.a(wiring.o)
 .debug_line    0x00001c33      0x267 C:\Users\aplaf\Desktop\ets\ELE795\PROJET~1\FIRMWA~1\FIRMWA~1\ARDUIN~1\Debug\libArduinoCore.a(wiring_digital.o)
 .debug_line    0x00001e9a      0x637 C:\Users\aplaf\Desktop\ets\ELE795\PROJET~1\FIRMWA~1\FIRMWA~1\ARDUIN~1\Debug\libArduinoCore.a(Wire.o)
 .debug_line    0x000024d1      0x29f C:\Users\aplaf\Desktop\ets\ELE795\PROJET~1\FIRMWA~1\FIRMWA~1\ARDUIN~1\Debug\libArduinoCore.a(memory.o)
 .debug_line    0x00002770      0x54f C:\Users\aplaf\Desktop\ets\ELE795\PROJET~1\FIRMWA~1\FIRMWA~1\ARDUIN~1\Debug\libArduinoCore.a(modules.o)
 .debug_line    0x00002cbf      0x22f C:\Users\aplaf\Desktop\ets\ELE795\PROJET~1\FIRMWA~1\FIRMWA~1\ARDUIN~1\Debug\libArduinoCore.a(rtc.o)
 .debug_line    0x00002eee      0x219 C:\Users\aplaf\Desktop\ets\ELE795\PROJET~1\FIRMWA~1\FIRMWA~1\ARDUIN~1\Debug\libArduinoCore.a(sleep.o)
 .debug_line    0x00003107      0x2fd C:\Users\aplaf\Desktop\ets\ELE795\PROJET~1\FIRMWA~1\FIRMWA~1\ARDUIN~1\Debug\libArduinoCore.a(status.o)
 .debug_line    0x00003404      0x790 C:\Users\aplaf\Desktop\ets\ELE795\PROJET~1\FIRMWA~1\FIRMWA~1\ARDUIN~1\Debug\libArduinoCore.a(Adafruit_AS726x.o)
 .debug_line    0x00003b94      0x1b0 C:\Users\aplaf\Desktop\ets\ELE795\PROJET~1\FIRMWA~1\FIRMWA~1\ARDUIN~1\Debug\libArduinoCore.a(anemometer.o)
 .debug_line    0x00003d44      0x479 C:\Users\aplaf\Desktop\ets\ELE795\PROJET~1\FIRMWA~1\FIRMWA~1\ARDUIN~1\Debug\libArduinoCore.a(ClosedCube_HDC1080.o)
 .debug_line    0x000041bd      0x1de C:\Users\aplaf\Desktop\ets\ELE795\PROJET~1\FIRMWA~1\FIRMWA~1\ARDUIN~1\Debug\libArduinoCore.a(PT100.o)
 .debug_line    0x0000439b       0x41 C:\Users\aplaf\Desktop\ets\ELE795\PROJET~1\FIRMWA~1\FIRMWA~1\ARDUIN~1\Debug\libArduinoCore.a(hooks.o)
 .debug_line    0x000043dc      0x145 C:\Users\aplaf\Desktop\ets\ELE795\PROJET~1\FIRMWA~1\FIRMWA~1\ARDUIN~1\Debug\libArduinoCore.a(new.o)
 .debug_line    0x00004521      0x1b7 C:\Users\aplaf\Desktop\ets\ELE795\PROJET~1\FIRMWA~1\FIRMWA~1\ARDUIN~1\Debug\libArduinoCore.a(WInterrupts.o)
 .debug_line    0x000046d8      0x224 C:\Users\aplaf\Desktop\ets\ELE795\PROJET~1\FIRMWA~1\FIRMWA~1\ARDUIN~1\Debug\libArduinoCore.a(wiring_analog.o)
 .debug_line    0x000048fc      0x3d1 C:\Users\aplaf\Desktop\ets\ELE795\PROJET~1\FIRMWA~1\FIRMWA~1\ARDUIN~1\Debug\libArduinoCore.a(Adafruit_I2CDevice.o)
 .debug_line    0x00004ccd      0x6d0 C:\Users\aplaf\Desktop\ets\ELE795\PROJET~1\FIRMWA~1\FIRMWA~1\ARDUIN~1\Debug\libArduinoCore.a(twi.o)

.debug_frame    0x00000000     0x1b68
 *(.debug_frame)
 .debug_frame   0x00000000       0xd4 main.o
 .debug_frame   0x000000d4      0x1d8 C:\Users\aplaf\Desktop\ets\ELE795\PROJET~1\FIRMWA~1\FIRMWA~1\ARDUIN~1\Debug\libArduinoCore.a(DS3231.o)
 .debug_frame   0x000002ac      0x110 C:\Users\aplaf\Desktop\ets\ELE795\PROJET~1\FIRMWA~1\FIRMWA~1\ARDUIN~1\Debug\libArduinoCore.a(HardwareSerial.o)
 .debug_frame   0x000003bc       0xe0 C:\Users\aplaf\Desktop\ets\ELE795\PROJET~1\FIRMWA~1\FIRMWA~1\ARDUIN~1\Debug\libArduinoCore.a(HardwareSerial0.o)
 .debug_frame   0x0000049c      0x3ac C:\Users\aplaf\Desktop\ets\ELE795\PROJET~1\FIRMWA~1\FIRMWA~1\ARDUIN~1\Debug\libArduinoCore.a(Print.o)
 .debug_frame   0x00000848       0xc4 C:\Users\aplaf\Desktop\ets\ELE795\PROJET~1\FIRMWA~1\FIRMWA~1\ARDUIN~1\Debug\libArduinoCore.a(wiring.o)
 .debug_frame   0x0000090c       0x7c C:\Users\aplaf\Desktop\ets\ELE795\PROJET~1\FIRMWA~1\FIRMWA~1\ARDUIN~1\Debug\libArduinoCore.a(wiring_digital.o)
 .debug_frame   0x00000988      0x2b0 C:\Users\aplaf\Desktop\ets\ELE795\PROJET~1\FIRMWA~1\FIRMWA~1\ARDUIN~1\Debug\libArduinoCore.a(Wire.o)
 .debug_frame   0x00000c38       0x64 C:\Users\aplaf\Desktop\ets\ELE795\PROJET~1\FIRMWA~1\FIRMWA~1\ARDUIN~1\Debug\libArduinoCore.a(memory.o)
 .debug_frame   0x00000c9c      0x20c C:\Users\aplaf\Desktop\ets\ELE795\PROJET~1\FIRMWA~1\FIRMWA~1\ARDUIN~1\Debug\libArduinoCore.a(modules.o)
 .debug_frame   0x00000ea8       0x54 C:\Users\aplaf\Desktop\ets\ELE795\PROJET~1\FIRMWA~1\FIRMWA~1\ARDUIN~1\Debug\libArduinoCore.a(rtc.o)
 .debug_frame   0x00000efc       0x34 C:\Users\aplaf\Desktop\ets\ELE795\PROJET~1\FIRMWA~1\FIRMWA~1\ARDUIN~1\Debug\libArduinoCore.a(sleep.o)
 .debug_frame   0x00000f30       0x9c C:\Users\aplaf\Desktop\ets\ELE795\PROJET~1\FIRMWA~1\FIRMWA~1\ARDUIN~1\Debug\libArduinoCore.a(status.o)
 .debug_frame   0x00000fcc      0x370 C:\Users\aplaf\Desktop\ets\ELE795\PROJET~1\FIRMWA~1\FIRMWA~1\ARDUIN~1\Debug\libArduinoCore.a(Adafruit_AS726x.o)
 .debug_frame   0x0000133c       0x84 C:\Users\aplaf\Desktop\ets\ELE795\PROJET~1\FIRMWA~1\FIRMWA~1\ARDUIN~1\Debug\libArduinoCore.a(anemometer.o)
 .debug_frame   0x000013c0      0x17c C:\Users\aplaf\Desktop\ets\ELE795\PROJET~1\FIRMWA~1\FIRMWA~1\ARDUIN~1\Debug\libArduinoCore.a(ClosedCube_HDC1080.o)
 .debug_frame   0x0000153c       0xac C:\Users\aplaf\Desktop\ets\ELE795\PROJET~1\FIRMWA~1\FIRMWA~1\ARDUIN~1\Debug\libArduinoCore.a(PT100.o)
 .debug_frame   0x000015e8       0x24 C:\Users\aplaf\Desktop\ets\ELE795\PROJET~1\FIRMWA~1\FIRMWA~1\ARDUIN~1\Debug\libArduinoCore.a(hooks.o)
 .debug_frame   0x0000160c       0x64 C:\Users\aplaf\Desktop\ets\ELE795\PROJET~1\FIRMWA~1\FIRMWA~1\ARDUIN~1\Debug\libArduinoCore.a(new.o)
 .debug_frame   0x00001670       0xf4 C:\Users\aplaf\Desktop\ets\ELE795\PROJET~1\FIRMWA~1\FIRMWA~1\ARDUIN~1\Debug\libArduinoCore.a(WInterrupts.o)
 .debug_frame   0x00001764       0x54 C:\Users\aplaf\Desktop\ets\ELE795\PROJET~1\FIRMWA~1\FIRMWA~1\ARDUIN~1\Debug\libArduinoCore.a(wiring_analog.o)
 .debug_frame   0x000017b8      0x1a8 C:\Users\aplaf\Desktop\ets\ELE795\PROJET~1\FIRMWA~1\FIRMWA~1\ARDUIN~1\Debug\libArduinoCore.a(Adafruit_I2CDevice.o)