Archive member included to satisfy reference by file (symbol)

C:\Users\aplaf\Desktop\ets\ELE795\firmware_tournesol\firmware_tournesol\ArduinoCore\Debug\libArduinoCore.a(Adafruit_AS726x.o)
                              main.o (_ZN15Adafruit_AS726xD1Ev)
C:\Users\aplaf\Desktop\ets\ELE795\firmware_tournesol\firmware_tournesol\ArduinoCore\Debug\libArduinoCore.a(ClosedCube_HDC1080.o)
                              main.o (_ZN18ClosedCube_HDC1080C1Ev)
C:\Users\aplaf\Desktop\ets\ELE795\firmware_tournesol\firmware_tournesol\ArduinoCore\Debug\libArduinoCore.a(HardwareSerial.o)
                              main.o (_ZN14HardwareSerial5flushEv)
C:\Users\aplaf\Desktop\ets\ELE795\firmware_tournesol\firmware_tournesol\ArduinoCore\Debug\libArduinoCore.a(HardwareSerial0.o)
                              main.o (Serial)
C:\Users\aplaf\Desktop\ets\ELE795\firmware_tournesol\firmware_tournesol\ArduinoCore\Debug\libArduinoCore.a(new.o)
                              C:\Users\aplaf\Desktop\ets\ELE795\firmware_tournesol\firmware_tournesol\ArduinoCore\Debug\libArduinoCore.a(Adafruit_AS726x.o) (_Znwj)
C:\Users\aplaf\Desktop\ets\ELE795\firmware_tournesol\firmware_tournesol\ArduinoCore\Debug\libArduinoCore.a(Print.o)
                              C:\Users\aplaf\Desktop\ets\ELE795\firmware_tournesol\firmware_tournesol\ArduinoCore\Debug\libArduinoCore.a(HardwareSerial.o) (_ZN5Print5writeEPKhj)
C:\Users\aplaf\Desktop\ets\ELE795\firmware_tournesol\firmware_tournesol\ArduinoCore\Debug\libArduinoCore.a(Stream.o)
                              C:\Users\aplaf\Desktop\ets\ELE795\firmware_tournesol\firmware_tournesol\ArduinoCore\Debug\libArduinoCore.a(ClosedCube_HDC1080.o) (_ZN6Stream9readBytesEPcj)
C:\Users\aplaf\Desktop\ets\ELE795\firmware_tournesol\firmware_tournesol\ArduinoCore\Debug\libArduinoCore.a(WInterrupts.o)
                              main.o (attachInterrupt)
C:\Users\aplaf\Desktop\ets\ELE795\firmware_tournesol\firmware_tournesol\ArduinoCore\Debug\libArduinoCore.a(wiring.o)
                              C:\Users\aplaf\Desktop\ets\ELE795\firmware_tournesol\firmware_tournesol\ArduinoCore\Debug\libArduinoCore.a(Stream.o) (millis)
C:\Users\aplaf\Desktop\ets\ELE795\firmware_tournesol\firmware_tournesol\ArduinoCore\Debug\libArduinoCore.a(wiring_digital.o)
                              main.o (pinMode)
C:\Users\aplaf\Desktop\ets\ELE795\firmware_tournesol\firmware_tournesol\ArduinoCore\Debug\libArduinoCore.a(WString.o)
                              C:\Users\aplaf\Desktop\ets\ELE795\firmware_tournesol\firmware_tournesol\ArduinoCore\Debug\libArduinoCore.a(Stream.o) (_ZN6StringC1EPKc)
C:\Users\aplaf\Desktop\ets\ELE795\firmware_tournesol\firmware_tournesol\ArduinoCore\Debug\libArduinoCore.a(DS3231.o)
                              main.o (_Z19DS3231_set_datetimem)
C:\Users\aplaf\Desktop\ets\ELE795\firmware_tournesol\firmware_tournesol\ArduinoCore\Debug\libArduinoCore.a(Adafruit_I2CDevice.o)
                              C:\Users\aplaf\Desktop\ets\ELE795\firmware_tournesol\firmware_tournesol\ArduinoCore\Debug\libArduinoCore.a(Adafruit_AS726x.o) (_ZN18Adafruit_I2CDeviceC1EhP7TwoWire)
C:\Users\aplaf\Desktop\ets\ELE795\firmware_tournesol\firmware_tournesol\ArduinoCore\Debug\libArduinoCore.a(SD.o)
                              main.o (_ZN5SDLib7SDClass5beginEh)
C:\Users\aplaf\Desktop\ets\ELE795\firmware_tournesol\firmware_tournesol\ArduinoCore\Debug\libArduinoCore.a(Sd2Card.o)
                              C:\Users\aplaf\Desktop\ets\ELE795\firmware_tournesol\firmware_tournesol\ArduinoCore\Debug\libArduinoCore.a(SD.o) (_ZN7Sd2Card11setSpiClockEm)
C:\Users\aplaf\Desktop\ets\ELE795\firmware_tournesol\firmware_tournesol\ArduinoCore\Debug\libArduinoCore.a(SdFile.o)
                              C:\Users\aplaf\Desktop\ets\ELE795\firmware_tournesol\firmware_tournesol\ArduinoCore\Debug\libArduinoCore.a(SD.o) (_ZN6SdFile7dirNameERK14directoryEntryPc)
C:\Users\aplaf\Desktop\ets\ELE795\firmware_tournesol\firmware_tournesol\ArduinoCore\Debug\libArduinoCore.a(SdVolume.o)
                              C:\Users\aplaf\Desktop\ets\ELE795\firmware_tournesol\firmware_tournesol\ArduinoCore\Debug\libArduinoCore.a(SdFile.o) (_ZN8SdVolume21cacheMirrorBlockFlushEh)
C:\Users\aplaf\Desktop\ets\ELE795\firmware_tournesol\firmware_tournesol\ArduinoCore\Debug\libArduinoCore.a(SPI.o)
                              C:\Users\aplaf\Desktop\ets\ELE795\firmware_tournesol\firmware_tournesol\ArduinoCore\Debug\libArduinoCore.a(Sd2Card.o) (_ZN8SPIClass5beginEv)
C:\Users\aplaf\Desktop\ets\ELE795\firmware_tournesol\firmware_tournesol\ArduinoCore\Debug\libArduinoCore.a(Wire.o)
                              C:\Users\aplaf\Desktop\ets\ELE795\firmware_tournesol\firmware_tournesol\ArduinoCore\Debug\libArduinoCore.a(ClosedCube_HDC1080.o) (_ZN7TwoWire4readEv)
C:\Users\aplaf\Desktop\ets\ELE795\firmware_tournesol\firmware_tournesol\ArduinoCore\Debug\libArduinoCore.a(abi.o)
[...]
Memory Configuration

Name             Origin             Length             Attributes
text             0x00000000         0x00008000         xr
data             0x00800100         0x00000800         rw !x
eeprom           0x00810000         0x00000400         rw !x
fuse             0x00820000         0x00000003         rw !x
lock             0x00830000         0x00000400         rw !x
signature        0x00840000         0x00000400         rw !x
user_signatures  0x00850000         0x00000400         rw !x
*default*        0x00000000         0xffffffff

Linker script and memory map

Address of section .data set to 0x800100
LOAD C:/Program Files (x86)/Atmel/Studio/7.0/Packs/atmel/ATmega_DFP/1.6.364/gcc/dev/atmega328p/avr5/crtatmega328p.o
LOAD main.o
START GROUP
LOAD c:/program files (x86)/atmel/studio/7.0/toolchain/avr8/avr8-gnu-toolchain/bin/../lib/gcc/avr/5.4.0/../../../../avr/lib/avr5\libm.a
LOAD C:\Users\aplaf\Desktop\ets\ELE795\firmware_tournesol\firmware_tournesol\ArduinoCore\Debug\libArduinoCore.a
END GROUP
LOAD c:/program files (x86)/atmel/studio/7.0/toolchain/avr8/avr8-gnu-toolchain/bin/../lib/gcc/avr/5.4.0/avr5\libgcc.a
LOAD c:/program files (x86)/atmel/studio/7.0/toolchain/avr8/avr8-gnu-toolchain/bin/../lib/gcc/avr/5.4.0/../../../../avr/lib/avr5\libm.a
START GROUP
LOAD c:/program files (x86)/atmel/studio/7.0/toolchain/avr8/avr8-gnu-toolchain/bin/../lib/gcc/avr/5.4.0/avr5\libgcc.a
LOAD c:/program files (x86)/atmel/studio/7.0/toolchain/avr8/avr8-gnu-toolchain/bin/../lib/gcc/avr/5.4.0/../../../../avr/lib/avr5\libm.a
LOAD c:/program files (x86)/atmel/studio/7.0/toolchain/avr8/avr8-gnu-toolchain/bin/../lib/gcc/avr/5.4.0/../../../../avr/lib/avr5\libc.a
LOAD C:/Program Files (x86)/Atmel/Studio/7.0/Packs/atmel/ATmega_DFP/1.6.364/gcc/dev/atmega328p/avr5\libatmega328p.a
END GROUP
                0x00000000                __TEXT_REGION_ORIGIN__ = DEFINED (__TEXT_REGION_ORIGIN__)?__TEXT_REGION_ORIGIN__:0x0
                [0x00800100]                __DATA_REGION_ORIGIN__ = DEFINED (__DATA_REGION_ORIGIN__)?__DATA_REGION_ORIGIN__:0x800060
                [0x00008000]                __TEXT_REGION_LENGTH__ = DEFINED (__TEXT_REGION_LENGTH__)?__TEXT_REGION_LENGTH__:0x20000
                [0x00000800]                __DATA_REGION_LENGTH__ = DEFINED (__DATA_REGION_LENGTH__)?__DATA_REGION_LENGTH__:0xffa0
                [0x00000400]                __EEPROM_REGION_LENGTH__ = DEFINED (__EEPROM_REGION_LENGTH__)?__EEPROM_REGION_LENGTH__:0x10000
                [0x00000003]                __FUSE_REGION_LENGTH__ = DEFINED (__FUSE_REGION_LENGTH__)?__FUSE_REGION_LENGTH__:0x400
                0x00000400                __LOCK_REGION_LENGTH__ = DEFINED (__LOCK_REGION_LENGTH__)?__LOCK_REGION_LENGTH__:0x400
                0x00000400                __SIGNATURE_REGION_LENGTH__ = DEFINED (__SIGNATURE_REGION_LENGTH__)?__SIGNATURE_REGION_LENGTH__:0x400
                0x00000400                __USER_SIGNATURE_REGION_LENGTH__ = DEFINED (__USER_SIGNATURE_REGION_LENGTH__)?__USER_SIGNATURE_REGION_LENGTH__:0x400

.hash
 *(.hash)

.dynsym
 *(.dynsym)

.dynstr
 *(.dynstr)

.gnu.version
 *(.gnu.version)

.gnu.version_d
 *(.gnu.version_d)

.gnu.version_r
 *(.gnu.version_r)

.rel.init
 *(.rel.init)

.rela.init
 *(.rela.init)

.rel.text
 *(.rel.text)
 *(.rel.text.*)
 *(.rel.gnu.linkonce.t*)

.rela.text
 *(.rela.text)
 *(.rela.text.*)
 *(.rela.gnu.linkonce.t*)

.rel.fini
 *(.rel.fini)

.rela.fini
 *(.rela.fini)

.rel.rodata
 *(.rel.rodata)
 *(.rel.rodata.*)
 *(.rel.gnu.linkonce.r*)

.rela.rodata
 *(.rela.rodata)
 *(.rela.rodata.*)
 *(.rela.gnu.linkonce.r*)

.rel.data
 *(.rel.data)
 *(.rel.data.*)
 *(.rel.gnu.linkonce.d*)

.rela.data
 *(.rela.data)
 *(.rela.data.*)
 *(.rela.gnu.linkonce.d*)

.rel.ctors
 *(.rel.ctors)

.rela.ctors
 *(.rela.ctors)

.rel.dtors
 *(.rel.dtors)

.rela.dtors
 *(.rela.dtors)

.rel.got
 *(.rel.got)

.rela.got
 *(.rela.got)

.rel.bss
 *(.rel.bss)

.rela.bss
 *(.rela.bss)

.rel.plt
 *(.rel.plt)

.rela.plt
 *(.rela.plt)

.text           0x00000000     0x4430
 *(.vectors)
 .vectors       0x00000000       0x68 C:/Program Files (x86)/Atmel/Studio/7.0/Packs/atmel/ATmega_DFP/1.6.364/gcc/dev/atmega328p/avr5/crtatmega328p.o
                0x00000000                __vector_default
                0x00000000                __vectors
 *(.vectors)
 *(.progmem.gcc*)
                0x00000068                . = ALIGN (0x2)
                0x00000068                __trampolines_start = .
 *(.trampolines)
 .trampolines   0x00000068        0x0 linker stubs
 *(.trampolines*)
                0x00000068                __trampolines_end = .
 *libprintf_flt.a:*(.progmem.data)
 *libc.a:*(.progmem.data)
 *(.progmem*)
 .progmem.data.digital_pin_to_timer_PGM
                0x00000068       0x14 C:\Users\aplaf\Desktop\ets\ELE795\firmware_tournesol\firmware_tournesol\ArduinoCore\Debug\libArduinoCore.a(wiring_digital.o)
                0x00000068                digital_pin_to_timer_PGM
 .progmem.data.digital_pin_to_bit_mask_PGM
                0x0000007c       0x14 C:\Users\aplaf\Desktop\ets\ELE795\firmware_tournesol\firmware_tournesol\ArduinoCore\Debug\libArduinoCore.a(wiring_digital.o)
                0x0000007c                digital_pin_to_bit_mask_PGM
 .progmem.data.digital_pin_to_port_PGM
                0x00000090       0x14 C:\Users\aplaf\Desktop\ets\ELE795\firmware_tournesol\firmware_tournesol\ArduinoCore\Debug\libArduinoCore.a(wiring_digital.o)
                0x00000090                digital_pin_to_port_PGM
 .progmem.data.port_to_output_PGM
                0x000000a4        0xa C:\Users\aplaf\Desktop\ets\ELE795\firmware_tournesol\firmware_tournesol\ArduinoCore\Debug\libArduinoCore.a(wiring_digital.o)
                0x000000a4                port_to_output_PGM
 .progmem.data.port_to_mode_PGM
                0x000000ae        0xa C:\Users\aplaf\Desktop\ets\ELE795\firmware_tournesol\firmware_tournesol\ArduinoCore\Debug\libArduinoCore.a(wiring_digital.o)
                0x000000ae                port_to_mode_PGM
                0x000000b8                . = ALIGN (0x2)
 *(.jumptables)
 *(.jumptables*)
 *(.lowtext)
 *(.lowtext*)
                0x000000b8                __ctors_start = .
 *(.ctors)
 .ctors         0x000000b8        0x2 main.o
 .ctors         0x000000ba        0x2 C:\Users\aplaf\Desktop\ets\ELE795\firmware_tournesol\firmware_tournesol\ArduinoCore\Debug\libArduinoCore.a(HardwareSerial0.o)
 .ctors         0x000000bc        0x2 C:\Users\aplaf\Desktop\ets\ELE795\firmware_tournesol\firmware_tournesol\ArduinoCore\Debug\libArduinoCore.a(SD.o)
 .ctors         0x000000be        0x2 C:\Users\aplaf\Desktop\ets\ELE795\firmware_tournesol\firmware_tournesol\ArduinoCore\Debug\libArduinoCore.a(Sd2Card.o)
 .ctors         0x000000c0        0x2 C:\Users\aplaf\Desktop\ets\ELE795\firmware_tournesol\firmware_tournesol\ArduinoCore\Debug\libArduinoCore.a(Wire.o)
                0x000000c2                __ctors_end = .
                0x000000c2                __dtors_start = .
 *(.dtors)
 .dtors         0x000000c2        0x2 main.o
                0x000000c4                __dtors_end = .
 SORT(*)(.ctors)
 SORT(*)(.dtors)
 *(.init0)
 .init0         0x000000c4        0x0 C:/Program Files (x86)/Atmel/Studio/7.0/Packs/atmel/ATmega_DFP/1.6.364/gcc/dev/atmega328p/avr5/crtatmega328p.o
                0x000000c4                __init
 *(.init0)
 *(.init1)
 *(.init1)
 *(.init2)
 .init2         0x000000c4        0xc C:/Program Files (x86)/Atmel/Studio/7.0/Packs/atmel/ATmega_DFP/1.6.364/gcc/dev/atmega328p/avr5/crtatmega328p.o
 *(.init2)
 *(.init3)
 *(.init3)
 *(.init4)
 .init4         0x000000d0       0x16 c:/program files (x86)/atmel/studio/7.0/toolchain/avr8/avr8-gnu-toolchain/bin/../lib/gcc/avr/5.4.0/avr5\libgcc.a(_copy_data.o)
                0x000000d0                __do_copy_data
 .init4         0x000000e6       0x10 c:/program files (x86)/atmel/studio/7.0/toolchain/avr8/avr8-gnu-toolchain/bin/../lib/gcc/avr/5.4.0/avr5\libgcc.a(_clear_bss.o)
                0x000000e6                __do_clear_bss
 *(.init4)
 *(.init5)
 *(.init5)
 *(.init6)
 .init6         0x000000f6       0x16 c:/program files (x86)/atmel/studio/7.0/toolchain/avr8/avr8-gnu-toolchain/bin/../lib/gcc/avr/5.4.0/avr5\libgcc.a(_ctors.o)
                0x000000f6                __do_global_ctors
 *(.init6)
 *(.init7)
 *(.init7)
 *(.init8)
 *(.init8)
 *(.init9)
 .init9         0x0000010c        0x8 C:/Program Files (x86)/Atmel/Studio/7.0/Packs/atmel/ATmega_DFP/1.6.364/gcc/dev/atmega328p/avr5/crtatmega328p.o
 *(.init9)
 *(.text)
 .text          0x00000114        0x4 C:/Program Files (x86)/Atmel/Studio/7.0/Packs/atmel/ATmega_DFP/1.6.364/gcc/dev/atmega328p/avr5/crtatmega328p.o
                0x00000114                __vector_22
                0x00000114                __vector_12
                0x00000114                __bad_interrupt
                0x00000114                __vector_6
                0x00000114                __vector_3
                0x00000114                __vector_23
                0x00000114                __vector_25
                0x00000114                __vector_13
                0x00000114                __vector_17
                0x00000114                __vector_7
                0x00000114                __vector_5
                0x00000114                __vector_4
                0x00000114                __vector_9
                0x00000114                __vector_21
                0x00000114                __vector_15
                0x00000114                __vector_8
                0x00000114                __vector_14
                0x00000114                __vector_10
                0x00000114                __vector_20
                0x00000118                . = ALIGN (0x2)
 *(.text.*)
 .text._Z11as7262_readP8Sensor_tPh
                0x00000118       0xc4 main.o
                0x00000118                _Z11as7262_readP8Sensor_tPh
 .text._Z12hdc1080_readP8Sensor_tPh
                0x000001dc       0x94 main.o
                0x000001dc                _Z12hdc1080_readP8Sensor_tPh
 .text._Z8sleepISRv
                0x00000270       0x12 main.o
                0x00000270                _Z8sleepISRv
 .text._Z8checksumPKhj
                0x00000282       0x3a main.o
                0x00000282                _Z8checksumPKhj
 .text._Z10save_framePcPhh
                0x000002bc       0x92 main.o
                0x000002bc                _Z10save_framePcPhh
 .text._Z12signal_errori
                0x0000034e       0xb8 main.o
                0x0000034e                _Z12signal_errori
 .text._Z11ds3231_inith
                0x00000406       0x84 main.o
                0x00000406                _Z11ds3231_inith
 .text._Z19status_blinker_initv
                0x0000048a       0x5e main.o
                0x0000048a                _Z19status_blinker_initv
 .text._Z22status_blinker_disablev
                0x000004e8       0x2c main.o
                0x000004e8                _Z22status_blinker_disablev
 .text._Z11as7262_initP8Sensor_t
                0x00000514       0x66 main.o
                0x00000514                _Z11as7262_initP8Sensor_t
 .text._Z12hdc1080_initP8Sensor_t
                0x0000057a       0x7a main.o
                0x0000057a                _Z12hdc1080_initP8Sensor_t
 .text._Z10init_setupv
                0x000005f4       0x62 main.o
                0x000005f4                _Z10init_setupv
 .text.__vector_11
                0x00000656       0x80 main.o
                0x00000656                __vector_11
 .text.startup._GLOBAL__sub_I_as7262
                0x000006d6       0x14 main.o
 .text.exit._GLOBAL__sub_D_as7262
                0x000006ea        0x8 main.o
 .text._Z10goto_sleepv
                0x000006f2       0x62 main.o
                0x000006f2                _Z10goto_sleepv
 .text.startup.main
                0x00000754      0x1d4 main.o
                0x00000754                main
 .text._ZN15Adafruit_AS726x13control_setup3getEv
                0x00000928        0x8 C:\Users\aplaf\Desktop\ets\ELE795\firmware_tournesol\firmware_tournesol\ArduinoCore\Debug\libArduinoCore.a(Adafruit_AS726x.o)
                0x00000928                _ZN15Adafruit_AS726x13control_setup3getEv
 .text._ZN15Adafruit_AS726x11led_control3getEv
                0x00000930        0x8 C:\Users\aplaf\Desktop\ets\ELE795\firmware_tournesol\firmware_tournesol\ArduinoCore\Debug\libArduinoCore.a(Adafruit_AS726x.o)
                0x00000930                _ZN15Adafruit_AS726x11led_control3getEv
 .text._ZN15Adafruit_AS726xD2Ev
                0x00000938       0x10 C:\Users\aplaf\Desktop\ets\ELE795\firmware_tournesol\firmware_tournesol\ArduinoCore\Debug\libArduinoCore.a(Adafruit_AS726x.o)
                0x00000938                _ZN15Adafruit_AS726xD2Ev
                0x00000938                _ZN15Adafruit_AS726xD1Ev
 .text._ZN15Adafruit_AS726x4readEhPhh
                0x00000948       0x3c C:\Users\aplaf\Desktop\ets\ELE795\firmware_tournesol\firmware_tournesol\ArduinoCore\Debug\libArduinoCore.a(Adafruit_AS726x.o)
                0x00000948                _ZN15Adafruit_AS726x4readEhPhh
 .text._ZN15Adafruit_AS726x5read8Eh
                0x00000984       0x20 C:\Users\aplaf\Desktop\ets\ELE795\firmware_tournesol\firmware_tournesol\ArduinoCore\Debug\libArduinoCore.a(Adafruit_AS726x.o)
                0x00000984                _ZN15Adafruit_AS726x5read8Eh
 .text._ZN15Adafruit_AS726x5writeEhPhh
                0x000009a4       0x44 C:\Users\aplaf\Desktop\ets\ELE795\firmware_tournesol\firmware_tournesol\ArduinoCore\Debug\libArduinoCore.a(Adafruit_AS726x.o)
                0x000009a4                _ZN15Adafruit_AS726x5writeEhPhh
 .text._ZN15Adafruit_AS726x6write8Ehh
                0x000009e8       0x20 C:\Users\aplaf\Desktop\ets\ELE795\firmware_tournesol\firmware_tournesol\ArduinoCore\Debug\libArduinoCore.a(Adafruit_AS726x.o)
                0x000009e8                _ZN15Adafruit_AS726x6write8Ehh
 .text._ZN15Adafruit_AS726x11virtualReadEh
                0x00000a08       0x5a C:\Users\aplaf\Desktop\ets\ELE795\firmware_tournesol\firmware_tournesol\ArduinoCore\Debug\libArduinoCore.a(Adafruit_AS726x.o)
                0x00000a08                _ZN15Adafruit_AS726x11virtualReadEh
 .text._ZN15Adafruit_AS726x19readCalibratedValueEh
                0x00000a62       0x6c C:\Users\aplaf\Desktop\ets\ELE795\firmware_tournesol\firmware_tournesol\ArduinoCore\Debug\libArduinoCore.a(Adafruit_AS726x.o)
                0x00000a62                _ZN15Adafruit_AS726x19readCalibratedValueEh
 .text._ZN15Adafruit_AS726x20readCalibratedValuesEPfh
                0x00000ace       0xd2 C:\Users\aplaf\Desktop\ets\ELE795\firmware_tournesol\firmware_tournesol\ArduinoCore\Debug\libArduinoCore.a(Adafruit_AS726x.o)
                0x00000ace                _ZN15Adafruit_AS726x20readCalibratedValuesEPfh
 .text._ZN15Adafruit_AS726x12virtualWriteEhh
                0x00000ba0       0x5e C:\Users\aplaf\Desktop\ets\ELE795\firmware_tournesol\firmware_tournesol\ArduinoCore\Debug\libArduinoCore.a(Adafruit_AS726x.o)
                0x00000ba0                _ZN15Adafruit_AS726x12virtualWriteEhh
 .text._ZN15Adafruit_AS726x6drvOffEv
                0x00000bfe       0x22 C:\Users\aplaf\Desktop\ets\ELE795\firmware_tournesol\firmware_tournesol\ArduinoCore\Debug\libArduinoCore.a(Adafruit_AS726x.o)
                0x00000bfe                _ZN15Adafruit_AS726x6drvOffEv
 .text._ZN15Adafruit_AS726x13setDrvCurrentEh
                0x00000c20       0x2c C:\Users\aplaf\Desktop\ets\ELE795\firmware_tournesol\firmware_tournesol\ArduinoCore\Debug\libArduinoCore.a(Adafruit_AS726x.o)
                0x00000c20                _ZN15Adafruit_AS726x13setDrvCurrentEh
 .text._ZN15Adafruit_AS726x17setConversionTypeEh
                0x00000c4c       0x2c C:\Users\aplaf\Desktop\ets\ELE795\firmware_tournesol\firmware_tournesol\ArduinoCore\Debug\libArduinoCore.a(Adafruit_AS726x.o)
                0x00000c4c                _ZN15Adafruit_AS726x17setConversionTypeEh
 .text._ZN15Adafruit_AS726x7setGainEh
                0x00000c78       0x2c C:\Users\aplaf\Desktop\ets\ELE795\firmware_tournesol\firmware_tournesol\ArduinoCore\Debug\libArduinoCore.a(Adafruit_AS726x.o)
                0x00000c78                _ZN15Adafruit_AS726x7setGainEh
 .text._ZN15Adafruit_AS726x18setIntegrationTimeEh
                0x00000ca4        0xc C:\Users\aplaf\Desktop\ets\ELE795\firmware_tournesol\firmware_tournesol\ArduinoCore\Debug\libArduinoCore.a(Adafruit_AS726x.o)
                0x00000ca4                _ZN15Adafruit_AS726x18setIntegrationTimeEh
 .text._ZN15Adafruit_AS726x15enableInterruptEv
                0x00000cb0       0x22 C:\Users\aplaf\Desktop\ets\ELE795\firmware_tournesol\firmware_tournesol\ArduinoCore\Debug\libArduinoCore.a(Adafruit_AS726x.o)
                0x00000cb0                _ZN15Adafruit_AS726x15enableInterruptEv
 .text._ZN15Adafruit_AS726x5beginEP7TwoWire
                0x00000cd2       0xb6 C:\Users\aplaf\Desktop\ets\ELE795\firmware_tournesol\firmware_tournesol\ArduinoCore\Debug\libArduinoCore.a(Adafruit_AS726x.o)
                0x00000cd2                _ZN15Adafruit_AS726x5beginEP7TwoWire
 .text._ZN15Adafruit_AS726x16startMeasurementEv
                0x00000d88       0x2a C:\Users\aplaf\Desktop\ets\ELE795\firmware_tournesol\firmware_tournesol\ArduinoCore\Debug\libArduinoCore.a(Adafruit_AS726x.o)
                0x00000d88                _ZN15Adafruit_AS726x16startMeasurementEv
 .text._ZN18ClosedCube_HDC1080C2Ev
                0x00000db2        0x2 C:\Users\aplaf\Desktop\ets\ELE795\firmware_tournesol\firmware_tournesol\ArduinoCore\Debug\libArduinoCore.a(ClosedCube_HDC1080.o)
                0x00000db2                _ZN18ClosedCube_HDC1080C1Ev
                0x00000db2                _ZN18ClosedCube_HDC1080C2Ev
 .text._ZN18ClosedCube_HDC108013writeRegisterE17HDC1080_Registers
                0x00000db4       0x44 C:\Users\aplaf\Desktop\ets\ELE795\firmware_tournesol\firmware_tournesol\ArduinoCore\Debug\libArduinoCore.a(ClosedCube_HDC1080.o)
                0x00000db4                _ZN18ClosedCube_HDC108013writeRegisterE17HDC1080_Registers
 .text._ZN18ClosedCube_HDC108013setResolutionE29HDC1080_MeasurementResolutionS0_
                0x00000df8       0x26 C:\Users\aplaf\Desktop\ets\ELE795\firmware_tournesol\firmware_tournesol\ArduinoCore\Debug\libArduinoCore.a(ClosedCube_HDC1080.o)
                0x00000df8                _ZN18ClosedCube_HDC108013setResolutionE29HDC1080_MeasurementResolutionS0_
 .text._ZN18ClosedCube_HDC10805beginEh
                0x00000e1e       0x1e C:\Users\aplaf\Desktop\ets\ELE795\firmware_tournesol\firmware_tournesol\ArduinoCore\Debug\libArduinoCore.a(ClosedCube_HDC1080.o)
                0x00000e1e                _ZN18ClosedCube_HDC10805beginEh
 .text._ZN18ClosedCube_HDC10808readDataEh
                0x00000e3c       0x70 C:\Users\aplaf\Desktop\ets\ELE795\firmware_tournesol\firmware_tournesol\ArduinoCore\Debug\libArduinoCore.a(ClosedCube_HDC1080.o)
                0x00000e3c                _ZN18ClosedCube_HDC10808readDataEh
 .text._ZN18ClosedCube_HDC108015readTemperatureEv
                0x00000eac       0x36 C:\Users\aplaf\Desktop\ets\ELE795\firmware_tournesol\firmware_tournesol\ArduinoCore\Debug\libArduinoCore.a(ClosedCube_HDC1080.o)
                0x00000eac                _ZN18ClosedCube_HDC108015readTemperatureEv
 .text._ZN18ClosedCube_HDC108012readHumidityEv
                0x00000ee2       0x2a C:\Users\aplaf\Desktop\ets\ELE795\firmware_tournesol\firmware_tournesol\ArduinoCore\Debug\libArduinoCore.a(ClosedCube_HDC1080.o)
                0x00000ee2                _ZN18ClosedCube_HDC108012readHumidityEv
 .text._ZN18ClosedCube_HDC108012readDeviceIdEv
                0x00000f0c        0x6 C:\Users\aplaf\Desktop\ets\ELE795\firmware_tournesol\firmware_tournesol\ArduinoCore\Debug\libArduinoCore.a(ClosedCube_HDC1080.o)
                0x00000f0c                _ZN18ClosedCube_HDC108012readDeviceIdEv
 .text._ZN14HardwareSerial9availableEv
                0x00000f12       0x18 C:\Users\aplaf\Desktop\ets\ELE795\firmware_tournesol\firmware_tournesol\ArduinoCore\Debug\libArduinoCore.a(HardwareSerial.o)
                0x00000f12                _ZN14HardwareSerial9availableEv
 .text._ZN14HardwareSerial4peekEv
                0x00000f2a       0x1c C:\Users\aplaf\Desktop\ets\ELE795\firmware_tournesol\firmware_tournesol\ArduinoCore\Debug\libArduinoCore.a(HardwareSerial.o)
                0x00000f2a                _ZN14HardwareSerial4peekEv
 .text._ZN14HardwareSerial4readEv
                0x00000f46       0x28 C:\Users\aplaf\Desktop\ets\ELE795\firmware_tournesol\firmware_tournesol\ArduinoCore\Debug\libArduinoCore.a(HardwareSerial.o)
                0x00000f46                _ZN14HardwareSerial4readEv
 .text._ZN14HardwareSerial17availableForWriteEv
                0x00000f6e       0x1e C:\Users\aplaf\Desktop\ets\ELE795\firmware_tournesol\firmware_tournesol\ArduinoCore\Debug\libArduinoCore.a(HardwareSerial.o)
                0x00000f6e                _ZN14HardwareSerial17availableForWriteEv
 .text._ZN14HardwareSerial17_tx_udr_empty_irqEv
                0x00000f8c       0x44 C:\Users\aplaf\Desktop\ets\ELE795\firmware_tournesol\firmware_tournesol\ArduinoCore\Debug\libArduinoCore.a(HardwareSerial.o)
                0x00000f8c                _ZN14HardwareSerial17_tx_udr_empty_irqEv
 .text._ZN14HardwareSerial5writeEh
                0x00000fd0       0x9a C:\Users\aplaf\Desktop\ets\ELE795\firmware_tournesol\firmware_tournesol\ArduinoCore\Debug\libArduinoCore.a(HardwareSerial.o)
                0x00000fd0                _ZN14HardwareSerial5writeEh
 .text._ZN14HardwareSerial5flushEv
                0x0000106a       0x44 C:\Users\aplaf\Desktop\ets\ELE795\firmware_tournesol\firmware_tournesol\ArduinoCore\Debug\libArduinoCore.a(HardwareSerial.o)
                0x0000106a                _ZN14HardwareSerial5flushEv
 .text._ZN14HardwareSerial5beginEmh
                0x000010ae       0xca C:\Users\aplaf\Desktop\ets\ELE795\firmware_tournesol\firmware_tournesol\ArduinoCore\Debug\libArduinoCore.a(HardwareSerial.o)
                0x000010ae                _ZN14HardwareSerial5beginEmh
 .text._ZN5Print17availableForWriteEv
                0x00001178        0x6 C:\Users\aplaf\Desktop\ets\ELE795\firmware_tournesol\firmware_tournesol\ArduinoCore\Debug\libArduinoCore.a(HardwareSerial0.o)
                0x00001178                _ZN5Print17availableForWriteEv
 .text._ZN5Print5flushEv
                0x0000117e        0x2 C:\Users\aplaf\Desktop\ets\ELE795\firmware_tournesol\firmware_tournesol\ArduinoCore\Debug\libArduinoCore.a(HardwareSerial0.o)
                0x0000117e                _ZN5Print5flushEv
 .text.__vector_18
                0x00001180       0x64 C:\Users\aplaf\Desktop\ets\ELE795\firmware_tournesol\firmware_tournesol\ArduinoCore\Debug\libArduinoCore.a(HardwareSerial0.o)
                0x00001180                __vector_18
 .text.__vector_19
                0x000011e4       0x4c C:\Users\aplaf\Desktop\ets\ELE795\firmware_tournesol\firmware_tournesol\ArduinoCore\Debug\libArduinoCore.a(HardwareSerial0.o)
                0x000011e4                __vector_19
 .text.startup._GLOBAL__sub_I___vector_18
                0x00001230       0x5a C:\Users\aplaf\Desktop\ets\ELE795\firmware_tournesol\firmware_tournesol\ArduinoCore\Debug\libArduinoCore.a(HardwareSerial0.o)
 .text._Znwj    0x0000128a        0x4 C:\Users\aplaf\Desktop\ets\ELE795\firmware_tournesol\firmware_tournesol\ArduinoCore\Debug\libArduinoCore.a(new.o)
                0x0000128a                _Znwj
 .text._ZdlPv   0x0000128e        0x4 C:\Users\aplaf\Desktop\ets\ELE795\firmware_tournesol\firmware_tournesol\ArduinoCore\Debug\libArduinoCore.a(new.o)
                0x0000128e                _ZdlPv
 .text._ZN5Print5writeEPKhj
                0x00001292       0x54 C:\Users\aplaf\Desktop\ets\ELE795\firmware_tournesol\firmware_tournesol\ArduinoCore\Debug\libArduinoCore.a(Print.o)
                0x00001292                _ZN5Print5writeEPKhj
 .text._ZN5Print5writeEPKc
                0x000012e6       0x2a C:\Users\aplaf\Desktop\ets\ELE795\firmware_tournesol\firmware_tournesol\ArduinoCore\Debug\libArduinoCore.a(Print.o)
                0x000012e6                _ZN5Print5writeEPKc
 .text._ZN5Print5printEPKc
                0x00001310        0x4 C:\Users\aplaf\Desktop\ets\ELE795\firmware_tournesol\firmware_tournesol\ArduinoCore\Debug\libArduinoCore.a(Print.o)
                0x00001310                _ZN5Print5printEPKc
 .text._ZN5Print5printEc
                0x00001314        0xe C:\Users\aplaf\Desktop\ets\ELE795\firmware_tournesol\firmware_tournesol\ArduinoCore\Debug\libArduinoCore.a(Print.o)
                0x00001314                _ZN5Print5printEc
 .text._ZN5Print7printlnEv
                0x00001322        0x8 C:\Users\aplaf\Desktop\ets\ELE795\firmware_tournesol\firmware_tournesol\ArduinoCore\Debug\libArduinoCore.a(Print.o)
                0x00001322                _ZN5Print7printlnEv
 .text._ZN5Print7printlnEPKc
                0x0000132a       0x24 C:\Users\aplaf\Desktop\ets\ELE795\firmware_tournesol\firmware_tournesol\ArduinoCore\Debug\libArduinoCore.a(Print.o)
                0x0000132a                _ZN5Print7printlnEPKc
 .text._ZN5Print11printNumberEmh
                0x0000134e       0x92 C:\Users\aplaf\Desktop\ets\ELE795\firmware_tournesol\firmware_tournesol\ArduinoCore\Debug\libArduinoCore.a(Print.o)
                0x0000134e                _ZN5Print11printNumberEmh
 .text._ZN5Print5printEmi
                0x000013e0       0x1a C:\Users\aplaf\Desktop\ets\ELE795\firmware_tournesol\firmware_tournesol\ArduinoCore\Debug\libArduinoCore.a(Print.o)
                0x000013e0                _ZN5Print5printEmi
 .text._ZN5Print5printEhi
                0x000013fa        0xe C:\Users\aplaf\Desktop\ets\ELE795\firmware_tournesol\firmware_tournesol\ArduinoCore\Debug\libArduinoCore.a(Print.o)
                0x000013fa                _ZN5Print5printEhi
 .text._ZN5Print7printlnEhi
                0x00001408       0x24 C:\Users\aplaf\Desktop\ets\ELE795\firmware_tournesol\firmware_tournesol\ArduinoCore\Debug\libArduinoCore.a(Print.o)
                0x00001408                _ZN5Print7printlnEhi
 .text._ZN5Print7printlnEmi
                0x0000142c       0x24 C:\Users\aplaf\Desktop\ets\ELE795\firmware_tournesol\firmware_tournesol\ArduinoCore\Debug\libArduinoCore.a(Print.o)
                0x0000142c                _ZN5Print7printlnEmi
 .text._ZN5Print5printEli
                0x00001450       0x90 C:\Users\aplaf\Desktop\ets\ELE795\firmware_tournesol\firmware_tournesol\ArduinoCore\Debug\libArduinoCore.a(Print.o)
                0x00001450                _ZN5Print5printEli
 .text._ZN5Print5printEii
                0x000014e0        0xe C:\Users\aplaf\Desktop\ets\ELE795\firmware_tournesol\firmware_tournesol\ArduinoCore\Debug\libArduinoCore.a(Print.o)
                0x000014e0                _ZN5Print5printEii
 .text.nothing  0x000014ee        0x2 C:\Users\aplaf\Desktop\ets\ELE795\firmware_tournesol\firmware_tournesol\ArduinoCore\Debug\libArduinoCore.a(WInterrupts.o)
 .text.attachInterrupt
                0x000014f0       0x40 C:\Users\aplaf\Desktop\ets\ELE795\firmware_tournesol\firmware_tournesol\ArduinoCore\Debug\libArduinoCore.a(WInterrupts.o)
                0x000014f0                attachInterrupt
 .text.detachInterrupt
                0x00001530       0x24 C:\Users\aplaf\Desktop\ets\ELE795\firmware_tournesol\firmware_tournesol\ArduinoCore\Debug\libArduinoCore.a(WInterrupts.o)
                0x00001530                detachInterrupt
 .text.__vector_1
                0x00001554       0x4e C:\Users\aplaf\Desktop\ets\ELE795\firmware_tournesol\firmware_tournesol\ArduinoCore\Debug\libArduinoCore.a(WInterrupts.o)
                0x00001554                __vector_1
 .text.__vector_2
                0x000015a2       0x4e C:\Users\aplaf\Desktop\ets\ELE795\firmware_tournesol\firmware_tournesol\ArduinoCore\Debug\libArduinoCore.a(WInterrupts.o)
                0x000015a2                __vector_2
 .text.__vector_16
                0x000015f0       0x94 C:\Users\aplaf\Desktop\ets\ELE795\firmware_tournesol\firmware_tournesol\ArduinoCore\Debug\libArduinoCore.a(wiring.o)
                0x000015f0                __vector_16
 .text.millis   0x00001684       0x18 C:\Users\aplaf\Desktop\ets\ELE795\firmware_tournesol\firmware_tournesol\ArduinoCore\Debug\libArduinoCore.a(wiring.o)
                0x00001684                millis
 .text.micros   0x0000169c       0x4a C:\Users\aplaf\Desktop\ets\ELE795\firmware_tournesol\firmware_tournesol\ArduinoCore\Debug\libArduinoCore.a(wiring.o)
                0x0000169c                micros
 .text.delay    0x000016e6       0x78 C:\Users\aplaf\Desktop\ets\ELE795\firmware_tournesol\firmware_tournesol\ArduinoCore\Debug\libArduinoCore.a(wiring.o)
                0x000016e6                delay
 .text.init     0x0000175e       0x76 C:\Users\aplaf\Desktop\ets\ELE795\firmware_tournesol\firmware_tournesol\ArduinoCore\Debug\libArduinoCore.a(wiring.o)
                0x0000175e                init
 .text.turnOffPWM
                0x000017d4       0x52 C:\Users\aplaf\Desktop\ets\ELE795\firmware_tournesol\firmware_tournesol\ArduinoCore\Debug\libArduinoCore.a(wiring_digital.o)
 .text.pinMode  0x00001826       0x78 C:\Users\aplaf\Desktop\ets\ELE795\firmware_tournesol\firmware_tournesol\ArduinoCore\Debug\libArduinoCore.a(wiring_digital.o)
                0x00001826                pinMode
 .text.digitalWrite
                0x0000189e       0x5e C:\Users\aplaf\Desktop\ets\ELE795\firmware_tournesol\firmware_tournesol\ArduinoCore\Debug\libArduinoCore.a(wiring_digital.o)
                0x0000189e                digitalWrite
 .text._Z17_unix_to_datetimem
                0x000018fc      0x14c C:\Users\aplaf\Desktop\ets\ELE795\firmware_tournesol\firmware_tournesol\ArduinoCore\Debug\libArduinoCore.a(DS3231.o)
                0x000018fc                _Z17_unix_to_datetimem
 .text._Z17_datetime_to_unixv
                0x00001a48      0x226 C:\Users\aplaf\Desktop\ets\ELE795\firmware_tournesol\firmware_tournesol\ArduinoCore\Debug\libArduinoCore.a(DS3231.o)
                0x00001a48                _Z17_datetime_to_unixv
 .text._Z8_dec2bcdh
                0x00001c6e       0x1a C:\Users\aplaf\Desktop\ets\ELE795\firmware_tournesol\firmware_tournesol\ArduinoCore\Debug\libArduinoCore.a(DS3231.o)
                0x00001c6e                _Z8_dec2bcdh
 .text._Z8_bcd2dech
                0x00001c88       0x12 C:\Users\aplaf\Desktop\ets\ELE795\firmware_tournesol\firmware_tournesol\ArduinoCore\Debug\libArduinoCore.a(DS3231.o)
                0x00001c88                _Z8_bcd2dech
 .text._Z8_set_reghh
                0x00001c9a       0x34 C:\Users\aplaf\Desktop\ets\ELE795\firmware_tournesol\firmware_tournesol\ArduinoCore\Debug\libArduinoCore.a(DS3231.o)
                0x00001c9a                _Z8_set_reghh
 .text._Z19DS3231_set_datetimem
                0x00001cce       0x6c C:\Users\aplaf\Desktop\ets\ELE795\firmware_tournesol\firmware_tournesol\ArduinoCore\Debug\libArduinoCore.a(DS3231.o)
                0x00001cce                _Z19DS3231_set_datetimem
 .text._Z8_get_regh
                0x00001d3a       0x74 C:\Users\aplaf\Desktop\ets\ELE795\firmware_tournesol\firmware_tournesol\ArduinoCore\Debug\libArduinoCore.a(DS3231.o)
                0x00001d3a                _Z8_get_regh
 .text._Z19DS3231_get_datetimev
                0x00001dae       0x98 C:\Users\aplaf\Desktop\ets\ELE795\firmware_tournesol\firmware_tournesol\ArduinoCore\Debug\libArduinoCore.a(DS3231.o)
                0x00001dae                _Z19DS3231_get_datetimev
 .text._Z15_set_alarm_maskhh
                0x00001e46       0x60 C:\Users\aplaf\Desktop\ets\ELE795\firmware_tournesol\firmware_tournesol\ArduinoCore\Debug\libArduinoCore.a(DS3231.o)
                0x00001e46                _Z15_set_alarm_maskhh
 .text._Z11DS3231_initP13DS3231_config
                0x00001ea6       0xce C:\Users\aplaf\Desktop\ets\ELE795\firmware_tournesol\firmware_tournesol\ArduinoCore\Debug\libArduinoCore.a(DS3231.o)
                0x00001ea6                _Z11DS3231_initP13DS3231_config
 .text._ZN18Adafruit_I2CDeviceC2EhP7TwoWire
                0x00001f74       0x14 C:\Users\aplaf\Desktop\ets\ELE795\firmware_tournesol\firmware_tournesol\ArduinoCore\Debug\libArduinoCore.a(Adafruit_I2CDevice.o)
                0x00001f74                _ZN18Adafruit_I2CDeviceC2EhP7TwoWire
                0x00001f74                _ZN18Adafruit_I2CDeviceC1EhP7TwoWire
 .text._ZN18Adafruit_I2CDevice8detectedEv
                0x00001f88       0x3a C:\Users\aplaf\Desktop\ets\ELE795\firmware_tournesol\firmware_tournesol\ArduinoCore\Debug\libArduinoCore.a(Adafruit_I2CDevice.o)
                0x00001f88                _ZN18Adafruit_I2CDevice8detectedEv
 .text._ZN18Adafruit_I2CDevice5beginEb
                0x00001fc2       0x30 C:\Users\aplaf\Desktop\ets\ELE795\firmware_tournesol\firmware_tournesol\ArduinoCore\Debug\libArduinoCore.a(Adafruit_I2CDevice.o)
                0x00001fc2                _ZN18Adafruit_I2CDevice5beginEb
 .text._ZN18Adafruit_I2CDevice5writeEPKhjbS1_j
                0x00001ff2       0xac C:\Users\aplaf\Desktop\ets\ELE795\firmware_tournesol\firmware_tournesol\ArduinoCore\Debug\libArduinoCore.a(Adafruit_I2CDevice.o)
                0x00001ff2                _ZN18Adafruit_I2CDevice5writeEPKhjbS1_j
 .text._ZN18Adafruit_I2CDevice5_readEPhjb
                0x0000209e       0x6a C:\Users\aplaf\Desktop\ets\ELE795\firmware_tournesol\firmware_tournesol\ArduinoCore\Debug\libArduinoCore.a(Adafruit_I2CDevice.o)
                0x0000209e                _ZN18Adafruit_I2CDevice5_readEPhjb
 .text._ZN18Adafruit_I2CDevice4readEPhjb
                0x00002108       0x80 C:\Users\aplaf\Desktop\ets\ELE795\firmware_tournesol\firmware_tournesol\ArduinoCore\Debug\libArduinoCore.a(Adafruit_I2CDevice.o)
                0x00002108                _ZN18Adafruit_I2CDevice4readEPhjb
 .text._ZN18Adafruit_I2CDevice15write_then_readEPKhjPhjb
                0x00002188       0x64 C:\Users\aplaf\Desktop\ets\ELE795\firmware_tournesol\firmware_tournesol\ArduinoCore\Debug\libArduinoCore.a(Adafruit_I2CDevice.o)
                0x00002188                _ZN18Adafruit_I2CDevice15write_then_readEPKhjPhjb
 .text.startup._GLOBAL__sub_I__ZN5SDLib20getNextPathComponentEPKcPjPc
                0x000021ec       0x2e C:\Users\aplaf\Desktop\ets\ELE795\firmware_tournesol\firmware_tournesol\ArduinoCore\Debug\libArduinoCore.a(SD.o)
 .text._ZN8SPIClass14endTransactionEv.part.3
                0x0000221a       0x1a C:\Users\aplaf\Desktop\ets\ELE795\firmware_tournesol\firmware_tournesol\ArduinoCore\Debug\libArduinoCore.a(Sd2Card.o)
 .text._ZN8SPIClass16beginTransactionE11SPISettings
                0x00002234       0x34 C:\Users\aplaf\Desktop\ets\ELE795\firmware_tournesol\firmware_tournesol\ArduinoCore\Debug\libArduinoCore.a(Sd2Card.o)
                0x00002234                _ZN8SPIClass16beginTransactionE11SPISettings
 .text._ZN8SPIClass8transferEh
                0x00002268        0xe C:\Users\aplaf\Desktop\ets\ELE795\firmware_tournesol\firmware_tournesol\ArduinoCore\Debug\libArduinoCore.a(Sd2Card.o)
                0x00002268                _ZN8SPIClass8transferEh
 .text._ZL6spiRecv
                0x00002276        0x6 C:\Users\aplaf\Desktop\ets\ELE795\firmware_tournesol\firmware_tournesol\ArduinoCore\Debug\libArduinoCore.a(Sd2Card.o)
 .text._ZN7Sd2Card14chipSelectHighEv
                0x0000227c       0x22 C:\Users\aplaf\Desktop\ets\ELE795\firmware_tournesol\firmware_tournesol\ArduinoCore\Debug\libArduinoCore.a(Sd2Card.o)
                0x0000227c                _ZN7Sd2Card14chipSelectHighEv
 .text._ZN7Sd2Card13chipSelectLowEv
                0x0000229e       0x2c C:\Users\aplaf\Desktop\ets\ELE795\firmware_tournesol\firmware_tournesol\ArduinoCore\Debug\libArduinoCore.a(Sd2Card.o)
                0x0000229e                _ZN7Sd2Card13chipSelectLowEv
 .text._ZN7Sd2Card7readEndEv
                0x000022ca       0x34 C:\Users\aplaf\Desktop\ets\ELE795\firmware_tournesol\firmware_tournesol\ArduinoCore\Debug\libArduinoCore.a(Sd2Card.o)
                0x000022ca                _ZN7Sd2Card7readEndEv
 .text._ZN7Sd2Card11waitNotBusyEj
                0x000022fe       0x36 C:\Users\aplaf\Desktop\ets\ELE795\firmware_tournesol\firmware_tournesol\ArduinoCore\Debug\libArduinoCore.a(Sd2Card.o)
                0x000022fe                _ZN7Sd2Card11waitNotBusyEj
 .text._ZN7Sd2Card11cardCommandEhm
                0x00002334       0x9e C:\Users\aplaf\Desktop\ets\ELE795\firmware_tournesol\firmware_tournesol\ArduinoCore\Debug\libArduinoCore.a(Sd2Card.o)
                0x00002334                _ZN7Sd2Card11cardCommandEhm
 .text._ZN7Sd2Card14waitStartBlockEv
                0x000023d2       0x4a C:\Users\aplaf\Desktop\ets\ELE795\firmware_tournesol\firmware_tournesol\ArduinoCore\Debug\libArduinoCore.a(Sd2Card.o)
                0x000023d2                _ZN7Sd2Card14waitStartBlockEv
 .text._ZN7Sd2Card8readDataEmjjPh.part.6
                0x0000241c       0xf8 C:\Users\aplaf\Desktop\ets\ELE795\firmware_tournesol\firmware_tournesol\ArduinoCore\Debug\libArduinoCore.a(Sd2Card.o)
 .text._ZN7Sd2Card9readBlockEmPh
                0x00002514       0x20 C:\Users\aplaf\Desktop\ets\ELE795\firmware_tournesol\firmware_tournesol\ArduinoCore\Debug\libArduinoCore.a(Sd2Card.o)
                0x00002514                _ZN7Sd2Card9readBlockEmPh
 .text._ZN7Sd2Card9writeDataEhPKh
                0x00002534       0x60 C:\Users\aplaf\Desktop\ets\ELE795\firmware_tournesol\firmware_tournesol\ArduinoCore\Debug\libArduinoCore.a(Sd2Card.o)
                0x00002534                _ZN7Sd2Card9writeDataEhPKh
 .text._ZN7Sd2Card10writeBlockEmPKhh
                0x00002594       0xa4 C:\Users\aplaf\Desktop\ets\ELE795\firmware_tournesol\firmware_tournesol\ArduinoCore\Debug\libArduinoCore.a(Sd2Card.o)
                0x00002594                _ZN7Sd2Card10writeBlockEmPKhh
 .text._ZN7Sd2Card6isBusyEv
                0x00002638       0x28 C:\Users\aplaf\Desktop\ets\ELE795\firmware_tournesol\firmware_tournesol\ArduinoCore\Debug\libArduinoCore.a(Sd2Card.o)
                0x00002638                _ZN7Sd2Card6isBusyEv
 .text.startup._GLOBAL__sub_I__ZN7Sd2Card11cardCommandEhm
                0x00002660        0xc C:\Users\aplaf\Desktop\ets\ELE795\firmware_tournesol\firmware_tournesol\ArduinoCore\Debug\libArduinoCore.a(Sd2Card.o)
 .text._ZN6SdFile10addClusterEv
                0x0000266c       0x54 C:\Users\aplaf\Desktop\ets\ELE795\firmware_tournesol\firmware_tournesol\ArduinoCore\Debug\libArduinoCore.a(SdFile.o)
                0x0000266c                _ZN6SdFile10addClusterEv
 .text._ZN6SdFile13cacheDirEntryEh
                0x000026c0       0x32 C:\Users\aplaf\Desktop\ets\ELE795\firmware_tournesol\firmware_tournesol\ArduinoCore\Debug\libArduinoCore.a(SdFile.o)
                0x000026c0                _ZN6SdFile13cacheDirEntryEh
 .text._ZN6SdFile7seekSetEm
                0x000026f2      0x12e C:\Users\aplaf\Desktop\ets\ELE795\firmware_tournesol\firmware_tournesol\ArduinoCore\Debug\libArduinoCore.a(SdFile.o)
                0x000026f2                _ZN6SdFile7seekSetEm
 .text._ZN6SdFile4syncEh
                0x00002820       0xa6 C:\Users\aplaf\Desktop\ets\ELE795\firmware_tournesol\firmware_tournesol\ArduinoCore\Debug\libArduinoCore.a(SdFile.o)
                0x00002820                _ZN6SdFile4syncEh
 .text._ZN6SdFile17availableForWriteEv
                0x000028c6       0xa0 C:\Users\aplaf\Desktop\ets\ELE795\firmware_tournesol\firmware_tournesol\ArduinoCore\Debug\libArduinoCore.a(SdFile.o)
                0x000028c6                _ZN6SdFile17availableForWriteEv
 .text._ZN6SdFile5writeEPKvj
                0x00002966      0x34e C:\Users\aplaf\Desktop\ets\ELE795\firmware_tournesol\firmware_tournesol\ArduinoCore\Debug\libArduinoCore.a(SdFile.o)
                0x00002966                _ZN6SdFile5writeEPKvj
 .text._ZN6SdFile5writeEh
                0x00002cb4       0x22 C:\Users\aplaf\Desktop\ets\ELE795\firmware_tournesol\firmware_tournesol\ArduinoCore\Debug\libArduinoCore.a(SdFile.o)
                0x00002cb4                _ZN6SdFile5writeEh
 .text._ZN8SdVolume21cacheMirrorBlockFlushEh
                0x00002cd6       0x48 C:\Users\aplaf\Desktop\ets\ELE795\firmware_tournesol\firmware_tournesol\ArduinoCore\Debug\libArduinoCore.a(SdVolume.o)
                0x00002cd6                _ZN8SdVolume21cacheMirrorBlockFlushEh
 .text._ZN8SdVolume10cacheFlushEh
                0x00002d1e       0x52 C:\Users\aplaf\Desktop\ets\ELE795\firmware_tournesol\firmware_tournesol\ArduinoCore\Debug\libArduinoCore.a(SdVolume.o)
                0x00002d1e                _ZN8SdVolume10cacheFlushEh
 .text._ZN8SdVolume13cacheRawBlockEmh
                0x00002d70       0x78 C:\Users\aplaf\Desktop\ets\ELE795\firmware_tournesol\firmware_tournesol\ArduinoCore\Debug\libArduinoCore.a(SdVolume.o)
                0x00002d70                _ZN8SdVolume13cacheRawBlockEmh
 .text._ZNK8SdVolume6fatGetEmPm
                0x00002de8      0x106 C:\Users\aplaf\Desktop\ets\ELE795\firmware_tournesol\firmware_tournesol\ArduinoCore\Debug\libArduinoCore.a(SdVolume.o)
                0x00002de8                _ZNK8SdVolume6fatGetEmPm
 .text._ZN8SdVolume6fatPutEmm
                0x00002eee      0x142 C:\Users\aplaf\Desktop\ets\ELE795\firmware_tournesol\firmware_tournesol\ArduinoCore\Debug\libArduinoCore.a(SdVolume.o)
                0x00002eee                _ZN8SdVolume6fatPutEmm
 .text._ZN8SdVolume15allocContiguousEmPm
                0x00003030      0x22a C:\Users\aplaf\Desktop\ets\ELE795\firmware_tournesol\firmware_tournesol\ArduinoCore\Debug\libArduinoCore.a(SdVolume.o)
                0x00003030                _ZN8SdVolume15allocContiguousEmPm
 .text._ZN7TwoWire9availableEv
                0x0000325a       0x10 C:\Users\aplaf\Desktop\ets\ELE795\firmware_tournesol\firmware_tournesol\ArduinoCore\Debug\libArduinoCore.a(Wire.o)
                0x0000325a                _ZN7TwoWire9availableEv
 .text._ZN7TwoWire4readEv
                0x0000326a       0x28 C:\Users\aplaf\Desktop\ets\ELE795\firmware_tournesol\firmware_tournesol\ArduinoCore\Debug\libArduinoCore.a(Wire.o)
                0x0000326a                _ZN7TwoWire4readEv
 .text._ZN7TwoWire4peekEv
                0x00003292       0x1e C:\Users\aplaf\Desktop\ets\ELE795\firmware_tournesol\firmware_tournesol\ArduinoCore\Debug\libArduinoCore.a(Wire.o)
                0x00003292                _ZN7TwoWire4peekEv
 .text._ZN7TwoWire5flushEv
                0x000032b0        0x2 C:\Users\aplaf\Desktop\ets\ELE795\firmware_tournesol\firmware_tournesol\ArduinoCore\Debug\libArduinoCore.a(Wire.o)
                0x000032b0                _ZN7TwoWire5flushEv
 .text._ZN7TwoWire16onReceiveServiceEPhi
                0x000032b2       0x54 C:\Users\aplaf\Desktop\ets\ELE795\firmware_tournesol\firmware_tournesol\ArduinoCore\Debug\libArduinoCore.a(Wire.o)
                0x000032b2                _ZN7TwoWire16onReceiveServiceEPhi
 .text._ZN7TwoWire16onRequestServiceEv
                0x00003306       0x18 C:\Users\aplaf\Desktop\ets\ELE795\firmware_tournesol\firmware_tournesol\ArduinoCore\Debug\libArduinoCore.a(Wire.o)
                0x00003306                _ZN7TwoWire16onRequestServiceEv
 .text._ZN7TwoWire5writeEPKhj
                0x0000331e       0x5a C:\Users\aplaf\Desktop\ets\ELE795\firmware_tournesol\firmware_tournesol\ArduinoCore\Debug\libArduinoCore.a(Wire.o)
                0x0000331e                _ZN7TwoWire5writeEPKhj
 .text._ZN7TwoWire5writeEh
                0x00003378       0x5e C:\Users\aplaf\Desktop\ets\ELE795\firmware_tournesol\firmware_tournesol\ArduinoCore\Debug\libArduinoCore.a(Wire.o)
                0x00003378                _ZN7TwoWire5writeEh
 .text._ZN7TwoWireC2Ev
                0x000033d6       0x20 C:\Users\aplaf\Desktop\ets\ELE795\firmware_tournesol\firmware_tournesol\ArduinoCore\Debug\libArduinoCore.a(Wire.o)
                0x000033d6                _ZN7TwoWireC1Ev
                0x000033d6                _ZN7TwoWireC2Ev
 .text._ZN7TwoWire5beginEv
                0x000033f6       0x24 C:\Users\aplaf\Desktop\ets\ELE795\firmware_tournesol\firmware_tournesol\ArduinoCore\Debug\libArduinoCore.a(Wire.o)
                0x000033f6                _ZN7TwoWire5beginEv
 .text._ZN7TwoWire17beginTransmissionEh
                0x0000341a       0x14 C:\Users\aplaf\Desktop\ets\ELE795\firmware_tournesol\firmware_tournesol\ArduinoCore\Debug\libArduinoCore.a(Wire.o)
                0x0000341a                _ZN7TwoWire17beginTransmissionEh
 .text._ZN7TwoWire17beginTransmissionEi
                0x0000342e        0x4 C:\Users\aplaf\Desktop\ets\ELE795\firmware_tournesol\firmware_tournesol\ArduinoCore\Debug\libArduinoCore.a(Wire.o)
                0x0000342e                _ZN7TwoWire17beginTransmissionEi
 .text._ZN7TwoWire15endTransmissionEh
                0x00003432       0x26 C:\Users\aplaf\Desktop\ets\ELE795\firmware_tournesol\firmware_tournesol\ArduinoCore\Debug\libArduinoCore.a(Wire.o)
                0x00003432                _ZN7TwoWire15endTransmissionEh
 .text._ZN7TwoWire11requestFromEhhmhh
                0x00003458       0xa8 C:\Users\aplaf\Desktop\ets\ELE795\firmware_tournesol\firmware_tournesol\ArduinoCore\Debug\libArduinoCore.a(Wire.o)
                0x00003458                _ZN7TwoWire11requestFromEhhmhh
 .text._ZN7TwoWire11requestFromEhhh
                0x00003500       0x20 C:\Users\aplaf\Desktop\ets\ELE795\firmware_tournesol\firmware_tournesol\ArduinoCore\Debug\libArduinoCore.a(Wire.o)
                0x00003500                _ZN7TwoWire11requestFromEhhh
 .text._ZN7TwoWire11requestFromEhh
                0x00003520        0x6 C:\Users\aplaf\Desktop\ets\ELE795\firmware_tournesol\firmware_tournesol\ArduinoCore\Debug\libArduinoCore.a(Wire.o)
                0x00003520                _ZN7TwoWire11requestFromEhh
 .text._ZN7TwoWire11requestFromEii
                0x00003526        0x6 C:\Users\aplaf\Desktop\ets\ELE795\firmware_tournesol\firmware_tournesol\ArduinoCore\Debug\libArduinoCore.a(Wire.o)
                0x00003526                _ZN7TwoWire11requestFromEii
 .text._ZN7TwoWire15endTransmissionEv
                0x0000352c        0x6 C:\Users\aplaf\Desktop\ets\ELE795\firmware_tournesol\firmware_tournesol\ArduinoCore\Debug\libArduinoCore.a(Wire.o)
                0x0000352c                _ZN7TwoWire15endTransmissionEv
 .text.startup._GLOBAL__sub_I__ZN7TwoWire8rxBufferE
                0x00003532        0x8 C:\Users\aplaf\Desktop\ets\ELE795\firmware_tournesol\firmware_tournesol\ArduinoCore\Debug\libArduinoCore.a(Wire.o)
 .text.__empty  0x0000353a        0x2 C:\Users\aplaf\Desktop\ets\ELE795\firmware_tournesol\firmware_tournesol\ArduinoCore\Debug\libArduinoCore.a(hooks.o)
                0x0000353a                yield
 .text.twi_init
                0x0000353c       0x3c C:\Users\aplaf\Desktop\ets\ELE795\firmware_tournesol\firmware_tournesol\ArduinoCore\Debug\libArduinoCore.a(twi.o)
                0x0000353c                twi_init
 .text.twi_disable
                0x00003578       0x1a C:\Users\aplaf\Desktop\ets\ELE795\firmware_tournesol\firmware_tournesol\ArduinoCore\Debug\libArduinoCore.a(twi.o)
                0x00003578                twi_disable
 .text.twi_transmit
                0x00003592       0x50 C:\Users\aplaf\Desktop\ets\ELE795\firmware_tournesol\firmware_tournesol\ArduinoCore\Debug\libArduinoCore.a(twi.o)
                0x00003592                twi_transmit
 .text.twi_attachSlaveRxEvent
                0x000035e2        0xa C:\Users\aplaf\Desktop\ets\ELE795\firmware_tournesol\firmware_tournesol\ArduinoCore\Debug\libArduinoCore.a(twi.o)
                0x000035e2                twi_attachSlaveRxEvent
 .text.twi_attachSlaveTxEvent
                0x000035ec        0xa C:\Users\aplaf\Desktop\ets\ELE795\firmware_tournesol\firmware_tournesol\ArduinoCore\Debug\libArduinoCore.a(twi.o)
                0x000035ec                twi_attachSlaveTxEvent
 .text.twi_releaseBus
                0x000035f6        0xc C:\Users\aplaf\Desktop\ets\ELE795\firmware_tournesol\firmware_tournesol\ArduinoCore\Debug\libArduinoCore.a(twi.o)
                0x000035f6                twi_releaseBus
 .text.twi_handleTimeout
                0x00003602       0x2c C:\Users\aplaf\Desktop\ets\ELE795\firmware_tournesol\firmware_tournesol\ArduinoCore\Debug\libArduinoCore.a(twi.o)
                0x00003602                twi_handleTimeout
 .text.twi_readFrom
                0x0000362e      0x1d2 C:\Users\aplaf\Desktop\ets\ELE795\firmware_tournesol\firmware_tournesol\ArduinoCore\Debug\libArduinoCore.a(twi.o)
                0x0000362e                twi_readFrom
 .text.twi_writeTo
                0x00003800      0x1e0 C:\Users\aplaf\Desktop\ets\ELE795\firmware_tournesol\firmware_tournesol\ArduinoCore\Debug\libArduinoCore.a(twi.o)
                0x00003800                twi_writeTo
 .text.twi_stop
                0x000039e0       0x70 C:\Users\aplaf\Desktop\ets\ELE795\firmware_tournesol\firmware_tournesol\ArduinoCore\Debug\libArduinoCore.a(twi.o)
                0x000039e0                twi_stop
 .text.__vector_24
                0x00003a50      0x25a C:\Users\aplaf\Desktop\ets\ELE795\firmware_tournesol\firmware_tournesol\ArduinoCore\Debug\libArduinoCore.a(twi.o)
                0x00003a50                __vector_24
 .text.avr-libc.fplib
                0x00003caa        0xe c:/program files (x86)/atmel/studio/7.0/toolchain/avr8/avr8-gnu-toolchain/bin/../lib/gcc/avr/5.4.0/../../../../avr/lib/avr5\libm.a(addsf3.o)
                0x00003caa                __subsf3
                0x00003cac                __addsf3
 .text.avr-libc.fplib
                0x00003cb8       0xcc c:/program files (x86)/atmel/studio/7.0/toolchain/avr8/avr8-gnu-toolchain/bin/../lib/gcc/avr/5.4.0/../../../../avr/lib/avr5\libm.a(addsf3x.o)
                0x00003cda                __addsf3x
 .text.avr-libc.fplib
                0x00003d84       0x7a c:/program files (x86)/atmel/studio/7.0/toolchain/avr8/avr8-gnu-toolchain/bin/../lib/gcc/avr/5.4.0/../../../../avr/lib/avr5\libm.a(floatsisf.o)
                0x00003d84                __floatunsisf
                0x00003d88                __floatsisf
 .text.avr-libc.fplib
                0x00003dfe        0xc c:/program files (x86)/atmel/studio/7.0/toolchain/avr8/avr8-gnu-toolchain/bin/../lib/gcc/avr/5.4.0/../../../../avr/lib/avr5\libm.a(fp_inf.o)
                0x00003dfe                __fp_inf
 .text.avr-libc.fplib
                0x00003e0a        0x6 c:/program files (x86)/atmel/studio/7.0/toolchain/avr8/avr8-gnu-toolchain/bin/../lib/gcc/avr/5.4.0/../../../../avr/lib/avr5\libm.a(fp_nan.o)
                0x00003e0a                __fp_nan
 .text.avr-libc.fplib
                0x00003e10        0xe c:/program files (x86)/atmel/studio/7.0/toolchain/avr8/avr8-gnu-toolchain/bin/../lib/gcc/avr/5.4.0/../../../../avr/lib/avr5\libm.a(fp_pscA.o)
                0x00003e10                __fp_pscA
 .text.avr-libc.fplib
                0x00003e1e        0xe c:/program files (x86)/atmel/studio/7.0/toolchain/avr8/avr8-gnu-toolchain/bin/../lib/gcc/avr/5.4.0/../../../../avr/lib/avr5\libm.a(fp_pscB.o)
                0x00003e1e                __fp_pscB
 .text.avr-libc.fplib
                0x00003e2c       0x22 c:/program files (x86)/atmel/studio/7.0/toolchain/avr8/avr8-gnu-toolchain/bin/../lib/gcc/avr/5.4.0/../../../../avr/lib/avr5\libm.a(fp_round.o)
                0x00003e2c                __fp_round
 .text.avr-libc.fplib
                0x00003e4e       0x44 c:/program files (x86)/atmel/studio/7.0/toolchain/avr8/avr8-gnu-toolchain/bin/../lib/gcc/avr/5.4.0/../../../../avr/lib/avr5\libm.a(fp_split3.o)
                0x00003e4e                __fp_split3
                0x00003e5e                __fp_splitA
 .text.avr-libc.fplib
                0x00003e92        0xe c:/program files (x86)/atmel/studio/7.0/toolchain/avr8/avr8-gnu-toolchain/bin/../lib/gcc/avr/5.4.0/../../../../avr/lib/avr5\libm.a(fp_zero.o)
                0x00003e92                __fp_zero
                0x00003e94                __fp_szero
 .text.avr-libc.fplib
                0x00003ea0        0x8 c:/program files (x86)/atmel/studio/7.0/toolchain/avr8/avr8-gnu-toolchain/bin/../lib/gcc/avr/5.4.0/../../../../avr/lib/avr5\libm.a(mulsf3.o)
                0x00003ea0                __mulsf3
 .text.avr-libc.fplib
                0x00003ea8       0xd2 c:/program files (x86)/atmel/studio/7.0/toolchain/avr8/avr8-gnu-toolchain/bin/../lib/gcc/avr/5.4.0/../../../../avr/lib/avr5\libm.a(mulsf3x.o)
                0x00003ec6                __mulsf3x
                0x00003ecc                __mulsf3_pse
 .text.libgcc.div
                0x00003f7a       0x18 c:/program files (x86)/atmel/studio/7.0/toolchain/avr8/avr8-gnu-toolchain/bin/../lib/gcc/avr/5.4.0/avr5\libgcc.a(_udivmodqi4.o)
                0x00003f7a                __udivmodqi4
 .text.libgcc.div
                0x00003f92       0x28 c:/program files (x86)/atmel/studio/7.0/toolchain/avr8/avr8-gnu-toolchain/bin/../lib/gcc/avr/5.4.0/avr5\libgcc.a(_udivmodhi4.o)
                0x00003f92                __udivmodhi4
 .text.libgcc.div
                0x00003fba       0x28 c:/program files (x86)/atmel/studio/7.0/toolchain/avr8/avr8-gnu-toolchain/bin/../lib/gcc/avr/5.4.0/avr5\libgcc.a(_divmodhi4.o)
                0x00003fba                _div
                0x00003fba                __divmodhi4
 .text.libgcc.div
                0x00003fe2       0x44 c:/program files (x86)/atmel/studio/7.0/toolchain/avr8/avr8-gnu-toolchain/bin/../lib/gcc/avr/5.4.0/avr5\libgcc.a(_udivmodsi4.o)
                0x00003fe2                __udivmodsi4
 .text.libgcc.mul
                0x00004026       0x1e c:/program files (x86)/atmel/studio/7.0/toolchain/avr8/avr8-gnu-toolchain/bin/../lib/gcc/avr/5.4.0/avr5\libgcc.a(_umulhisi3.o)
                0x00004026                __umulhisi3
 .text.libgcc.mul
                0x00004044       0x16 c:/program files (x86)/atmel/studio/7.0/toolchain/avr8/avr8-gnu-toolchain/bin/../lib/gcc/avr/5.4.0/avr5\libgcc.a(_muluhisi3.o)
                0x00004044                __muluhisi3
 .text.libgcc.mul
                0x0000405a       0x10 c:/program files (x86)/atmel/studio/7.0/toolchain/avr8/avr8-gnu-toolchain/bin/../lib/gcc/avr/5.4.0/avr5\libgcc.a(_mulshisi3.o)
                0x0000405a                __mulshisi3
                0x00004060                __mulohisi3
 .text.libgcc.div
                0x0000406a       0x1c c:/program files (x86)/atmel/studio/7.0/toolchain/avr8/avr8-gnu-toolchain/bin/../lib/gcc/avr/5.4.0/avr5\libgcc.a(_udivdi3.o)
                0x0000406a                __umoddi3
                0x0000406e                __udivdi3
                0x00004070                __udivdi3_umoddi3
 .text.libgcc.div
                0x00004086       0xa2 c:/program files (x86)/atmel/studio/7.0/toolchain/avr8/avr8-gnu-toolchain/bin/../lib/gcc/avr/5.4.0/avr5\libgcc.a(_udivmod64.o)
                0x00004086                __udivmod64
 .text.libgcc   0x00004128       0x12 c:/program files (x86)/atmel/studio/7.0/toolchain/avr8/avr8-gnu-toolchain/bin/../lib/gcc/avr/5.4.0/avr5\libgcc.a(_adddi3.o)
                0x00004128                __adddi3
 .text.libgcc   0x0000413a        0xc c:/program files (x86)/atmel/studio/7.0/toolchain/avr8/avr8-gnu-toolchain/bin/../lib/gcc/avr/5.4.0/avr5\libgcc.a(_tablejump2.o)
                0x0000413a                __tablejump2__
 .text.avr-libc
                0x00004146      0x242 c:/program files (x86)/atmel/studio/7.0/toolchain/avr8/avr8-gnu-toolchain/bin/../lib/gcc/avr/5.4.0/../../../../avr/lib/avr5\libc.a(malloc.o)
                0x00004146                malloc
                0x00004276                free
 .text.avr-libc
                0x00004388       0x16 c:/program files (x86)/atmel/studio/7.0/toolchain/avr8/avr8-gnu-toolchain/bin/../lib/gcc/avr/5.4.0/../../../../avr/lib/avr5\libc.a(strcat.o)
                0x00004388                strcat
 .text.avr-libc
                0x0000439e        0xe c:/program files (x86)/atmel/studio/7.0/toolchain/avr8/avr8-gnu-toolchain/bin/../lib/gcc/avr/5.4.0/../../../../avr/lib/avr5\libc.a(strcpy.o)
                0x0000439e                strcpy
 .text.avr-libc
                0x000043ac       0x16 c:/program files (x86)/atmel/studio/7.0/toolchain/avr8/avr8-gnu-toolchain/bin/../lib/gcc/avr/5.4.0/../../../../avr/lib/avr5\libc.a(itoa_ncheck.o)
                0x000043ac                __itoa_ncheck
 .text.avr-libc
                0x000043c2       0x34 c:/program files (x86)/atmel/studio/7.0/toolchain/avr8/avr8-gnu-toolchain/bin/../lib/gcc/avr/5.4.0/../../../../avr/lib/avr5\libc.a(utoa_ncheck.o)
                0x000043c2                __utoa_ncheck
                0x000043c4                __utoa_common
 .text.avr-libc
                0x000043f6       0x20 c:/program files (x86)/atmel/studio/7.0/toolchain/avr8/avr8-gnu-toolchain/bin/../lib/gcc/avr/5.4.0/../../../../avr/lib/avr5\libc.a(strrev.o)
                0x000043f6                strrev
                0x00004416                . = ALIGN (0x2)
 *(.fini9)
 .fini9         0x00004416        0x0 c:/program files (x86)/atmel/studio/7.0/toolchain/avr8/avr8-gnu-toolchain/bin/../lib/gcc/avr/5.4.0/avr5\libgcc.a(_exit.o)
                0x00004416                _exit
                0x00004416                exit
 *(.fini9)
 *(.fini8)
 *(.fini8)
 *(.fini7)
 *(.fini7)
 *(.fini6)
 .fini6         0x00004416       0x16 c:/program files (x86)/atmel/studio/7.0/toolchain/avr8/avr8-gnu-toolchain/bin/../lib/gcc/avr/5.4.0/avr5\libgcc.a(_dtors.o)
                0x00004416                __do_global_dtors
 *(.fini6)
 *(.fini5)
 *(.fini5)
 *(.fini4)
 *(.fini4)
 *(.fini3)
 *(.fini3)
 *(.fini2)
 *(.fini2)
 *(.fini1)
 *(.fini1)
 *(.fini0)
 .fini0         0x0000442c        0x4 c:/program files (x86)/atmel/studio/7.0/toolchain/avr8/avr8-gnu-toolchain/bin/../lib/gcc/avr/5.4.0/avr5\libgcc.a(_exit.o)
 *(.fini0)
                0x00004430                _etext = .

.data           0x00800100      0x17c load address 0x00004430
                0x00800100                PROVIDE (__data_start, .)
 *(.data)
 .data          0x00800100        0x6 c:/program files (x86)/atmel/studio/7.0/toolchain/avr8/avr8-gnu-toolchain/bin/../lib/gcc/avr/5.4.0/../../../../avr/lib/avr5\libc.a(malloc.o)
                0x00800100                __malloc_heap_end
                0x00800102                __malloc_heap_start
                0x00800104                __malloc_margin
 *(.data*)
 .data.intFunc  0x00800106        0x4 C:\Users\aplaf\Desktop\ets\ELE795\firmware_tournesol\firmware_tournesol\ArduinoCore\Debug\libArduinoCore.a(WInterrupts.o)
 .data._ZN8SdVolume17cacheBlockNumber_E
                0x0080010a        0x4 C:\Users\aplaf\Desktop\ets\ELE795\firmware_tournesol\firmware_tournesol\ArduinoCore\Debug\libArduinoCore.a(SdVolume.o)
                0x0080010a                _ZN8SdVolume17cacheBlockNumber_E
 *(.gnu.linkonce.d*)
 *(.rodata)
 *(.rodata*)
 .rodata.str1.1
                0x0080010e       0x7c main.o
 .rodata._ZZ10goto_sleepvE12__FUNCTION__
                0x0080018a        0xb main.o
 .rodata._ZZ12hdc1080_readP8Sensor_tPhE12__FUNCTION__
                0x00800195        0xd main.o
 .rodata._ZZ11as7262_readP8Sensor_tPhE12__FUNCTION__
                0x008001a2        0xc main.o
 .rodata._ZZ12hdc1080_initP8Sensor_tE12__FUNCTION__
                0x008001ae        0xd main.o
 .rodata._ZZ11as7262_initP8Sensor_tE12__FUNCTION__
                0x008001bb        0xc main.o
 .rodata._ZZ22status_blinker_disablevE12__FUNCTION__
                0x008001c7       0x17 main.o
 .rodata._ZZ19status_blinker_initvE12__FUNCTION__
                0x008001de       0x14 main.o
 .rodata._ZZ11ds3231_inithE12__FUNCTION__
                0x008001f2        0xc main.o
 .rodata._ZZ12signal_erroriE12__FUNCTION__
                0x008001fe        0xd main.o
 .rodata._ZZ10save_framePcPhhE12__FUNCTION__
                0x0080020b        0xb main.o
 .rodata._ZZ8checksumPKhjE12__FUNCTION__
                0x00800216        0x9 main.o
 .rodata._ZZ10init_setupvE12__FUNCTION__
                0x0080021f        0xb main.o
 .rodata._ZZ4mainE12__FUNCTION__
                0x0080022a        0x5 main.o
 .rodata._ZTV14HardwareSerial
                0x0080022f       0x12 C:\Users\aplaf\Desktop\ets\ELE795\firmware_tournesol\firmware_tournesol\ArduinoCore\Debug\libArduinoCore.a(HardwareSerial.o)
                0x0080022f                _ZTV14HardwareSerial
 .rodata.str1.1
                0x00800241        0xf C:\Users\aplaf\Desktop\ets\ELE795\firmware_tournesol\firmware_tournesol\ArduinoCore\Debug\libArduinoCore.a(Print.o)
 .rodata._ZL17DS3231_ALARM_ADDR
                0x00800250        0x2 C:\Users\aplaf\Desktop\ets\ELE795\firmware_tournesol\firmware_tournesol\ArduinoCore\Debug\libArduinoCore.a(DS3231.o)
 .rodata._ZL13DAYS_IN_MONTH
                0x00800252        0xc C:\Users\aplaf\Desktop\ets\ELE795\firmware_tournesol\firmware_tournesol\ArduinoCore\Debug\libArduinoCore.a(DS3231.o)
 .rodata._ZTV6SdFile
                0x0080025e        0xc C:\Users\aplaf\Desktop\ets\ELE795\firmware_tournesol\firmware_tournesol\ArduinoCore\Debug\libArduinoCore.a(SdFile.o)
                0x0080025e                _ZTV6SdFile
 .rodata._ZTV7TwoWire
                0x0080026a       0x12 C:\Users\aplaf\Desktop\ets\ELE795\firmware_tournesol\firmware_tournesol\ArduinoCore\Debug\libArduinoCore.a(Wire.o)
                0x0080026a                _ZTV7TwoWire
 *(.gnu.linkonce.r*)
                0x0080027c                . = ALIGN (0x2)
                0x0080027c                _edata = .
                0x0080027c                PROVIDE (__data_end, .)

.bss            0x0080027c      0x3fa
                0x0080027c                PROVIDE (__bss_start, .)
 *(.bss)
 *(.bss*)
 .bss._ZZ10goto_sleepvE10prevADCSRA
                0x0080027c        0x1 main.o
 .bss._ZGVZ10goto_sleepvE10prevADCSRA
                0x0080027d        0x8 main.o
 .bss.wake_flag
                0x00800285        0x1 main.o
                0x00800285                wake_flag
 .bss.initStatus
                0x00800286        0x2 main.o
                0x00800286                initStatus
 .bss.ledState  0x00800288        0x2 main.o
                0x00800288                ledState
 .bss.ds3231_config
                0x0080028a        0x6 main.o
                0x0080028a                ds3231_config
 .bss.hdc1080_sensor
                0x00800290        0x1 main.o
                0x00800290                hdc1080_sensor
 .bss.as7262_sensor
                0x00800291        0x6 main.o
                0x00800291                as7262_sensor
 .bss.hdc1080   0x00800297        0x4 main.o
                0x00800297                hdc1080
 .bss.as7262    0x0080029b        0x4 main.o
                0x0080029b                as7262
 .bss.Serial    0x0080029f       0x9d C:\Users\aplaf\Desktop\ets\ELE795\firmware_tournesol\firmware_tournesol\ArduinoCore\Debug\libArduinoCore.a(HardwareSerial0.o)
                0x0080029f                Serial
 .bss.timer0_fract
                0x0080033c        0x1 C:\Users\aplaf\Desktop\ets\ELE795\firmware_tournesol\firmware_tournesol\ArduinoCore\Debug\libArduinoCore.a(wiring.o)
 .bss.timer0_millis
                0x0080033d        0x4 C:\Users\aplaf\Desktop\ets\ELE795\firmware_tournesol\firmware_tournesol\ArduinoCore\Debug\libArduinoCore.a(wiring.o)
                0x0080033d                timer0_millis
 .bss.timer0_overflow_count
                0x00800341        0x4 C:\Users\aplaf\Desktop\ets\ELE795\firmware_tournesol\firmware_tournesol\ArduinoCore\Debug\libArduinoCore.a(wiring.o)
                0x00800341                timer0_overflow_count
 .bss.ts        0x00800345        0xb C:\Users\aplaf\Desktop\ets\ELE795\firmware_tournesol\firmware_tournesol\ArduinoCore\Debug\libArduinoCore.a(DS3231.o)
                0x00800345                ts
 .bss._ZN5SDLib2SDE
                0x00800350       0x49 C:\Users\aplaf\Desktop\ets\ELE795\firmware_tournesol\firmware_tournesol\ArduinoCore\Debug\libArduinoCore.a(SD.o)
                0x00800350                _ZN5SDLib2SDE
 .bss._ZL20chip_select_asserted
                0x00800399        0x1 C:\Users\aplaf\Desktop\ets\ELE795\firmware_tournesol\firmware_tournesol\ArduinoCore\Debug\libArduinoCore.a(Sd2Card.o)
 .bss._ZL8settings
                0x0080039a        0x2 C:\Users\aplaf\Desktop\ets\ELE795\firmware_tournesol\firmware_tournesol\ArduinoCore\Debug\libArduinoCore.a(Sd2Card.o)
 .bss._ZN6SdFile9dateTime_E
                0x0080039c        0x2 C:\Users\aplaf\Desktop\ets\ELE795\firmware_tournesol\firmware_tournesol\ArduinoCore\Debug\libArduinoCore.a(SdFile.o)
                0x0080039c                _ZN6SdFile9dateTime_E
 .bss._ZN8SdVolume17cacheMirrorBlock_E
                0x0080039e        0x4 C:\Users\aplaf\Desktop\ets\ELE795\firmware_tournesol\firmware_tournesol\ArduinoCore\Debug\libArduinoCore.a(SdVolume.o)
                0x0080039e                _ZN8SdVolume17cacheMirrorBlock_E
 .bss._ZN8SdVolume11cacheDirty_E
                0x008003a2        0x1 C:\Users\aplaf\Desktop\ets\ELE795\firmware_tournesol\firmware_tournesol\ArduinoCore\Debug\libArduinoCore.a(SdVolume.o)
                0x008003a2                _ZN8SdVolume11cacheDirty_E
 .bss._ZN8SdVolume7sdCard_E
                0x008003a3        0x2 C:\Users\aplaf\Desktop\ets\ELE795\firmware_tournesol\firmware_tournesol\ArduinoCore\Debug\libArduinoCore.a(SdVolume.o)
                0x008003a3                _ZN8SdVolume7sdCard_E
 .bss._ZN8SdVolume12cacheBuffer_E
                0x008003a5      0x200 C:\Users\aplaf\Desktop\ets\ELE795\firmware_tournesol\firmware_tournesol\ArduinoCore\Debug\libArduinoCore.a(SdVolume.o)
                0x008003a5                _ZN8SdVolume12cacheBuffer_E
 .bss._ZN8SPIClass13interruptSaveE
                0x008005a5        0x1 C:\Users\aplaf\Desktop\ets\ELE795\firmware_tournesol\firmware_tournesol\ArduinoCore\Debug\libArduinoCore.a(SPI.o)
                0x008005a5                _ZN8SPIClass13interruptSaveE
 .bss._ZN8SPIClass13interruptMaskE
                0x008005a6        0x1 C:\Users\aplaf\Desktop\ets\ELE795\firmware_tournesol\firmware_tournesol\ArduinoCore\Debug\libArduinoCore.a(SPI.o)
                0x008005a6                _ZN8SPIClass13interruptMaskE
 .bss._ZN8SPIClass13interruptModeE
                0x008005a7        0x1 C:\Users\aplaf\Desktop\ets\ELE795\firmware_tournesol\firmware_tournesol\ArduinoCore\Debug\libArduinoCore.a(SPI.o)
                0x008005a7                _ZN8SPIClass13interruptModeE
 .bss.Wire      0x008005a8        0xc C:\Users\aplaf\Desktop\ets\ELE795\firmware_tournesol\firmware_tournesol\ArduinoCore\Debug\libArduinoCore.a(Wire.o)
                0x008005a8                Wire
 .bss._ZN7TwoWire14user_onReceiveE
                0x008005b4        0x2 C:\Users\aplaf\Desktop\ets\ELE795\firmware_tournesol\firmware_tournesol\ArduinoCore\Debug\libArduinoCore.a(Wire.o)
                0x008005b4                _ZN7TwoWire14user_onReceiveE
 .bss._ZN7TwoWire14user_onRequestE
                0x008005b6        0x2 C:\Users\aplaf\Desktop\ets\ELE795\firmware_tournesol\firmware_tournesol\ArduinoCore\Debug\libArduinoCore.a(Wire.o)
                0x008005b6                _ZN7TwoWire14user_onRequestE
 .bss._ZN7TwoWire12transmittingE
                0x008005b8        0x1 C:\Users\aplaf\Desktop\ets\ELE795\firmware_tournesol\firmware_tournesol\ArduinoCore\Debug\libArduinoCore.a(Wire.o)
                0x008005b8                _ZN7TwoWire12transmittingE
 .bss._ZN7TwoWire14txBufferLengthE
                0x008005b9        0x1 C:\Users\aplaf\Desktop\ets\ELE795\firmware_tournesol\firmware_tournesol\ArduinoCore\Debug\libArduinoCore.a(Wire.o)
                0x008005b9                _ZN7TwoWire14txBufferLengthE
 .bss._ZN7TwoWire13txBufferIndexE
                0x008005ba        0x1 C:\Users\aplaf\Desktop\ets\ELE795\firmware_tournesol\firmware_tournesol\ArduinoCore\Debug\libArduinoCore.a(Wire.o)
                0x008005ba                _ZN7TwoWire13txBufferIndexE
 .bss._ZN7TwoWire8txBufferE
                0x008005bb       0x20 C:\Users\aplaf\Desktop\ets\ELE795\firmware_tournesol\firmware_tournesol\ArduinoCore\Debug\libArduinoCore.a(Wire.o)
                0x008005bb                _ZN7TwoWire8txBufferE
 .bss._ZN7TwoWire9txAddressE
                0x008005db        0x1 C:\Users\aplaf\Desktop\ets\ELE795\firmware_tournesol\firmware_tournesol\ArduinoCore\Debug\libArduinoCore.a(Wire.o)
                0x008005db                _ZN7TwoWire9txAddressE
 .bss._ZN7TwoWire14rxBufferLengthE
                0x008005dc        0x1 C:\Users\aplaf\Desktop\ets\ELE795\firmware_tournesol\firmware_tournesol\ArduinoCore\Debug\libArduinoCore.a(Wire.o)
                0x008005dc                _ZN7TwoWire14rxBufferLengthE
 .bss._ZN7TwoWire13rxBufferIndexE
                0x008005dd        0x1 C:\Users\aplaf\Desktop\ets\ELE795\firmware_tournesol\firmware_tournesol\ArduinoCore\Debug\libArduinoCore.a(Wire.o)
                0x008005dd                _ZN7TwoWire13rxBufferIndexE
 .bss._ZN7TwoWire8rxBufferE
                0x008005de       0x20 C:\Users\aplaf\Desktop\ets\ELE795\firmware_tournesol\firmware_tournesol\ArduinoCore\Debug\libArduinoCore.a(Wire.o)
                0x008005de                _ZN7TwoWire8rxBufferE
 .bss.twi_error
                0x008005fe        0x1 C:\Users\aplaf\Desktop\ets\ELE795\firmware_tournesol\firmware_tournesol\ArduinoCore\Debug\libArduinoCore.a(twi.o)
 .bss.twi_rxBufferIndex
                0x008005ff        0x1 C:\Users\aplaf\Desktop\ets\ELE795\firmware_tournesol\firmware_tournesol\ArduinoCore\Debug\libArduinoCore.a(twi.o)
 .bss.twi_rxBuffer
                0x00800600       0x20 C:\Users\aplaf\Desktop\ets\ELE795\firmware_tournesol\firmware_tournesol\ArduinoCore\Debug\libArduinoCore.a(twi.o)
 .bss.twi_txBufferLength
                0x00800620        0x1 C:\Users\aplaf\Desktop\ets\ELE795\firmware_tournesol\firmware_tournesol\ArduinoCore\Debug\libArduinoCore.a(twi.o)
 .bss.twi_txBufferIndex
                0x00800621        0x1 C:\Users\aplaf\Desktop\ets\ELE795\firmware_tournesol\firmware_tournesol\ArduinoCore\Debug\libArduinoCore.a(twi.o)
 .bss.twi_txBuffer
                0x00800622       0x20 C:\Users\aplaf\Desktop\ets\ELE795\firmware_tournesol\firmware_tournesol\ArduinoCore\Debug\libArduinoCore.a(twi.o)
 .bss.twi_masterBufferLength
                0x00800642        0x1 C:\Users\aplaf\Desktop\ets\ELE795\firmware_tournesol\firmware_tournesol\ArduinoCore\Debug\libArduinoCore.a(twi.o)
 .bss.twi_masterBufferIndex
                0x00800643        0x1 C:\Users\aplaf\Desktop\ets\ELE795\firmware_tournesol\firmware_tournesol\ArduinoCore\Debug\libArduinoCore.a(twi.o)
 .bss.twi_masterBuffer
                0x00800644       0x20 C:\Users\aplaf\Desktop\ets\ELE795\firmware_tournesol\firmware_tournesol\ArduinoCore\Debug\libArduinoCore.a(twi.o)
 .bss.twi_onSlaveReceive
                0x00800664        0x2 C:\Users\aplaf\Desktop\ets\ELE795\firmware_tournesol\firmware_tournesol\ArduinoCore\Debug\libArduinoCore.a(twi.o)
 .bss.twi_onSlaveTransmit
                0x00800666        0x2 C:\Users\aplaf\Desktop\ets\ELE795\firmware_tournesol\firmware_tournesol\ArduinoCore\Debug\libArduinoCore.a(twi.o)
 .bss.twi_do_reset_on_timeout
                0x00800668        0x1 C:\Users\aplaf\Desktop\ets\ELE795\firmware_tournesol\firmware_tournesol\ArduinoCore\Debug\libArduinoCore.a(twi.o)
 .bss.twi_timed_out_flag
                0x00800669        0x1 C:\Users\aplaf\Desktop\ets\ELE795\firmware_tournesol\firmware_tournesol\ArduinoCore\Debug\libArduinoCore.a(twi.o)
 .bss.twi_timeout_us
                0x0080066a        0x4 C:\Users\aplaf\Desktop\ets\ELE795\firmware_tournesol\firmware_tournesol\ArduinoCore\Debug\libArduinoCore.a(twi.o)
 .bss.twi_inRepStart
                0x0080066e        0x1 C:\Users\aplaf\Desktop\ets\ELE795\firmware_tournesol\firmware_tournesol\ArduinoCore\Debug\libArduinoCore.a(twi.o)
 .bss.twi_sendStop
                0x0080066f        0x1 C:\Users\aplaf\Desktop\ets\ELE795\firmware_tournesol\firmware_tournesol\ArduinoCore\Debug\libArduinoCore.a(twi.o)
 .bss.twi_slarw
                0x00800670        0x1 C:\Users\aplaf\Desktop\ets\ELE795\firmware_tournesol\firmware_tournesol\ArduinoCore\Debug\libArduinoCore.a(twi.o)
 .bss.twi_state
                0x00800671        0x1 C:\Users\aplaf\Desktop\ets\ELE795\firmware_tournesol\firmware_tournesol\ArduinoCore\Debug\libArduinoCore.a(twi.o)
 *(COMMON)
 COMMON         0x00800672        0x4 c:/program files (x86)/atmel/studio/7.0/toolchain/avr8/avr8-gnu-toolchain/bin/../lib/gcc/avr/5.4.0/../../../../avr/lib/avr5\libc.a(malloc.o)
                0x00800672                __brkval
                0x00800674                __flp
                0x00800676                PROVIDE (__bss_end, .)
                0x00004430                __data_load_start = LOADADDR (.data)
                0x000045ac                __data_load_end = (__data_load_start + SIZEOF (.data))

.noinit         0x00800676        0x0
                [!provide]                PROVIDE (__noinit_start, .)
 *(.noinit*)
                [!provide]                PROVIDE (__noinit_end, .)
                0x00800676                _end = .
                0x00800676                PROVIDE (__heap_start, .)

.eeprom         0x00810000        0x0
 *(.eeprom*)
                0x00810000                __eeprom_end = .

.fuse
 *(.fuse)
 *(.lfuse)
 *(.hfuse)
 *(.efuse)

.lock
 *(.lock*)

.signature
 *(.signature*)

.user_signatures
 *(.user_signatures*)

.stab
 *(.stab)

.stabstr
 *(.stabstr)

.stab.excl
 *(.stab.excl)

.stab.exclstr
 *(.stab.exclstr)

.stab.index
 *(.stab.index)

.stab.indexstr
 *(.stab.indexstr)

.comment        0x00000000       0x30
 *(.comment)
 .comment       0x00000000       0x30 main.o
                                 0x31 (size before relaxing)
 .comment       0x00000030       0x31 C:\Users\aplaf\Desktop\ets\ELE795\firmware_tournesol\firmware_tournesol\ArduinoCore\Debug\libArduinoCore.a(Adafruit_AS726x.o)
 .comment       0x00000030       0x31 C:\Users\aplaf\Desktop\ets\ELE795\firmware_tournesol\firmware_tournesol\ArduinoCore\Debug\libArduinoCore.a(ClosedCube_HDC1080.o)
 .comment       0x00000030       0x31 C:\Users\aplaf\Desktop\ets\ELE795\firmware_tournesol\firmware_tournesol\ArduinoCore\Debug\libArduinoCore.a(HardwareSerial.o)
 .comment       0x00000030       0x31 C:\Users\aplaf\Desktop\ets\ELE795\firmware_tournesol\firmware_tournesol\ArduinoCore\Debug\libArduinoCore.a(HardwareSerial0.o)
 .comment       0x00000030       0x31 C:\Users\aplaf\Desktop\ets\ELE795\firmware_tournesol\firmware_tournesol\ArduinoCore\Debug\libArduinoCore.a(new.o)
 .comment       0x00000030       0x31 C:\Users\aplaf\Desktop\ets\ELE795\firmware_tournesol\firmware_tournesol\ArduinoCore\Debug\libArduinoCore.a(Print.o)
 .comment       0x00000030       0x31 C:\Users\aplaf\Desktop\ets\ELE795\firmware_tournesol\firmware_tournesol\ArduinoCore\Debug\libArduinoCore.a(WInterrupts.o)
 .comment       0x00000030       0x31 C:\Users\aplaf\Desktop\ets\ELE795\firmware_tournesol\firmware_tournesol\ArduinoCore\Debug\libArduinoCore.a(wiring.o)
 .comment       0x00000030       0x31 C:\Users\aplaf\Desktop\ets\ELE795\firmware_tournesol\firmware_tournesol\ArduinoCore\Debug\libArduinoCore.a(wiring_digital.o)
 .comment       0x00000030       0x31 C:\Users\aplaf\Desktop\ets\ELE795\firmware_tournesol\firmware_tournesol\ArduinoCore\Debug\libArduinoCore.a(DS3231.o)
 .comment       0x00000030       0x31 C:\Users\aplaf\Desktop\ets\ELE795\firmware_tournesol\firmware_tournesol\ArduinoCore\Debug\libArduinoCore.a(Adafruit_I2CDevice.o)
 .comment       0x00000030       0x31 C:\Users\aplaf\Desktop\ets\ELE795\firmware_tournesol\firmware_tournesol\ArduinoCore\Debug\libArduinoCore.a(SD.o)
 .comment       0x00000030       0x31 C:\Users\aplaf\Desktop\ets\ELE795\firmware_tournesol\firmware_tournesol\ArduinoCore\Debug\libArduinoCore.a(Sd2Card.o)
 .comment       0x00000030       0x31 C:\Users\aplaf\Desktop\ets\ELE795\firmware_tournesol\firmware_tournesol\ArduinoCore\Debug\libArduinoCore.a(SdFile.o)
 .comment       0x00000030       0x31 C:\Users\aplaf\Desktop\ets\ELE795\firmware_tournesol\firmware_tournesol\ArduinoCore\Debug\libArduinoCore.a(SdVolume.o)
 .comment       0x00000030       0x31 C:\Users\aplaf\Desktop\ets\ELE795\firmware_tournesol\firmware_tournesol\ArduinoCore\Debug\libArduinoCore.a(SPI.o)
 .comment       0x00000030       0x31 C:\Users\aplaf\Desktop\ets\ELE795\firmware_tournesol\firmware_tournesol\ArduinoCore\Debug\libArduinoCore.a(Wire.o)
 .comment       0x00000030       0x31 C:\Users\aplaf\Desktop\ets\ELE795\firmware_tournesol\firmware_tournesol\ArduinoCore\Debug\libArduinoCore.a(hooks.o)
 .comment       0x00000030       0x31 C:\Users\aplaf\Desktop\ets\ELE795\firmware_tournesol\firmware_tournesol\ArduinoCore\Debug\libArduinoCore.a(twi.o)
 .comment       0x00000030       0x31 c:/program files (x86)/atmel/studio/7.0/toolchain/avr8/avr8-gnu-toolchain/bin/../lib/gcc/avr/5.4.0/../../../../avr/lib/avr5\libc.a(malloc.o)

.note.gnu.avr.deviceinfo
                0x00000000       0x40
 .note.gnu.avr.deviceinfo
                0x00000000       0x40 C:/Program Files (x86)/Atmel/Studio/7.0/Packs/atmel/ATmega_DFP/1.6.364/gcc/dev/atmega328p/avr5/crtatmega328p.o

.note.gnu.build-id
 *(.note.gnu.build-id)

.debug
 *(.debug)

.line
 *(.line)

.debug_srcinfo
 *(.debug_srcinfo)

.debug_sfnames
 *(.debug_sfnames)

.debug_aranges  0x00000000      0xae8
 *(.debug_aranges)
 .debug_aranges
                0x00000000       0xa8 main.o
 .debug_aranges
                0x000000a8       0xe0 C:\Users\aplaf\Desktop\ets\ELE795\firmware_tournesol\firmware_tournesol\ArduinoCore\Debug\libArduinoCore.a(Adafruit_AS726x.o)
 .debug_aranges
                0x00000188       0x88 C:\Users\aplaf\Desktop\ets\ELE795\firmware_tournesol\firmware_tournesol\ArduinoCore\Debug\libArduinoCore.a(ClosedCube_HDC1080.o)
 .debug_aranges
                0x00000210       0x68 C:\Users\aplaf\Desktop\ets\ELE795\firmware_tournesol\firmware_tournesol\ArduinoCore\Debug\libArduinoCore.a(HardwareSerial.o)
 .debug_aranges
                0x00000278       0x48 C:\Users\aplaf\Desktop\ets\ELE795\firmware_tournesol\firmware_tournesol\ArduinoCore\Debug\libArduinoCore.a(HardwareSerial0.o)
 .debug_aranges
                0x000002c0       0x30 C:\Users\aplaf\Desktop\ets\ELE795\firmware_tournesol\firmware_tournesol\ArduinoCore\Debug\libArduinoCore.a(new.o)
 .debug_aranges
                0x000002f0      0x100 C:\Users\aplaf\Desktop\ets\ELE795\firmware_tournesol\firmware_tournesol\ArduinoCore\Debug\libArduinoCore.a(Print.o)
 .debug_aranges
                0x000003f0       0x40 C:\Users\aplaf\Desktop\ets\ELE795\firmware_tournesol\firmware_tournesol\ArduinoCore\Debug\libArduinoCore.a(WInterrupts.o)
 .debug_aranges
                0x00000430       0x48 C:\Users\aplaf\Desktop\ets\ELE795\firmware_tournesol\firmware_tournesol\ArduinoCore\Debug\libArduinoCore.a(wiring.o)
 .debug_aranges
                0x00000478       0x38 C:\Users\aplaf\Desktop\ets\ELE795\firmware_tournesol\firmware_tournesol\ArduinoCore\Debug\libArduinoCore.a(wiring_digital.o)
 .debug_aranges
                0x000004b0       0x70 C:\Users\aplaf\Desktop\ets\ELE795\firmware_tournesol\firmware_tournesol\ArduinoCore\Debug\libArduinoCore.a(DS3231.o)
 .debug_aranges
                0x00000520       0x68 C:\Users\aplaf\Desktop\ets\ELE795\firmware_tournesol\firmware_tournesol\ArduinoCore\Debug\libArduinoCore.a(Adafruit_I2CDevice.o)
 .debug_aranges
                0x00000588       0xb8 C:\Users\aplaf\Desktop\ets\ELE795\firmware_tournesol\firmware_tournesol\ArduinoCore\Debug\libArduinoCore.a(SD.o)
 .debug_aranges
                0x00000640      0x100 C:\Users\aplaf\Desktop\ets\ELE795\firmware_tournesol\firmware_tournesol\ArduinoCore\Debug\libArduinoCore.a(Sd2Card.o)
 .debug_aranges
                0x00000740      0x140 C:\Users\aplaf\Desktop\ets\ELE795\firmware_tournesol\firmware_tournesol\ArduinoCore\Debug\libArduinoCore.a(SdFile.o)
 .debug_aranges
                0x00000880       0x68 C:\Users\aplaf\Desktop\ets\ELE795\firmware_tournesol\firmware_tournesol\ArduinoCore\Debug\libArduinoCore.a(SdVolume.o)
 .debug_aranges
                0x000008e8       0x38 C:\Users\aplaf\Desktop\ets\ELE795\firmware_tournesol\firmware_tournesol\ArduinoCore\Debug\libArduinoCore.a(SPI.o)
 .debug_aranges
                0x00000920      0x110 C:\Users\aplaf\Desktop\ets\ELE795\firmware_tournesol\firmware_tournesol\ArduinoCore\Debug\libArduinoCore.a(Wire.o)
 .debug_aranges
                0x00000a30       0x20 C:\Users\aplaf\Desktop\ets\ELE795\firmware_tournesol\firmware_tournesol\ArduinoCore\Debug\libArduinoCore.a(hooks.o)
 .debug_aranges
                0x00000a50       0x98 C:\Users\aplaf\Desktop\ets\ELE795\firmware_tournesol\firmware_tournesol\ArduinoCore\Debug\libArduinoCore.a(twi.o)

.debug_pubnames
 *(.debug_pubnames)

.debug_info     0x00000000    0x251f1
 *(.debug_info .gnu.linkonce.wi.*)
 .debug_info    0x00000000      0x5f4 C:/Program Files (x86)/Atmel/Studio/7.0/Packs/atmel/ATmega_DFP/1.6.364/gcc/dev/atmega328p/avr5/crtatmega328p.o
 .debug_info    0x000005f4     0x567e main.o
 .debug_info    0x00005c72     0x1de9 C:\Users\aplaf\Desktop\ets\ELE795\firmware_tournesol\firmware_tournesol\ArduinoCore\Debug\libArduinoCore.a(Adafruit_AS726x.o)
 .debug_info    0x00007a5b     0x2254 C:\Users\aplaf\Desktop\ets\ELE795\firmware_tournesol\firmware_tournesol\ArduinoCore\Debug\libArduinoCore.a(ClosedCube_HDC1080.o)
 .debug_info    0x00009caf     0x1f64 C:\Users\aplaf\Desktop\ets\ELE795\firmware_tournesol\firmware_tournesol\ArduinoCore\Debug\libArduinoCore.a(HardwareSerial.o)
 .debug_info    0x0000bc13     0x1b16 C:\Users\aplaf\Desktop\ets\ELE795\firmware_tournesol\firmware_tournesol\ArduinoCore\Debug\libArduinoCore.a(HardwareSerial0.o)
 .debug_info    0x0000d729      0x15f C:\Users\aplaf\Desktop\ets\ELE795\firmware_tournesol\firmware_tournesol\ArduinoCore\Debug\libArduinoCore.a(new.o)
 .debug_info    0x0000d888     0x28ff C:\Users\aplaf\Desktop\ets\ELE795\firmware_tournesol\firmware_tournesol\ArduinoCore\Debug\libArduinoCore.a(Print.o)
 .debug_info    0x00010187      0x21c C:\Users\aplaf\Desktop\ets\ELE795\firmware_tournesol\firmware_tournesol\ArduinoCore\Debug\libArduinoCore.a(WInterrupts.o)
 .debug_info    0x000103a3      0x2cb C:\Users\aplaf\Desktop\ets\ELE795\firmware_tournesol\firmware_tournesol\ArduinoCore\Debug\libArduinoCore.a(wiring.o)
 .debug_info    0x0001066e      0x5fe C:\Users\aplaf\Desktop\ets\ELE795\firmware_tournesol\firmware_tournesol\ArduinoCore\Debug\libArduinoCore.a(wiring_digital.o)
 .debug_info    0x00010c6c      0xb06 C:\Users\aplaf\Desktop\ets\ELE795\firmware_tournesol\firmware_tournesol\ArduinoCore\Debug\libArduinoCore.a(DS3231.o)
 .debug_info    0x00011772      0xa6e C:\Users\aplaf\Desktop\ets\ELE795\firmware_tournesol\firmware_tournesol\ArduinoCore\Debug\libArduinoCore.a(Adafruit_I2CDevice.o)
 .debug_info    0x000121e0     0x4e30 C:\Users\aplaf\Desktop\ets\ELE795\firmware_tournesol\firmware_tournesol\ArduinoCore\Debug\libArduinoCore.a(SD.o)
 .debug_info    0x00017010     0x310d C:\Users\aplaf\Desktop\ets\ELE795\firmware_tournesol\firmware_tournesol\ArduinoCore\Debug\libArduinoCore.a(Sd2Card.o)
 .debug_info    0x0001a11d     0x50d1 C:\Users\aplaf\Desktop\ets\ELE795\firmware_tournesol\firmware_tournesol\ArduinoCore\Debug\libArduinoCore.a(SdFile.o)
 .debug_info    0x0001f1ee     0x276e C:\Users\aplaf\Desktop\ets\ELE795\firmware_tournesol\firmware_tournesol\ArduinoCore\Debug\libArduinoCore.a(SdVolume.o)
 .debug_info    0x0002195c      0x66b C:\Users\aplaf\Desktop\ets\ELE795\firmware_tournesol\firmware_tournesol\ArduinoCore\Debug\libArduinoCore.a(SPI.o)
 .debug_info    0x00021fc7     0x2910 C:\Users\aplaf\Desktop\ets\ELE795\firmware_tournesol\firmware_tournesol\ArduinoCore\Debug\libArduinoCore.a(Wire.o)
 .debug_info    0x000248d7       0x3e C:\Users\aplaf\Desktop\ets\ELE795\firmware_tournesol\firmware_tournesol\ArduinoCore\Debug\libArduinoCore.a(hooks.o)
 .debug_info    0x00024915      0x8dc C:\Users\aplaf\Desktop\ets\ELE795\firmware_tournesol\firmware_tournesol\ArduinoCore\Debug\libArduinoCore.a(twi.o)

.debug_abbrev   0x00000000     0x56a8
 *(.debug_abbrev)
 .debug_abbrev  0x00000000      0x5a2 C:/Program Files (x86)/Atmel/Studio/7.0/Packs/atmel/ATmega_DFP/1.6.364/gcc/dev/atmega328p/avr5/crtatmega328p.o
 .debug_abbrev  0x000005a2      0x953 main.o
 .debug_abbrev  0x00000ef5      0x459 C:\Users\aplaf\Desktop\ets\ELE795\firmware_tournesol\firmware_tournesol\ArduinoCore\Debug\libArduinoCore.a(Adafruit_AS726x.o)
 .debug_abbrev  0x0000134e      0x48b C:\Users\aplaf\Desktop\ets\ELE795\firmware_tournesol\firmware_tournesol\ArduinoCore\Debug\libArduinoCore.a(ClosedCube_HDC1080.o)
 .debug_abbrev  0x000017d9      0x4b7 C:\Users\aplaf\Desktop\ets\ELE795\firmware_tournesol\firmware_tournesol\ArduinoCore\Debug\libArduinoCore.a(HardwareSerial.o)
 .debug_abbrev  0x00001c90      0x3ce C:\Users\aplaf\Desktop\ets\ELE795\firmware_tournesol\firmware_tournesol\ArduinoCore\Debug\libArduinoCore.a(HardwareSerial0.o)
 .debug_abbrev  0x0000205e      0x109 C:\Users\aplaf\Desktop\ets\ELE795\firmware_tournesol\firmware_tournesol\ArduinoCore\Debug\libArduinoCore.a(new.o)
 .debug_abbrev  0x00002167      0x47a C:\Users\aplaf\Desktop\ets\ELE795\firmware_tournesol\firmware_tournesol\ArduinoCore\Debug\libArduinoCore.a(Print.o)
 .debug_abbrev  0x000025e1       0xfc C:\Users\aplaf\Desktop\ets\ELE795\firmware_tournesol\firmware_tournesol\ArduinoCore\Debug\libArduinoCore.a(WInterrupts.o)
 .debug_abbrev  0x000026dd      0x146 C:\Users\aplaf\Desktop\ets\ELE795\firmware_tournesol\firmware_tournesol\ArduinoCore\Debug\libArduinoCore.a(wiring.o)
 .debug_abbrev  0x00002823      0x15b C:\Users\aplaf\Desktop\ets\ELE795\firmware_tournesol\firmware_tournesol\ArduinoCore\Debug\libArduinoCore.a(wiring_digital.o)
 .debug_abbrev  0x0000297e      0x2a4 C:\Users\aplaf\Desktop\ets\ELE795\firmware_tournesol\firmware_tournesol\ArduinoCore\Debug\libArduinoCore.a(DS3231.o)
 .debug_abbrev  0x00002c22      0x36f C:\Users\aplaf\Desktop\ets\ELE795\firmware_tournesol\firmware_tournesol\ArduinoCore\Debug\libArduinoCore.a(Adafruit_I2CDevice.o)
 .debug_abbrev  0x00002f91      0x840 C:\Users\aplaf\Desktop\ets\ELE795\firmware_tournesol\firmware_tournesol\ArduinoCore\Debug\libArduinoCore.a(SD.o)
 .debug_abbrev  0x000037d1      0x640 C:\Users\aplaf\Desktop\ets\ELE795\firmware_tournesol\firmware_tournesol\ArduinoCore\Debug\libArduinoCore.a(Sd2Card.o)
 .debug_abbrev  0x00003e11      0x810 C:\Users\aplaf\Desktop\ets\ELE795\firmware_tournesol\firmware_tournesol\ArduinoCore\Debug\libArduinoCore.a(SdFile.o)
 .debug_abbrev  0x00004621      0x585 C:\Users\aplaf\Desktop\ets\ELE795\firmware_tournesol\firmware_tournesol\ArduinoCore\Debug\libArduinoCore.a(SdVolume.o)
 .debug_abbrev  0x00004ba6      0x283 C:\Users\aplaf\Desktop\ets\ELE795\firmware_tournesol\firmware_tournesol\ArduinoCore\Debug\libArduinoCore.a(SPI.o)
 .debug_abbrev  0x00004e29      0x563 C:\Users\aplaf\Desktop\ets\ELE795\firmware_tournesol\firmware_tournesol\ArduinoCore\Debug\libArduinoCore.a(Wire.o)
 .debug_abbrev  0x0000538c       0x2a C:\Users\aplaf\Desktop\ets\ELE795\firmware_tournesol\firmware_tournesol\ArduinoCore\Debug\libArduinoCore.a(hooks.o)
 .debug_abbrev  0x000053b6      0x2f2 C:\Users\aplaf\Desktop\ets\ELE795\firmware_tournesol\firmware_tournesol\ArduinoCore\Debug\libArduinoCore.a(twi.o)

.debug_line     0x00000000     0x732a
 *(.debug_line .debug_line.* .debug_line_end)
 .debug_line    0x00000000      0x134 C:/Program Files (x86)/Atmel/Studio/7.0/Packs/atmel/ATmega_DFP/1.6.364/gcc/dev/atmega328p/avr5/crtatmega328p.o
 .debug_line    0x00000134      0x92e main.o
 .debug_line    0x00000a62      0x78d C:\Users\aplaf\Desktop\ets\ELE795\firmware_tournesol\firmware_tournesol\ArduinoCore\Debug\libArduinoCore.a(Adafruit_AS726x.o)
 .debug_line    0x000011ef      0x490 C:\Users\aplaf\Desktop\ets\ELE795\firmware_tournesol\firmware_tournesol\ArduinoCore\Debug\libArduinoCore.a(ClosedCube_HDC1080.o)
 .debug_line    0x0000167f      0x4d9 C:\Users\aplaf\Desktop\ets\ELE795\firmware_tournesol\firmware_tournesol\ArduinoCore\Debug\libArduinoCore.a(HardwareSerial.o)
 .debug_line    0x00001b58      0x2a1 C:\Users\aplaf\Desktop\ets\ELE795\firmware_tournesol\firmware_tournesol\ArduinoCore\Debug\libArduinoCore.a(HardwareSerial0.o)
 .debug_line    0x00001df9      0x145 C:\Users\aplaf\Desktop\ets\ELE795\firmware_tournesol\firmware_tournesol\ArduinoCore\Debug\libArduinoCore.a(new.o)
 .debug_line    0x00001f3e      0x69a C:\Users\aplaf\Desktop\ets\ELE795\firmware_tournesol\firmware_tournesol\ArduinoCore\Debug\libArduinoCore.a(Print.o)
 .debug_line    0x000025d8      0x1b7 C:\Users\aplaf\Desktop\ets\ELE795\firmware_tournesol\firmware_tournesol\ArduinoCore\Debug\libArduinoCore.a(WInterrupts.o)
 .debug_line    0x0000278f      0x2ae C:\Users\aplaf\Desktop\ets\ELE795\firmware_tournesol\firmware_tournesol\ArduinoCore\Debug\libArduinoCore.a(wiring.o)
 .debug_line    0x00002a3d      0x267 C:\Users\aplaf\Desktop\ets\ELE795\firmware_tournesol\firmware_tournesol\ArduinoCore\Debug\libArduinoCore.a(wiring_digital.o)
 .debug_line    0x00002ca4      0x588 C:\Users\aplaf\Desktop\ets\ELE795\firmware_tournesol\firmware_tournesol\ArduinoCore\Debug\libArduinoCore.a(DS3231.o)
 .debug_line    0x0000322c      0x3d1 C:\Users\aplaf\Desktop\ets\ELE795\firmware_tournesol\firmware_tournesol\ArduinoCore\Debug\libArduinoCore.a(Adafruit_I2CDevice.o)
 .debug_line    0x000035fd      0x821 C:\Users\aplaf\Desktop\ets\ELE795\firmware_tournesol\firmware_tournesol\ArduinoCore\Debug\libArduinoCore.a(SD.o)
 .debug_line    0x00003e1e      0xbaa C:\Users\aplaf\Desktop\ets\ELE795\firmware_tournesol\firmware_tournesol\ArduinoCore\Debug\libArduinoCore.a(Sd2Card.o)
 .debug_line    0x000049c8     0x1316 C:\Users\aplaf\Desktop\ets\ELE795\firmware_tournesol\firmware_tournesol\ArduinoCore\Debug\libArduinoCore.a(SdFile.o)
 .debug_line    0x00005cde      0x60c C:\Users\aplaf\Desktop\ets\ELE795\firmware_tournesol\firmware_tournesol\ArduinoCore\Debug\libArduinoCore.a(SdVolume.o)
 .debug_line    0x000062ea      0x2f8 C:\Users\aplaf\Desktop\ets\ELE795\firmware_tournesol\firmware_tournesol\ArduinoCore\Debug\libArduinoCore.a(SPI.o)
 .debug_line    0x000065e2      0x637 C:\Users\aplaf\Desktop\ets\ELE795\firmware_tournesol\firmware_tournesol\ArduinoCore\Debug\libArduinoCore.a(Wire.o)
 .debug_line    0x00006c19       0x41 C:\Users\aplaf\Desktop\ets\ELE795\firmware_tournesol\firmware_tournesol\ArduinoCore\Debug\libArduinoCore.a(hooks.o)
 .debug_line    0x00006c5a      0x6d0 C:\Users\aplaf\Desktop\ets\ELE795\firmware_tournesol\firmware_tournesol\ArduinoCore\Debug\libArduinoCore.a(twi.o)

.debug_frame    0x00000000     0x296c
 *(.debug_frame)
 .debug_frame   0x00000000      0x250 main.o
 .debug_frame   0x00000250      0x370 C:\Users\aplaf\Desktop\ets\ELE795\firmware_tournesol\firmware_tournesol\ArduinoCore\Debug\libArduinoCore.a(Adafruit_AS726x.o)
 .debug_frame   0x000005c0      0x188 C:\Users\aplaf\Desktop\ets\ELE795\firmware_tournesol\firmware_tournesol\ArduinoCore\Debug\libArduinoCore.a(ClosedCube_HDC1080.o)
 .debug_frame   0x00000748      0x110 C:\Users\aplaf\Desktop\ets\ELE795\firmware_tournesol\firmware_tournesol\ArduinoCore\Debug\libArduinoCore.a(HardwareSerial.o)
 .debug_frame   0x00000858       0xe0 C:\Users\aplaf\Desktop\ets\ELE795\firmware_tournesol\firmware_tournesol\ArduinoCore\Debug\libArduinoCore.a(HardwareSerial0.o)
 .debug_frame   0x00000938       0x64 C:\Users\aplaf\Desktop\ets\ELE795\firmware_tournesol\firmware_tournesol\ArduinoCore\Debug\libArduinoCore.a(new.o)
 .debug_frame   0x0000099c      0x3ac C:\Users\aplaf\Desktop\ets\ELE795\firmware_tournesol\firmware_tournesol\ArduinoCore\Debug\libArduinoCore.a(Print.o)
 .debug_frame   0x00000d48       0xf4 C:\Users\aplaf\Desktop\ets\ELE795\firmware_tournesol\firmware_tournesol\ArduinoCore\Debug\libArduinoCore.a(WInterrupts.o)
 .debug_frame   0x00000e3c       0xc4 C:\Users\aplaf\Desktop\ets\ELE795\firmware_tournesol\firmware_tournesol\ArduinoCore\Debug\libArduinoCore.a(wiring.o)
 .debug_frame   0x00000f00       0x7c C:\Users\aplaf\Desktop\ets\ELE795\firmware_tournesol\firmware_tournesol\ArduinoCore\Debug\libArduinoCore.a(wiring_digital.o)
 .debug_frame   0x00000f7c      0x1cc C:\Users\aplaf\Desktop\ets\ELE795\firmware_tournesol\firmware_tournesol\ArduinoCore\Debug\libArduinoCore.a(DS3231.o)
 .debug_frame   0x00001148      0x1a8 C:\Users\aplaf\Desktop\ets\ELE795\firmware_tournesol\firmware_tournesol\ArduinoCore\Debug\libArduinoCore.a(Adafruit_I2CDevice.o)
 .debug_frame   0x000012f0      0x324 C:\Users\aplaf\Desktop\ets\ELE795\firmware_tournesol\firmware_tournesol\ArduinoCore\Debug\libArduinoCore.a(SD.o)
 .debug_frame   0x00001614      0x464 C:\Users\aplaf\Desktop\ets\ELE795\firmware_tournesol\firmware_tournesol\ArduinoCore\Debug\libArduinoCore.a(Sd2Card.o)
 .debug_frame   0x00001a78      0x71c C:\Users\aplaf\Desktop\ets\ELE795\firmware_tournesol\firmware_tournesol\ArduinoCore\Debug\libArduinoCore.a(SdFile.o)
 .debug_frame   0x00002194      0x2a0 C:\Users\aplaf\Desktop\ets\ELE795\firmware_tournesol\firmware_tournesol\ArduinoCore\Debug\libArduinoCore.a(SdVolume.o)
 .debug_frame   0x00002434       0x5c C:\Users\aplaf\Desktop\ets\ELE795\firmware_tournesol\firmware_tournesol\ArduinoCore\Debug\libArduinoCore.a(SPI.o)
 .debug_frame   0x00002490      0x2b0 C:\Users\aplaf\Desktop\ets\ELE795\firmware_tournesol\firmware_tournesol\ArduinoCore\Debug\libArduinoCore.a(Wire.o)
 .debug_frame   0x00002740       0x24 C:\Users\aplaf\Desktop\ets\ELE795\firmware_tournesol\firmware_tournesol\ArduinoCore\Debug\libArduinoCore.a(hooks.o)
 .debug_frame   0x00002764      0x208 C:\Users\aplaf\Desktop\ets\ELE795\firmware_tournesol\firmware_tournesol\ArduinoCore\Debug\libArduinoCore.a(twi.o)

.debug_str      0x00000000     0x7116
 *(.debug_str)
 .debug_str     0x00000000      0x208 C:/Program Files (x86)/Atmel/Studio/7.0/Packs/atmel/ATmega_DFP/1.6.364/gcc/dev/atmega328p/avr5/crtatmega328p.o
 .debug_str     0x00000208     0x3d0d main.o
                               0x3f72 (size before relaxing)
 .debug_str     0x00003f15      0x32a C:\Users\aplaf\Desktop\ets\ELE795\firmware_tournesol\firmware_tournesol\ArduinoCore\Debug\libArduinoCore.a(Adafruit_AS726x.o)
                               0x11c3 (size before relaxing)
 .debug_str     0x0000423f      0x598 C:\Users\aplaf\Desktop\ets\ELE795\firmware_tournesol\firmware_tournesol\ArduinoCore\Debug\libArduinoCore.a(ClosedCube_HDC1080.o)
                               0x186f (size before relaxing)
 .debug_str     0x000047d7      0x3d3 C:\Users\aplaf\Desktop\ets\ELE795\firmware_tournesol\firmware_tournesol\ArduinoCore\Debug\libArduinoCore.a(HardwareSerial.o)
                               0x161a (size before relaxing)
 .debug_str     0x00004baa       0x86 C:\Users\aplaf\Desktop\ets\ELE795\firmware_tournesol\firmware_tournesol\ArduinoCore\Debug\libArduinoCore.a(HardwareSerial0.o)
                               0x140d (size before relaxing)